Component: ARM Compiler 5.05 update 1 (build 106) Tool: armlink [4d0efa]

==============================================================================

Section Cross References

    main.o(i.AFC_18B20) refers to aeabi_sdivfast.o(.text) for __aeabi_idivmod
    main.o(i.AFC_18B20) refers to main.o(.data) for .data
    main.o(i.AFC_18B20) refers to main.o(.constdata) for .constdata
    main.o(i.AFC_18B20) refers to conf.o(.data) for config
    main.o(i.AFC_I) refers to aeabi_sdivfast.o(.text) for __aeabi_uidivmod
    main.o(i.AFC_I) refers to conf.o(.data) for config
    main.o(i.AFC_I) refers to main.o(.data) for .data
    main.o(i.AFC_KK) refers to aeabi_sdivfast.o(.text) for __aeabi_uidivmod
    main.o(i.AFC_KK) refers to conf.o(.data) for config
    main.o(i.AFC_KK) refers to main.o(.data) for .data
    main.o(i.AFC_P) refers to aeabi_sdivfast.o(.text) for __aeabi_uidivmod
    main.o(i.AFC_P) refers to conf.o(.data) for config
    main.o(i.AFC_P) refers to main.o(.data) for .data
    main.o(i.AFC_PF) refers to aeabi_sdivfast.o(.text) for __aeabi_uidivmod
    main.o(i.AFC_PF) refers to conf.o(.data) for config
    main.o(i.AFC_PF) refers to main.o(.data) for .data
    main.o(i.AFC_Z) refers to aeabi_sdivfast.o(.text) for __aeabi_uidivmod
    main.o(i.AFC_Z) refers to conf.o(.data) for config
    main.o(i.AFC_Z) refers to main.o(.data) for .data
    main.o(i.AutoTempMode) refers to dds.o(i.start_dds) for start_dds
    main.o(i.AutoTempMode) refers to dds.o(i.stop_dds) for stop_dds
    main.o(i.AutoTempMode) refers to main.o(.data) for .data
    main.o(i.AutoTempMode) refers to conf.o(.data) for config
    main.o(i.AutoTempMode) refers to conf.o(.data) for CurrentStatus
    main.o(i.Delay) refers to stm32f0xx_iwdg.o(i.IWDG_ReloadCounter) for IWDG_ReloadCounter
    main.o(i.On1ms) refers to main.o(.data) for .data
    main.o(i.Search_PF_AFC_P) refers to aeabi_sdivfast.o(.text) for __aeabi_uidivmod
    main.o(i.Search_PF_AFC_P) refers to conf.o(.data) for config
    main.o(i.Search_PF_AFC_P) refers to main.o(.data) for .data
    main.o(i.getModel) refers to stm32f0xx_rcc.o(i.RCC_AHBPeriphClockCmd) for RCC_AHBPeriphClockCmd
    main.o(i.getModel) refers to stm32f0xx_gpio.o(i.GPIO_Init) for GPIO_Init
    main.o(i.getModel) refers to stm32f0xx_gpio.o(i.GPIO_ReadInputDataBit) for GPIO_ReadInputDataBit
    main.o(i.initModel) refers to stm32f0xx_rcc.o(i.RCC_AHBPeriphClockCmd) for RCC_AHBPeriphClockCmd
    main.o(i.initModel) refers to stm32f0xx_gpio.o(i.GPIO_Init) for GPIO_Init
    main.o(i.initModel) refers to stm32f0xx_gpio.o(i.GPIO_ReadInputDataBit) for GPIO_ReadInputDataBit
    main.o(i.initModel) refers to main.o(.data) for .data
    main.o(i.main) refers to stm32f030.o(i.initWatchdog) for initWatchdog
    main.o(i.main) refers to conf.o(i.initSelfTestPort) for initSelfTestPort
    main.o(i.main) refers to stm32f0xx_gpio.o(i.GPIO_SetBits) for GPIO_SetBits
    main.o(i.main) refers to stm32f030.o(i.initPLL) for initPLL
    main.o(i.main) refers to main.o(i.initModel) for initModel
    main.o(i.main) refers to stm32f051_flash.o(i.initEEPROM) for initEEPROM
    main.o(i.main) refers to stm32f030.o(i.init485) for init485
    main.o(i.main) refers to stm32f0xx_emu.o(i.initDSP) for initDSP
    main.o(i.main) refers to dds.o(i.init_dds) for init_dds
    main.o(i.main) refers to stm32f030.o(i.initSysTick1ms) for initSysTick1ms
    main.o(i.main) refers to ds18b20.o(i.initDS18B20) for initDS18B20
    main.o(i.main) refers to stm32f0xx_iwdg.o(i.IWDG_ReloadCounter) for IWDG_ReloadCounter
    main.o(i.main) refers to modbus.o(i.modbusLoop) for modbusLoop
    main.o(i.main) refers to aeabi_sdivfast.o(.text) for __aeabi_uidivmod
    main.o(i.main) refers to dds.o(i.start_dds) for start_dds
    main.o(i.main) refers to dds.o(i.stop_dds) for stop_dds
    main.o(i.main) refers to stm32f0xx_rcc.o(i.RCC_AHBPeriphClockCmd) for RCC_AHBPeriphClockCmd
    main.o(i.main) refers to stm32f0xx_gpio.o(i.GPIO_Init) for GPIO_Init
    main.o(i.main) refers to stm32f0xx_gpio.o(i.GPIO_ReadInputDataBit) for GPIO_ReadInputDataBit
    main.o(i.main) refers to main.o(i.testError) for testError
    main.o(i.main) refers to dds.o(i.is_dds_start) for is_dds_start
    main.o(i.main) refers to main.o(i.AFC_P) for AFC_P
    main.o(i.main) refers to dds.o(i.update_freq) for update_freq
    main.o(i.main) refers to stm32f0xx_emu.o(i.getTemp) for getTemp
    main.o(i.main) refers to conf.o(.data) for config
    main.o(i.main) refers to main.o(.data) for .data
    main.o(i.main) refers to conf.o(.data) for CurrentStatus
    main.o(i.main) refers to main.o(.constdata) for .constdata
    main.o(i.p_control) refers to aeabi_sdivfast.o(.text) for __aeabi_idivmod
    main.o(i.p_control) refers to main.o(.data) for .data
    main.o(i.p_control) refers to conf.o(.data) for config
    main.o(i.q_control) refers to aeabi_sdivfast.o(.text) for __aeabi_idivmod
    main.o(i.q_control) refers to main.o(.data) for .data
[...]
    ../clib/angel/kernel.s                   0x00000000   Number         0  rtexit2.o ABSOLUTE
    ../clib/angel/kernel.s                   0x00000000   Number         0  __rtentry.o ABSOLUTE
    ../clib/angel/kernel.s                   0x00000000   Number         0  rtexit.o ABSOLUTE
    ../clib/angel/rt.s                       0x00000000   Number         0  aeabi_ldiv0.o ABSOLUTE
    ../clib/angel/rt.s                       0x00000000   Number         0  aeabi_idiv0_sigfpe.o ABSOLUTE
    ../clib/angel/rt.s                       0x00000000   Number         0  rt_div0.o ABSOLUTE
    ../clib/angel/rt.s                       0x00000000   Number         0  aeabi_ldiv0_sigfpe.o ABSOLUTE
    ../clib/angel/rt.s                       0x00000000   Number         0  aeabi_idiv0.o ABSOLUTE
    ../clib/angel/rt.s                       0x00000000   Number         0  rt_raise.o ABSOLUTE
    ../clib/angel/scatterp.s                 0x00000000   Number         0  __scatter.o ABSOLUTE
    ../clib/angel/startup.s                  0x00000000   Number         0  __main.o ABSOLUTE
    ../clib/angel/sys.s                      0x00000000   Number         0  sys_stackheap_outer.o ABSOLUTE
    ../clib/angel/sys.s                      0x00000000   Number         0  indicate_semi.o ABSOLUTE
    ../clib/angel/sys.s                      0x00000000   Number         0  libspace.o ABSOLUTE
    ../clib/angel/sys.s                      0x00000000   Number         0  use_no_semi.o ABSOLUTE
    ../clib/angel/sys.s                      0x00000000   Number         0  tempstk.o ABSOLUTE
    ../clib/angel/sysapp.c                   0x00000000   Number         0  sys_command.o ABSOLUTE
    ../clib/angel/sysapp.c                   0x00000000   Number         0  sys_exit.o ABSOLUTE
    ../clib/angel/sysapp.c                   0x00000000   Number         0  sys_wrch.o ABSOLUTE
    ../clib/armsys.c                         0x00000000   Number         0  argv_veneer.o ABSOLUTE
    ../clib/armsys.c                         0x00000000   Number         0  _get_argv_nomalloc.o ABSOLUTE
    ../clib/armsys.c                         0x00000000   Number         0  no_argv.o ABSOLUTE
    ../clib/division.c                       0x00000000   Number         0  lludiv.o ABSOLUTE
    ../clib/division.s                       0x00000000   Number         0  aeabi_sdivfast_div0.o ABSOLUTE
    ../clib/division.s                       0x00000000   Number         0  aeabi_sdivfast.o ABSOLUTE
    ../clib/heapalloc.c                      0x00000000   Number         0  hrguard.o ABSOLUTE
    ../clib/heapaux.c                        0x00000000   Number         0  heapauxi.o ABSOLUTE
    ../clib/libinit.s                        0x00000000   Number         0  libinit2.o ABSOLUTE
    ../clib/libinit.s                        0x00000000   Number         0  libinit.o ABSOLUTE
    ../clib/libinit.s                        0x00000000   Number         0  libshutdown2.o ABSOLUTE
    ../clib/libinit.s                        0x00000000   Number         0  libshutdown.o ABSOLUTE
    ../clib/longlong.c                       0x00000000   Number         0  llmul.o ABSOLUTE
    ../clib/signal.c                         0x00000000   Number         0  defsig_exit.o ABSOLUTE
    ../clib/signal.c                         0x00000000   Number         0  defsig_fpe_inner.o ABSOLUTE
    ../clib/signal.c                         0x00000000   Number         0  defsig_fpe_formal.o ABSOLUTE
    ../clib/signal.c                         0x00000000   Number         0  defsig_fpe_outer.o ABSOLUTE
    ../clib/signal.c                         0x00000000   Number         0  defsig_rtmem_inner.o ABSOLUTE
    ../clib/signal.c                         0x00000000   Number         0  defsig_other.o ABSOLUTE
    ../clib/signal.c                         0x00000000   Number         0  defsig_abrt_inner.o ABSOLUTE
    ../clib/signal.c                         0x00000000   Number         0  defsig_rtred_inner.o ABSOLUTE
    ../clib/signal.c                         0x00000000   Number         0  defsig_rtmem_outer.o ABSOLUTE
    ../clib/signal.c                         0x00000000   Number         0  defsig_rtmem_formal.o ABSOLUTE
    ../clib/signal.c                         0x00000000   Number         0  defsig_stak_inner.o ABSOLUTE
    ../clib/signal.c                         0x00000000   Number         0  defsig_pvfn_inner.o ABSOLUTE
    ../clib/signal.c                         0x00000000   Number         0  defsig_cppl_inner.o ABSOLUTE
    ../clib/signal.c                         0x00000000   Number         0  defsig_segv_inner.o ABSOLUTE
    ../clib/signal.c                         0x00000000   Number         0  defsig_general.o ABSOLUTE
    ../clib/signal.c                         0x00000000   Number         0  __raise.o ABSOLUTE
    ../clib/signal.s                         0x00000000   Number         0  defsig.o ABSOLUTE
    ../clib/stdlib.c                         0x00000000   Number         0  exit.o ABSOLUTE
    ../fplib/cfplib/ffix.c                   0x00000000   Number         0  ffixi.o ABSOLUTE
    ../fplib/cfplib/fpinit.c                 0x00000000   Number         0  fpinit.o ABSOLUTE
    ../fplib/usenofp.s                       0x00000000   Number         0  usenofp.o ABSOLUTE
    ..\..\dspcpu\STM32F0X_FWLIB\src\stm32f0xx_adc.c 0x00000000   Number         0  stm32f0xx_adc.o ABSOLUTE
    ..\..\dspcpu\STM32F0X_FWLIB\src\stm32f0xx_dbgmcu.c 0x00000000   Number         0  stm32f0xx_dbgmcu.o ABSOLUTE
    ..\..\dspcpu\STM32F0X_FWLIB\src\stm32f0xx_dma.c 0x00000000   Number         0  stm32f0xx_dma.o ABSOLUTE
    ..\..\dspcpu\STM32F0X_FWLIB\src\stm32f0xx_exti.c 0x00000000   Number         0  stm32f0xx_exti.o ABSOLUTE
    ..\..\dspcpu\STM32F0X_FWLIB\src\stm32f0xx_flash.c 0x00000000   Number         0  stm32f0xx_flash.o ABSOLUTE
    ..\..\dspcpu\STM32F0X_FWLIB\src\stm32f0xx_gpio.c 0x00000000   Number         0  stm32f0xx_gpio.o ABSOLUTE
    ..\..\dspcpu\STM32F0X_FWLIB\src\stm32f0xx_iwdg.c 0x00000000   Number         0  stm32f0xx_iwdg.o ABSOLUTE
    ..\..\dspcpu\STM32F0X_FWLIB\src\stm32f0xx_misc.c 0x00000000   Number         0  stm32f0xx_misc.o ABSOLUTE
    ..\..\dspcpu\STM32F0X_FWLIB\src\stm32f0xx_pwr.c 0x00000000   Number         0  stm32f0xx_pwr.o ABSOLUTE
    ..\..\dspcpu\STM32F0X_FWLIB\src\stm32f0xx_rcc.c 0x00000000   Number         0  stm32f0xx_rcc.o ABSOLUTE
    ..\..\dspcpu\STM32F0X_FWLIB\src\stm32f0xx_rtc.c 0x00000000   Number         0  stm32f0xx_rtc.o ABSOLUTE
    ..\..\dspcpu\STM32F0X_FWLIB\src\stm32f0xx_syscfg.c 0x00000000   Number         0  stm32f0xx_syscfg.o ABSOLUTE
    ..\..\dspcpu\STM32F0X_FWLIB\src\stm32f0xx_tim.c 0x00000000   Number         0  stm32f0xx_tim.o ABSOLUTE
    ..\..\dspcpu\STM32F0X_FWLIB\src\stm32f0xx_usart.c 0x00000000   Number         0  stm32f0xx_usart.o ABSOLUTE
    ..\..\dspcpu\STM32F0X_FWLIB\src\stm32f0xx_wwdg.c 0x00000000   Number         0  stm32f0xx_wwdg.o ABSOLUTE
    ..\..\dspcpu\stm32f0xx\startup_stm32f031.s 0x00000000   Number         0  startup_stm32f031.o ABSOLUTE
    ..\..\dspcpu\stm32f0xx\stm32f030.c       0x00000000   Number         0  stm32f030.o ABSOLUTE
    ..\..\dspcpu\stm32f0xx\stm32f0xx_emu.c   0x00000000   Number         0  stm32f0xx_emu.o ABSOLUTE
    ..\..\dspcpu\stm32f0xx\stm32f0xx_it.c    0x00000000   Number         0  stm32f0xx_it.o ABSOLUTE
    ..\..\dspcpu\stm32f0xx\system_stm32f0xx.c 0x00000000   Number         0  system_stm32f0xx.o ABSOLUTE
    ..\..\eeprom\STM32F051_Flash.c           0x00000000   Number         0  stm32f051_flash.o ABSOLUTE
    ..\..\main\dds.c                         0x00000000   Number         0  dds.o ABSOLUTE
    ..\..\main\ds18B20.c                     0x00000000   Number         0  ds18b20.o ABSOLUTE
    ..\..\main\main.c                        0x00000000   Number         0  main.o ABSOLUTE
    ..\..\main\power.c                       0x00000000   Number         0  power.o ABSOLUTE
    ..\..\main\tab_sqrt_trig.c               0x00000000   Number         0  tab_sqrt_trig.o ABSOLUTE
    ..\..\modbus\ModBus.c                    0x00000000   Number         0  modbus.o ABSOLUTE
    ..\\..\\dspcpu\\STM32F0X_FWLIB\\src\\stm32f0xx_adc.c 0x00000000   Number         0  stm32f0xx_adc.o ABSOLUTE
    ..\\..\\dspcpu\\STM32F0X_FWLIB\\src\\stm32f0xx_dbgmcu.c 0x00000000   Number         0  stm32f0xx_dbgmcu.o ABSOLUTE
    ..\\..\\dspcpu\\STM32F0X_FWLIB\\src\\stm32f0xx_dma.c 0x00000000   Number         0  stm32f0xx_dma.o ABSOLUTE
    ..\\..\\dspcpu\\STM32F0X_FWLIB\\src\\stm32f0xx_exti.c 0x00000000   Number         0  stm32f0xx_exti.o ABSOLUTE
    ..\\..\\dspcpu\\STM32F0X_FWLIB\\src\\stm32f0xx_flash.c 0x00000000   Number         0  stm32f0xx_flash.o ABSOLUTE
    ..\\..\\dspcpu\\STM32F0X_FWLIB\\src\\stm32f0xx_gpio.c 0x00000000   Number         0  stm32f0xx_gpio.o ABSOLUTE
    ..\\..\\dspcpu\\STM32F0X_FWLIB\\src\\stm32f0xx_iwdg.c 0x00000000   Number         0  stm32f0xx_iwdg.o ABSOLUTE
    ..\\..\\dspcpu\\STM32F0X_FWLIB\\src\\stm32f0xx_misc.c 0x00000000   Number         0  stm32f0xx_misc.o ABSOLUTE
    ..\\..\\dspcpu\\STM32F0X_FWLIB\\src\\stm32f0xx_pwr.c 0x00000000   Number         0  stm32f0xx_pwr.o ABSOLUTE
    ..\\..\\dspcpu\\STM32F0X_FWLIB\\src\\stm32f0xx_rcc.c 0x00000000   Number         0  stm32f0xx_rcc.o ABSOLUTE
    ..\\..\\dspcpu\\STM32F0X_FWLIB\\src\\stm32f0xx_rtc.c 0x00000000   Number         0  stm32f0xx_rtc.o ABSOLUTE
    ..\\..\\dspcpu\\STM32F0X_FWLIB\\src\\stm32f0xx_syscfg.c 0x00000000   Number         0  stm32f0xx_syscfg.o ABSOLUTE
    ..\\..\\dspcpu\\STM32F0X_FWLIB\\src\\stm32f0xx_tim.c 0x00000000   Number         0  stm32f0xx_tim.o ABSOLUTE
    ..\\..\\dspcpu\\STM32F0X_FWLIB\\src\\stm32f0xx_usart.c 0x00000000   Number         0  stm32f0xx_usart.o ABSOLUTE
    ..\\..\\dspcpu\\STM32F0X_FWLIB\\src\\stm32f0xx_wwdg.c 0x00000000   Number         0  stm32f0xx_wwdg.o ABSOLUTE
    ..\\..\\dspcpu\\stm32f0xx\\stm32f030.c   0x00000000   Number         0  stm32f030.o ABSOLUTE
    ..\\..\\dspcpu\\stm32f0xx\\stm32f0xx_emu.c 0x00000000   Number         0  stm32f0xx_emu.o ABSOLUTE
    ..\\..\\dspcpu\\stm32f0xx\\stm32f0xx_it.c 0x00000000   Number         0  stm32f0xx_it.o ABSOLUTE
    ..\\..\\dspcpu\\stm32f0xx\\system_stm32f0xx.c 0x00000000   Number         0  system_stm32f0xx.o ABSOLUTE
    ..\\..\\eeprom\\STM32F051_Flash.c        0x00000000   Number         0  stm32f051_flash.o ABSOLUTE
    ..\\..\\main\\dds.c                      0x00000000   Number         0  dds.o ABSOLUTE
    ..\\..\\main\\ds18B20.c                  0x00000000   Number         0  ds18b20.o ABSOLUTE
    ..\\..\\main\\main.c                     0x00000000   Number         0  main.o ABSOLUTE
    ..\\..\\main\\power.c                    0x00000000   Number         0  power.o ABSOLUTE
    ..\\..\\main\\tab_sqrt_trig.c            0x00000000   Number         0  tab_sqrt_trig.o ABSOLUTE
    ..\\..\\modbus\\ModBus.c                 0x00000000   Number         0  modbus.o ABSOLUTE
    conf.c                                   0x00000000   Number         0  conf.o ABSOLUTE
    conf.c                                   0x00000000   Number         0  conf.o ABSOLUTE
    dc.s                                     0x00000000   Number         0  dc.o ABSOLUTE
    RESET                                    0x08000000   Section      176  startup_stm32f031.o(RESET)
    !!!main                                  0x080000b0   Section        8  __main.o(!!!main)
    !!!scatter                               0x080000b8   Section       60  __scatter.o(!!!scatter)
    !!handler_zi                             0x080000f4   Section       28  __scatter_zi.o(!!handler_zi)
    .ARM.Collect$$libinit$$00000000          0x08000110   Section        2  libinit.o(.ARM.Collect$$libinit$$00000000)
    .ARM.Collect$$libinit$$00000002          0x08000112   Section        0  libinit2.o(.ARM.Collect$$libinit$$00000002)
    .ARM.Collect$$libinit$$00000004          0x08000112   Section        0  libinit2.o(.ARM.Collect$$libinit$$00000004)
    .ARM.Collect$$libinit$$0000000A          0x08000112   Section        0  libinit2.o(.ARM.Collect$$libinit$$0000000A)
    .ARM.Collect$$libinit$$0000000C          0x08000112   Section        0  libinit2.o(.ARM.Collect$$libinit$$0000000C)
    .ARM.Collect$$libinit$$0000000E          0x08000112   Section        0  libinit2.o(.ARM.Collect$$libinit$$0000000E)
    .ARM.Collect$$libinit$$00000011          0x08000112   Section        0  libinit2.o(.ARM.Collect$$libinit$$00000011)
    .ARM.Collect$$libinit$$00000013          0x08000112   Section        0  libinit2.o(.ARM.Collect$$libinit$$00000013)
    .ARM.Collect$$libinit$$00000015          0x08000112   Section        0  libinit2.o(.ARM.Collect$$libinit$$00000015)
    .ARM.Collect$$libinit$$00000017          0x08000112   Section        0  libinit2.o(.ARM.Collect$$libinit$$00000017)
    .ARM.Collect$$libinit$$00000019          0x08000112   Section        0  libinit2.o(.ARM.Collect$$libinit$$00000019)
    .ARM.Collect$$libinit$$0000001B          0x08000112   Section        0  libinit2.o(.ARM.Collect$$libinit$$0000001B)
    .ARM.Collect$$libinit$$0000001D          0x08000112   Section        0  libinit2.o(.ARM.Collect$$libinit$$0000001D)
    .ARM.Collect$$libinit$$0000001F          0x08000112   Section        0  libinit2.o(.ARM.Collect$$libinit$$0000001F)
    .ARM.Collect$$libinit$$00000021          0x08000112   Section        0  libinit2.o(.ARM.Collect$$libinit$$00000021)
    .ARM.Collect$$libinit$$00000023          0x08000112   Section        0  libinit2.o(.ARM.Collect$$libinit$$00000023)
    .ARM.Collect$$libinit$$00000025          0x08000112   Section        0  libinit2.o(.ARM.Collect$$libinit$$00000025)
    .ARM.Collect$$libinit$$0000002C          0x08000112   Section        0  libinit2.o(.ARM.Collect$$libinit$$0000002C)
    .ARM.Collect$$libinit$$0000002E          0x08000112   Section        0  libinit2.o(.ARM.Collect$$libinit$$0000002E)
    .ARM.Collect$$libinit$$00000030          0x08000112   Section        0  libinit2.o(.ARM.Collect$$libinit$$00000030)
    .ARM.Collect$$libinit$$00000032          0x08000112   Section        0  libinit2.o(.ARM.Collect$$libinit$$00000032)
    .ARM.Collect$$libinit$$00000033          0x08000112   Section        2  libinit2.o(.ARM.Collect$$libinit$$00000033)
    .ARM.Collect$$libshutdown$$00000000      0x08000114   Section        2  libshutdown.o(.ARM.Collect$$libshutdown$$00000000)
    .ARM.Collect$$libshutdown$$00000003      0x08000116   Section        0  libshutdown2.o(.ARM.Collect$$libshutdown$$00000003)
    .ARM.Collect$$libshutdown$$00000006      0x08000116   Section        0  libshutdown2.o(.ARM.Collect$$libshutdown$$00000006)
    .ARM.Collect$$libshutdown$$00000009      0x08000116   Section        0  libshutdown2.o(.ARM.Collect$$libshutdown$$00000009)
    .ARM.Collect$$libshutdown$$0000000B      0x08000116   Section        0  libshutdown2.o(.ARM.Collect$$libshutdown$$0000000B)
    .ARM.Collect$$libshutdown$$0000000E      0x08000116   Section        0  libshutdown2.o(.ARM.Collect$$libshutdown$$0000000E)
    .ARM.Collect$$libshutdown$$0000000F      0x08000116   Section        2  libshutdown2.o(.ARM.Collect$$libshutdown$$0000000F)
    .ARM.Collect$$rtentry$$00000000          0x08000118   Section        0  __rtentry.o(.ARM.Collect$$rtentry$$00000000)
    .ARM.Collect$$rtentry$$00000002          0x08000118   Section        0  __rtentry2.o(.ARM.Collect$$rtentry$$00000002)
    .ARM.Collect$$rtentry$$00000004          0x08000118   Section        6  __rtentry4.o(.ARM.Collect$$rtentry$$00000004)
    .ARM.Collect$$rtentry$$00000009          0x0800011e   Section        0  __rtentry2.o(.ARM.Collect$$rtentry$$00000009)
    .ARM.Collect$$rtentry$$0000000A          0x0800011e   Section        4  __rtentry2.o(.ARM.Collect$$rtentry$$0000000A)
    .ARM.Collect$$rtentry$$0000000C          0x08000122   Section        0  __rtentry2.o(.ARM.Collect$$rtentry$$0000000C)
    .ARM.Collect$$rtentry$$0000000D          0x08000122   Section        8  __rtentry2.o(.ARM.Collect$$rtentry$$0000000D)
    .ARM.Collect$$rtexit$$00000000           0x0800012a   Section        2  rtexit.o(.ARM.Collect$$rtexit$$00000000)
    .ARM.Collect$$rtexit$$00000002           0x0800012c   Section        0  rtexit2.o(.ARM.Collect$$rtexit$$00000002)
    .ARM.Collect$$rtexit$$00000003           0x0800012c   Section        4  rtexit2.o(.ARM.Collect$$rtexit$$00000003)
    .ARM.Collect$$rtexit$$00000004           0x08000130   Section        6  rtexit2.o(.ARM.Collect$$rtexit$$00000004)
    .text                                    0x08000138   Section       56  startup_stm32f031.o(.text)
    .text                                    0x08000170   Section        0  llmul.o(.text)
    .text                                    0x080001a0   Section        0  lludiv.o(.text)
    .text                                    0x080002a2   Section      488  aeabi_sdivfast.o(.text)
    .text                                    0x0800048a   Section        0  heapauxi.o(.text)
    .text                                    0x08000490   Section       62  sys_stackheap_outer.o(.text)
    .text                                    0x080004ce   Section        0  exit.o(.text)
    .text                                    0x080004dc   Section        8  libspace.o(.text)
    .text                                    0x080004e4   Section        0  sys_exit.o(.text)
    .text                                    0x080004f0   Section        2  use_no_semi.o(.text)
    .text                                    0x080004f2   Section        0  __dczerorl2.o(.text)
    .text                                    0x080004f2   Section        0  indicate_semi.o(.text)
    i.ADC1_DMA_Init                          0x08000548   Section        0  stm32f0xx_emu.o(i.ADC1_DMA_Init)
    i.ADC_ChannelConfig                      0x08000650   Section        0  stm32f0xx_adc.o(i.ADC_ChannelConfig)
    i.ADC_Cmd                                0x0800065a   Section        0  stm32f0xx_adc.o(i.ADC_Cmd)
    i.ADC_DMACmd                             0x08000670   Section        0  stm32f0xx_adc.o(i.ADC_DMACmd)
    i.ADC_DMARequestModeConfig               0x08000684   Section        0  stm32f0xx_adc.o(i.ADC_DMARequestModeConfig)
    i.ADC_DeInit                             0x08000694   Section        0  stm32f0xx_adc.o(i.ADC_DeInit)
    i.ADC_GetCalibrationFactor               0x080006b8   Section        0  stm32f0xx_adc.o(i.ADC_GetCalibrationFactor)
    i.ADC_GetFlagStatus                      0x080006e6   Section        0  stm32f0xx_adc.o(i.ADC_GetFlagStatus)
    i.ADC_Init                               0x08000704   Section        0  stm32f0xx_adc.o(i.ADC_Init)
    i.ADC_StartOfConversion                  0x08000730   Section        0  stm32f0xx_adc.o(i.ADC_StartOfConversion)
    i.ADC_StructInit                         0x0800073a   Section        0  stm32f0xx_adc.o(i.ADC_StructInit)
    i.ADC_TempSensorCmd                      0x0800074c   Section        0  stm32f0xx_adc.o(i.ADC_TempSensorCmd)
    i.AFC_P                                  0x08000768   Section        0  main.o(i.AFC_P)
    i.AGC                                    0x08000898   Section        0  dds.o(i.AGC)
    i.DMA1_Channel1_IRQHandler               0x080008f8   Section        0  stm32f0xx_emu.o(i.DMA1_Channel1_IRQHandler)
    i.DMA_ClearITPendingBit                  0x08000a50   Section        0  stm32f0xx_dma.o(i.DMA_ClearITPendingBit)
    i.DMA_Cmd                                0x08000a68   Section        0  stm32f0xx_dma.o(i.DMA_Cmd)
    i.DMA_DeInit                             0x08000a80   Section        0  stm32f0xx_dma.o(i.DMA_DeInit)
    i.DMA_GetITStatus                        0x08000b60   Section        0  stm32f0xx_dma.o(i.DMA_GetITStatus)
    i.DMA_ITConfig                           0x08000b80   Section        0  stm32f0xx_dma.o(i.DMA_ITConfig)
    i.DMA_Init                               0x08000b90   Section        0  stm32f0xx_dma.o(i.DMA_Init)
    i.DS18B20_DELAY2S                        0x08000bd0   Section        0  ds18b20.o(i.DS18B20_DELAY2S)
    i.DS18B20_INIT                           0x08000bfc   Section        0  ds18b20.o(i.DS18B20_INIT)
    i.DS18B20_LOOP                           0x08000c78   Section        0  ds18b20.o(i.DS18B20_LOOP)
    i.DS18B20_Mode_IPU                       0x08000ca0   Section        0  ds18b20.o(i.DS18B20_Mode_IPU)
    i.DS18B20_Mode_OD                        0x08000cc2   Section        0  ds18b20.o(i.DS18B20_Mode_OD)
    i.DS18B20_READ_DATA0                     0x08000cf4   Section        0  ds18b20.o(i.DS18B20_READ_DATA0)
    i.DS18B20_READ_DATA1                     0x08000d8c   Section        0  ds18b20.o(i.DS18B20_READ_DATA1)
    i.DS18B20_WRITE_44                       0x08000e24   Section        0  ds18b20.o(i.DS18B20_WRITE_44)
    i.DS18B20_WRITE_BE                       0x08000e94   Section        0  ds18b20.o(i.DS18B20_WRITE_BE)
    i.DS18B20_WRITE_CC                       0x08000f04   Section        0  ds18b20.o(i.DS18B20_WRITE_CC)
    i.EXTI_ClearITPendingBit                 0x08000f74   Section        0  stm32f0xx_exti.o(i.EXTI_ClearITPendingBit)
    i.FLASH_ErasePage                        0x08000f80   Section        0  stm32f0xx_flash.o(i.FLASH_ErasePage)
    i.FLASH_Lock                             0x08000fb8   Section        0  stm32f0xx_flash.o(i.FLASH_Lock)
    i.FLASH_OB_GetRDP                        0x08000fc8   Section        0  stm32f0xx_flash.o(i.FLASH_OB_GetRDP)
    i.FLASH_OB_Launch                        0x08000fdc   Section        0  stm32f0xx_flash.o(i.FLASH_OB_Launch)
    i.FLASH_OB_Lock                          0x08000ff0   Section        0  stm32f0xx_flash.o(i.FLASH_OB_Lock)
    i.FLASH_OB_RDPConfig                     0x08001000   Section        0  stm32f0xx_flash.o(i.FLASH_OB_RDPConfig)
    i.FLASH_OB_Unlock                        0x08001060   Section        0  stm32f0xx_flash.o(i.FLASH_OB_Unlock)
    i.FLASH_ProgramHalfWord                  0x08001080   Section        0  stm32f0xx_flash.o(i.FLASH_ProgramHalfWord)
    i.FLASH_Unlock                           0x080010b4   Section        0  stm32f0xx_flash.o(i.FLASH_Unlock)
    i.FLASH_WaitForLastOperation             0x080010d4   Section        0  stm32f0xx_flash.o(i.FLASH_WaitForLastOperation)
    i.GPIO_Init                              0x0800112c   Section        0  stm32f0xx_gpio.o(i.GPIO_Init)
    i.GPIO_PinAFConfig                       0x0800119e   Section        0  stm32f0xx_gpio.o(i.GPIO_PinAFConfig)
    i.GPIO_ReadInputDataBit                  0x080011c0   Section        0  stm32f0xx_gpio.o(i.GPIO_ReadInputDataBit)
    i.GPIO_ResetBits                         0x080011ce   Section        0  stm32f0xx_gpio.o(i.GPIO_ResetBits)
    i.GPIO_SetBits                           0x080011d2   Section        0  stm32f0xx_gpio.o(i.GPIO_SetBits)
    i.HardFault_Handler                      0x080011d6   Section        0  stm32f0xx_it.o(i.HardFault_Handler)
    i.IWDG_Enable                            0x080011d8   Section        0  stm32f0xx_iwdg.o(i.IWDG_Enable)
    i.IWDG_ReloadCounter                     0x080011e8   Section        0  stm32f0xx_iwdg.o(i.IWDG_ReloadCounter)
    i.IWDG_SetPrescaler                      0x080011f8   Section        0  stm32f0xx_iwdg.o(i.IWDG_SetPrescaler)
    i.IWDG_SetReload                         0x08001204   Section        0  stm32f0xx_iwdg.o(i.IWDG_SetReload)
    i.IWDG_WriteAccessCmd                    0x08001210   Section        0  stm32f0xx_iwdg.o(i.IWDG_WriteAccessCmd)
    i.NMI_Handler                            0x0800121c   Section        0  stm32f0xx_it.o(i.NMI_Handler)
    i.NVIC_Init                              0x08001220   Section        0  stm32f0xx_misc.o(i.NVIC_Init)
    i.On1ms                                  0x08001274   Section        0  main.o(i.On1ms)
    i.OnGetData03                            0x08001280   Section        0  modbus.o(i.OnGetData03)
    i.OnSetData06                            0x08001480   Section        0  modbus.o(i.OnSetData06)
    i.PVD_IRQHandler                         0x080015b0   Section        0  stm32f0xx_emu.o(i.PVD_IRQHandler)
    i.PendSV_Handler                         0x080015d0   Section        0  stm32f0xx_it.o(i.PendSV_Handler)
    i.RCC_AHBPeriphClockCmd                  0x080015d4   Section        0  stm32f0xx_rcc.o(i.RCC_AHBPeriphClockCmd)
    i.RCC_APB2PeriphClockCmd                 0x080015ec   Section        0  stm32f0xx_rcc.o(i.RCC_APB2PeriphClockCmd)
    i.RCC_APB2PeriphResetCmd                 0x08001604   Section        0  stm32f0xx_rcc.o(i.RCC_APB2PeriphResetCmd)
    i.RCC_GetClocksFreq                      0x0800161c   Section        0  stm32f0xx_rcc.o(i.RCC_GetClocksFreq)
    i.RxdByte                                0x0800179c   Section        0  modbus.o(i.RxdByte)
    i.SVC_Handler                            0x080019b0   Section        0  stm32f0xx_it.o(i.SVC_Handler)
    i.SysTick_Handler                        0x080019b2   Section        0  stm32f030.o(i.SysTick_Handler)
    i.SystemInit                             0x080019bc   Section        0  system_stm32f0xx.o(i.SystemInit)
    i.TIM16_IRQHandler                       0x08001aa4   Section        0  ds18b20.o(i.TIM16_IRQHandler)
    i.TIM1_BRK_UP_TRG_COM_IRQHandler         0x08001ad8   Section        0  stm32f0xx_emu.o(i.TIM1_BRK_UP_TRG_COM_IRQHandler)
    i.TIM_ClearITPendingBit                  0x08001afc   Section        0  stm32f0xx_tim.o(i.TIM_ClearITPendingBit)
    i.TIM_Cmd                                0x08001b02   Section        0  stm32f0xx_tim.o(i.TIM_Cmd)
    i.TIM_CtrlPWMOutputs                     0x08001b16   Section        0  stm32f0xx_tim.o(i.TIM_CtrlPWMOutputs)
    i.TIM_GetITStatus                        0x08001b2e   Section        0  stm32f0xx_tim.o(i.TIM_GetITStatus)
    i.TIM_ITConfig                           0x08001b46   Section        0  stm32f0xx_tim.o(i.TIM_ITConfig)
    i.TIM_OC1Init                            0x08001b58   Section        0  stm32f0xx_tim.o(i.TIM_OC1Init)
    i.TIM_OC1PreloadConfig                   0x08001bd8   Section        0  stm32f0xx_tim.o(i.TIM_OC1PreloadConfig)
    i.TIM_OC2Init                            0x08001be4   Section        0  stm32f0xx_tim.o(i.TIM_OC2Init)
    i.TIM_OC2PreloadConfig                   0x08001c78   Section        0  stm32f0xx_tim.o(i.TIM_OC2PreloadConfig)
    i.TIM_OC3Init                            0x08001c8c   Section        0  stm32f0xx_tim.o(i.TIM_OC3Init)
    i.TIM_OC3PreloadConfig                   0x08001d14   Section        0  stm32f0xx_tim.o(i.TIM_OC3PreloadConfig)
    i.TIM_OC4Init                            0x08001d20   Section        0  stm32f0xx_tim.o(i.TIM_OC4Init)
    i.TIM_OC4PreloadConfig                   0x08001d84   Section        0  stm32f0xx_tim.o(i.TIM_OC4PreloadConfig)
    i.TIM_OCStructInit                       0x08001d98   Section        0  stm32f0xx_tim.o(i.TIM_OCStructInit)
    i.TIM_SelectOutputTrigger                0x08001dac   Section        0  stm32f0xx_tim.o(i.TIM_SelectOutputTrigger)
    i.TIM_TimeBaseInit                       0x08001dbc   Section        0  stm32f0xx_tim.o(i.TIM_TimeBaseInit)
    i.USART1_IRQHandler                      0x08001e34   Section        0  stm32f030.o(i.USART1_IRQHandler)
    i.USART_ClearFlag                        0x08001edc   Section        0  stm32f0xx_usart.o(i.USART_ClearFlag)
    i.USART_ClearITPendingBit                0x08001ee0   Section        0  stm32f0xx_usart.o(i.USART_ClearITPendingBit)
    i.USART_Cmd                              0x08001eea   Section        0  stm32f0xx_usart.o(i.USART_Cmd)
    i.USART_GetITStatus                      0x08001efe   Section        0  stm32f0xx_usart.o(i.USART_GetITStatus)
    i.USART_ITConfig                         0x08001f3a   Section        0  stm32f0xx_usart.o(i.USART_ITConfig)
    i.USART_Init                             0x08001f68   Section        0  stm32f0xx_usart.o(i.USART_Init)
    i.USART_ReceiveData                      0x08002010   Section        0  stm32f0xx_usart.o(i.USART_ReceiveData)
    i.USART_SendData                         0x08002018   Section        0  stm32f0xx_usart.o(i.USART_SendData)
    i.__ARM_common_ll_mulss                  0x08002020   Section        0  stm32f0xx_emu.o(i.__ARM_common_ll_mulss)
    i.__ARM_common_ll_muluu                  0x08002052   Section        0  dds.o(i.__ARM_common_ll_muluu)
    i.__ARM_common_memcpy1_8                 0x08002084   Section        0  modbus.o(i.__ARM_common_memcpy1_8)
    i.dds_pwm_init                           0x080020a8   Section        0  dds.o(i.dds_pwm_init)
    i.emu                                    0x0800214c   Section        0  stm32f0xx_emu.o(i.emu)
    i.getTemp                                0x08002388   Section        0  stm32f0xx_emu.o(i.getTemp)
    i.getTxdByte                             0x080023fc   Section        0  modbus.o(i.getTxdByte)
    i.hasByteToTxd                           0x08002420   Section        0  modbus.o(i.hasByteToTxd)
    i.init485                                0x0800243c   Section        0  stm32f030.o(i.init485)
    i.initDS18B20                            0x080024bc   Section        0  ds18b20.o(i.initDS18B20)
    i.initDSP                                0x08002530   Section        0  stm32f0xx_emu.o(i.initDSP)
    i.initEEPROM                             0x080025bc   Section        0  stm32f051_flash.o(i.initEEPROM)
    i.initModel                              0x080025c4   Section        0  main.o(i.initModel)
    i.initPLL                                0x08002658   Section        0  stm32f030.o(i.initPLL)
    i.initSelfTestPort                       0x08002680   Section        0  conf.o(i.initSelfTestPort)
    i.initSysTick1ms                         0x080026ac   Section        0  stm32f030.o(i.initSysTick1ms)
    i.initWatchdog                           0x08002710   Section        0  stm32f030.o(i.initWatchdog)
    i.init_dds                               0x08002738   Section        0  dds.o(i.init_dds)
    i.is_dds_start                           0x080027e4   Section        0  dds.o(i.is_dds_start)
    i.leftRxdTel                             0x080027f8   Section        0  modbus.o(i.leftRxdTel)
    i.loadConfig                             0x0800284c   Section        0  stm32f051_flash.o(i.loadConfig)
    i.main                                   0x080028c4   Section        0  main.o(i.main)
    i.modbusLoop                             0x08002bb4   Section        0  modbus.o(i.modbusLoop)
    i.next_dds                               0x08002c04   Section        0  dds.o(i.next_dds)
    i.saveConfig                             0x08002dfc   Section        0  stm32f051_flash.o(i.saveConfig)
    i.setCom                                 0x08002e3c   Section        0  stm32f030.o(i.setCom)
    i.startTxd                               0x08002f04   Section        0  stm32f030.o(i.startTxd)
    i.start_dds                              0x08002f48   Section        0  dds.o(i.start_dds)
    i.stop_dds                               0x08002f60   Section        0  dds.o(i.stop_dds)
    i.tab_sqrt_trig                          0x08002f6c   Section        0  tab_sqrt_trig.o(i.tab_sqrt_trig)
    i.testError                              0x08002ff4   Section        0  main.o(i.testError)
    i.update_freq                            0x080030f8   Section        0  dds.o(i.update_freq)
    .constdata                               0x08003144   Section       68  main.o(.constdata)
    .constdata                               0x08003188   Section     6168  tab_sqrt_trig.o(.constdata)
    .constdata                               0x080049a0   Section      512  modbus.o(.constdata)
    .data                                    0x20000000   Section      160  main.o(.data)
    dir                                      0x20000001   Data           1  main.o(.data)
    dir                                      0x20000002   Data           1  main.o(.data)
    dir                                      0x20000003   Data           1  main.o(.data)
    dir                                      0x20000004   Data           1  main.o(.data)
    dir                                      0x20000005   Data           1  main.o(.data)
    dir                                      0x20000006   Data           1  main.o(.data)
    ViLowCount                               0x20000007   Data           1  main.o(.data)
    VoLowCount                               0x20000008   Data           1  main.o(.data)
    IoHighCount                              0x20000009   Data           1  main.o(.data)
    TiHighCount                              0x2000000a   Data           1  main.o(.data)
    TeHighCount                              0x2000000b   Data           1  main.o(.data)
    last_i                                   0x20000010   Data           4  main.o(.data)
    last_i                                   0x20000014   Data           4  main.o(.data)
    last_i                                   0x20000018   Data           4  main.o(.data)
    last_i                                   0x2000001c   Data           4  main.o(.data)
    last_i                                   0x20000020   Data           4  main.o(.data)
    last_z                                   0x20000024   Data           4  main.o(.data)
    hcount                                   0x20000028   Data           4  main.o(.data)
    lcount                                   0x2000002c   Data           4  main.o(.data)
    last_q                                   0x20000030   Data           4  main.o(.data)
    last_p                                   0x20000034   Data           4  main.o(.data)
    .data                                    0x200000a0   Section      192  dds.o(.data)
    .data                                    0x20000160   Section       92  ds18b20.o(.data)
    cc                                       0x20000164   Data           1  ds18b20.o(.data)
    cc                                       0x20000165   Data           1  ds18b20.o(.data)
    cc                                       0x20000166   Data           1  ds18b20.o(.data)
    cc                                       0x20000167   Data           1  ds18b20.o(.data)
    cc                                       0x20000168   Data           1  ds18b20.o(.data)
    l                                        0x20000174   Data           4  ds18b20.o(.data)
    l                                        0x20000178   Data           4  ds18b20.o(.data)
    l                                        0x2000017c   Data           4  ds18b20.o(.data)
    l                                        0x20000180   Data           4  ds18b20.o(.data)
    l                                        0x20000184   Data           4  ds18b20.o(.data)
    l                                        0x20000188   Data           4  ds18b20.o(.data)
    l                                        0x2000018c   Data           4  ds18b20.o(.data)
    .data                                    0x200001c0   Section       72  stm32f0xx_emu.o(.data)
    i                                        0x200001ec   Data           4  stm32f0xx_emu.o(.data)
    ii                                       0x200001f0   Data           4  stm32f0xx_emu.o(.data)
    .data                                    0x20000208   Section       20  system_stm32f0xx.o(.data)
    .data                                    0x2000021c   Section        5  modbus.o(.data)
    comflag_count                            0x20000220   Data           1  modbus.o(.data)
    .data                                    0x20000222   Section       36  conf.o(.data)
    .data                                    0x20000246   Section        2  conf.o(.data)
    .data                                    0x20000248   Section       16  stm32f0xx_rcc.o(.data)
    APBAHBPrescTable                         0x20000248   Data          16  stm32f0xx_rcc.o(.data)
    .bss                                     0x20000258   Section       24  stm32f0xx_emu.o(.bss)
    .bss                                     0x20000270   Section      224  modbus.o(.bss)
    .bss                                     0x20000350   Section       96  libspace.o(.bss)
    HEAP                                     0x200003b0   Section      512  startup_stm32f031.o(HEAP)
    Heap_Mem                                 0x200003b0   Data         512  startup_stm32f031.o(HEAP)
    STACK                                    0x200005b0   Section     1024  startup_stm32f031.o(STACK)
    Stack_Mem                                0x200005b0   Data        1024  startup_stm32f031.o(STACK)
    __initial_sp                             0x200009b0   Data           0  startup_stm32f031.o(STACK)

    Global Symbols

    Symbol Name                              Value     Ov Type        Size  Object(Section)

    BuildAttributes$$THM_ISAv3M$S$PE$A:L22$X:L11$S22$IEEE1$IW$USESV6$~STKCKD$USESV7$~SHL$OTIME$ROPI$EBA8$UX$STANDARDLIB$REQ8$PRES8$EABIv2 0x00000000   Number         0  anon$$obj.o ABSOLUTE
    __ARM_use_no_argv                        0x00000000   Number         0  main.o ABSOLUTE
    __ARM_exceptions_init                     - Undefined Weak Reference
    __alloca_initialize                       - Undefined Weak Reference
    __arm_preinit_                            - Undefined Weak Reference
    __cpp_initialize__aeabi_                  - Undefined Weak Reference
    __cxa_finalize                            - Undefined Weak Reference
    __rt_locale                               - Undefined Weak Reference
    __sigvec_lookup                           - Undefined Weak Reference
    _atexit_init                              - Undefined Weak Reference
    _call_atexit_fns                          - Undefined Weak Reference
    _clock_init                               - Undefined Weak Reference
    _fp_trap_init                             - Undefined Weak Reference
    _fp_trap_shutdown                         - Undefined Weak Reference
    _get_lc_collate                           - Undefined Weak Reference
    _get_lc_ctype                             - Undefined Weak Reference
    _get_lc_monetary                          - Undefined Weak Reference
    _get_lc_numeric                           - Undefined Weak Reference
    _get_lc_time                              - Undefined Weak Reference
    _getenv_init                              - Undefined Weak Reference
    _handle_redirection                       - Undefined Weak Reference
    _init_alloc                               - Undefined Weak Reference
    _init_user_alloc                          - Undefined Weak Reference
    _initio                                   - Undefined Weak Reference
    _rand_init                                - Undefined Weak Reference
    _signal_finish                            - Undefined Weak Reference
    _signal_init                              - Undefined Weak Reference
    _terminate_alloc                          - Undefined Weak Reference
    _terminate_user_alloc                     - Undefined Weak Reference
    _terminateio                              - Undefined Weak Reference
    __Vectors_Size                           0x000000b0   Number         0  startup_stm32f031.o ABSOLUTE
    __Vectors                                0x08000000   Data           4  startup_stm32f031.o(RESET)
    __Vectors_End                            0x080000b0   Data           0  startup_stm32f031.o(RESET)
    __main                                   0x080000b1   Thumb Code     8  __main.o(!!!main)
    __scatterload                            0x080000b9   Thumb Code     0  __scatter.o(!!!scatter)
    __scatterload_rt2                        0x080000b9   Thumb Code    52  __scatter.o(!!!scatter)
    __scatterload_rt2_thumb_only             0x080000b9   Thumb Code     0  __scatter.o(!!!scatter)
    __scatterload_null                       0x080000c9   Thumb Code     0  __scatter.o(!!!scatter)
    __scatterload_zeroinit                   0x080000f5   Thumb Code    28  __scatter_zi.o(!!handler_zi)
    __rt_lib_init                            0x08000111   Thumb Code     0  libinit.o(.ARM.Collect$$libinit$$00000000)
    __rt_lib_init_alloca_1                   0x08000113   Thumb Code     0  libinit2.o(.ARM.Collect$$libinit$$0000002E)
    __rt_lib_init_argv_1                     0x08000113   Thumb Code     0  libinit2.o(.ARM.Collect$$libinit$$0000002C)
    __rt_lib_init_atexit_1                   0x08000113   Thumb Code     0  libinit2.o(.ARM.Collect$$libinit$$0000001B)
    __rt_lib_init_clock_1                    0x08000113   Thumb Code     0  libinit2.o(.ARM.Collect$$libinit$$00000021)
    __rt_lib_init_cpp_1                      0x08000113   Thumb Code     0  libinit2.o(.ARM.Collect$$libinit$$00000032)
    __rt_lib_init_exceptions_1               0x08000113   Thumb Code     0  libinit2.o(.ARM.Collect$$libinit$$00000030)
    __rt_lib_init_fp_1                       0x08000113   Thumb Code     0  libinit2.o(.ARM.Collect$$libinit$$00000002)
    __rt_lib_init_fp_trap_1                  0x08000113   Thumb Code     0  libinit2.o(.ARM.Collect$$libinit$$0000001F)
    __rt_lib_init_getenv_1                   0x08000113   Thumb Code     0  libinit2.o(.ARM.Collect$$libinit$$00000023)
    __rt_lib_init_heap_1                     0x08000113   Thumb Code     0  libinit2.o(.ARM.Collect$$libinit$$0000000A)
    __rt_lib_init_lc_collate_1               0x08000113   Thumb Code     0  libinit2.o(.ARM.Collect$$libinit$$00000011)
    __rt_lib_init_lc_ctype_1                 0x08000113   Thumb Code     0  libinit2.o(.ARM.Collect$$libinit$$00000013)
    __rt_lib_init_lc_monetary_1              0x08000113   Thumb Code     0  libinit2.o(.ARM.Collect$$libinit$$00000015)
    __rt_lib_init_lc_numeric_1               0x08000113   Thumb Code     0  libinit2.o(.ARM.Collect$$libinit$$00000017)
    __rt_lib_init_lc_time_1                  0x08000113   Thumb Code     0  libinit2.o(.ARM.Collect$$libinit$$00000019)
    __rt_lib_init_preinit_1                  0x08000113   Thumb Code     0  libinit2.o(.ARM.Collect$$libinit$$00000004)
    __rt_lib_init_rand_1                     0x08000113   Thumb Code     0  libinit2.o(.ARM.Collect$$libinit$$0000000E)
    __rt_lib_init_return                     0x08000113   Thumb Code     0  libinit2.o(.ARM.Collect$$libinit$$00000033)
    __rt_lib_init_signal_1                   0x08000113   Thumb Code     0  libinit2.o(.ARM.Collect$$libinit$$0000001D)
    __rt_lib_init_stdio_1                    0x08000113   Thumb Code     0  libinit2.o(.ARM.Collect$$libinit$$00000025)
    __rt_lib_init_user_alloc_1               0x08000113   Thumb Code     0  libinit2.o(.ARM.Collect$$libinit$$0000000C)
    __rt_lib_shutdown                        0x08000115   Thumb Code     0  libshutdown.o(.ARM.Collect$$libshutdown$$00000000)
    __rt_lib_shutdown_fp_trap_1              0x08000117   Thumb Code     0  libshutdown2.o(.ARM.Collect$$libshutdown$$00000006)
    __rt_lib_shutdown_heap_1                 0x08000117   Thumb Code     0  libshutdown2.o(.ARM.Collect$$libshutdown$$0000000E)
    __rt_lib_shutdown_return                 0x08000117   Thumb Code     0  libshutdown2.o(.ARM.Collect$$libshutdown$$0000000F)
    __rt_lib_shutdown_signal_1               0x08000117   Thumb Code     0  libshutdown2.o(.ARM.Collect$$libshutdown$$00000009)
    __rt_lib_shutdown_stdio_1                0x08000117   Thumb Code     0  libshutdown2.o(.ARM.Collect$$libshutdown$$00000003)
    __rt_lib_shutdown_user_alloc_1           0x08000117   Thumb Code     0  libshutdown2.o(.ARM.Collect$$libshutdown$$0000000B)
    __rt_entry                               0x08000119   Thumb Code     0  __rtentry.o(.ARM.Collect$$rtentry$$00000000)
    __rt_entry_presh_1                       0x08000119   Thumb Code     0  __rtentry2.o(.ARM.Collect$$rtentry$$00000002)
    __rt_entry_sh                            0x08000119   Thumb Code     0  __rtentry4.o(.ARM.Collect$$rtentry$$00000004)
    __rt_entry_li                            0x0800011f   Thumb Code     0  __rtentry2.o(.ARM.Collect$$rtentry$$0000000A)
    __rt_entry_postsh_1                      0x0800011f   Thumb Code     0  __rtentry2.o(.ARM.Collect$$rtentry$$00000009)
    __rt_entry_main                          0x08000123   Thumb Code     0  __rtentry2.o(.ARM.Collect$$rtentry$$0000000D)
    __rt_entry_postli_1                      0x08000123   Thumb Code     0  __rtentry2.o(.ARM.Collect$$rtentry$$0000000C)
    __rt_exit                                0x0800012b   Thumb Code     0  rtexit.o(.ARM.Collect$$rtexit$$00000000)
    __rt_exit_ls                             0x0800012d   Thumb Code     0  rtexit2.o(.ARM.Collect$$rtexit$$00000003)
    __rt_exit_prels_1                        0x0800012d   Thumb Code     0  rtexit2.o(.ARM.Collect$$rtexit$$00000002)
    __rt_exit_exit                           0x08000131   Thumb Code     0  rtexit2.o(.ARM.Collect$$rtexit$$00000004)
    Reset_Handler                            0x08000139   Thumb Code     8  startup_stm32f031.o(.text)
    ADC1_IRQHandler                          0x0800014b   Thumb Code     0  startup_stm32f031.o(.text)
    DMA1_Channel2_3_IRQHandler               0x0800014b   Thumb Code     0  startup_stm32f031.o(.text)
    DMA1_Channel4_5_IRQHandler               0x0800014b   Thumb Code     0  startup_stm32f031.o(.text)
    EXTI0_1_IRQHandler                       0x0800014b   Thumb Code     0  startup_stm32f031.o(.text)
    EXTI2_3_IRQHandler                       0x0800014b   Thumb Code     0  startup_stm32f031.o(.text)
    EXTI4_15_IRQHandler                      0x0800014b   Thumb Code     0  startup_stm32f031.o(.text)
    FLASH_IRQHandler                         0x0800014b   Thumb Code     0  startup_stm32f031.o(.text)
    I2C1_IRQHandler                          0x0800014b   Thumb Code     0  startup_stm32f031.o(.text)
    RCC_IRQHandler                           0x0800014b   Thumb Code     0  startup_stm32f031.o(.text)
    RTC_IRQHandler                           0x0800014b   Thumb Code     0  startup_stm32f031.o(.text)
    SPI1_IRQHandler                          0x0800014b   Thumb Code     0  startup_stm32f031.o(.text)
    TIM14_IRQHandler                         0x0800014b   Thumb Code     0  startup_stm32f031.o(.text)
    TIM17_IRQHandler                         0x0800014b   Thumb Code     0  startup_stm32f031.o(.text)
    TIM1_CC_IRQHandler                       0x0800014b   Thumb Code     0  startup_stm32f031.o(.text)
    TIM2_IRQHandler                          0x0800014b   Thumb Code     0  startup_stm32f031.o(.text)
    TIM3_IRQHandler                          0x0800014b   Thumb Code     0  startup_stm32f031.o(.text)
    WWDG_IRQHandler                          0x0800014b   Thumb Code     0  startup_stm32f031.o(.text)
    __user_initial_stackheap                 0x0800014d   Thumb Code     0  startup_stm32f031.o(.text)
    __aeabi_lmul                             0x08000171   Thumb Code    48  llmul.o(.text)
    _ll_mul                                  0x08000171   Thumb Code     0  llmul.o(.text)
    __aeabi_uldivmod                         0x080001a1   Thumb Code   258  lludiv.o(.text)
    _ll_udiv                                 0x080001a1   Thumb Code     0  lludiv.o(.text)
    __aeabi_uidiv                            0x080002a3   Thumb Code     0  aeabi_sdivfast.o(.text)
    __aeabi_uidivmod                         0x080002a3   Thumb Code    28  aeabi_sdivfast.o(.text)
    __aeabi_idiv                             0x080002bf   Thumb Code     0  aeabi_sdivfast.o(.text)
    __aeabi_idivmod                          0x080002bf   Thumb Code   460  aeabi_sdivfast.o(.text)
    __use_two_region_memory                  0x0800048b   Thumb Code     2  heapauxi.o(.text)
    __rt_heap_escrow$2region                 0x0800048d   Thumb Code     2  heapauxi.o(.text)
    __rt_heap_expand$2region                 0x0800048f   Thumb Code     2  heapauxi.o(.text)
    __user_setup_stackheap                   0x08000491   Thumb Code    62  sys_stackheap_outer.o(.text)
    exit                                     0x080004cf   Thumb Code    12  exit.o(.text)
    __user_libspace                          0x080004dd   Thumb Code     8  libspace.o(.text)
    __user_perproc_libspace                  0x080004dd   Thumb Code     0  libspace.o(.text)
    __user_perthread_libspace                0x080004dd   Thumb Code     0  libspace.o(.text)
    _sys_exit                                0x080004e5   Thumb Code     8  sys_exit.o(.text)
    __I$use$semihosting                      0x080004f1   Thumb Code     0  use_no_semi.o(.text)
    __use_no_semihosting_swi                 0x080004f1   Thumb Code     2  use_no_semi.o(.text)
    __decompress                             0x080004f3   Thumb Code     0  __dczerorl2.o(.text)
    __decompress1                            0x080004f3   Thumb Code    86  __dczerorl2.o(.text)
    __semihosting_library_function           0x080004f3   Thumb Code     0  indicate_semi.o(.text)
    ADC1_DMA_Init                            0x08000549   Thumb Code   238  stm32f0xx_emu.o(i.ADC1_DMA_Init)
    ADC_ChannelConfig                        0x08000651   Thumb Code    10  stm32f0xx_adc.o(i.ADC_ChannelConfig)
    ADC_Cmd                                  0x0800065b   Thumb Code    22  stm32f0xx_adc.o(i.ADC_Cmd)
    ADC_DMACmd                               0x08000671   Thumb Code    20  stm32f0xx_adc.o(i.ADC_DMACmd)
    ADC_DMARequestModeConfig                 0x08000685   Thumb Code    16  stm32f0xx_adc.o(i.ADC_DMARequestModeConfig)
    ADC_DeInit                               0x08000695   Thumb Code    30  stm32f0xx_adc.o(i.ADC_DeInit)
    ADC_GetCalibrationFactor                 0x080006b9   Thumb Code    46  stm32f0xx_adc.o(i.ADC_GetCalibrationFactor)
    ADC_GetFlagStatus                        0x080006e7   Thumb Code    28  stm32f0xx_adc.o(i.ADC_GetFlagStatus)
    ADC_Init                                 0x08000705   Thumb Code    40  stm32f0xx_adc.o(i.ADC_Init)
    ADC_StartOfConversion                    0x08000731   Thumb Code    10  stm32f0xx_adc.o(i.ADC_StartOfConversion)
    ADC_StructInit                           0x0800073b   Thumb Code    16  stm32f0xx_adc.o(i.ADC_StructInit)
    ADC_TempSensorCmd                        0x0800074d   Thumb Code    22  stm32f0xx_adc.o(i.ADC_TempSensorCmd)
    AFC_P                                    0x08000769   Thumb Code   282  main.o(i.AFC_P)
    AGC                                      0x08000899   Thumb Code    82  dds.o(i.AGC)
    DMA1_Channel1_IRQHandler                 0x080008f9   Thumb Code   304  stm32f0xx_emu.o(i.DMA1_Channel1_IRQHandler)
    DMA_ClearITPendingBit                    0x08000a51   Thumb Code    14  stm32f0xx_dma.o(i.DMA_ClearITPendingBit)
    DMA_Cmd                                  0x08000a69   Thumb Code    20  stm32f0xx_dma.o(i.DMA_Cmd)
    DMA_DeInit                               0x08000a81   Thumb Code   164  stm32f0xx_dma.o(i.DMA_DeInit)
    DMA_GetITStatus                          0x08000b61   Thumb Code    24  stm32f0xx_dma.o(i.DMA_GetITStatus)
    DMA_ITConfig                             0x08000b81   Thumb Code    16  stm32f0xx_dma.o(i.DMA_ITConfig)
    DMA_Init                                 0x08000b91   Thumb Code    58  stm32f0xx_dma.o(i.DMA_Init)
    DS18B20_DELAY2S                          0x08000bd1   Thumb Code    30  ds18b20.o(i.DS18B20_DELAY2S)
    DS18B20_INIT                             0x08000bfd   Thumb Code   104  ds18b20.o(i.DS18B20_INIT)
    DS18B20_LOOP                             0x08000c79   Thumb Code    30  ds18b20.o(i.DS18B20_LOOP)
    DS18B20_Mode_IPU                         0x08000ca1   Thumb Code    34  ds18b20.o(i.DS18B20_Mode_IPU)
    DS18B20_Mode_OD                          0x08000cc3   Thumb Code    50  ds18b20.o(i.DS18B20_Mode_OD)
    DS18B20_READ_DATA0                       0x08000cf5   Thumb Code   140  ds18b20.o(i.DS18B20_READ_DATA0)
    DS18B20_READ_DATA1                       0x08000d8d   Thumb Code   140  ds18b20.o(i.DS18B20_READ_DATA1)
    DS18B20_WRITE_44                         0x08000e25   Thumb Code    94  ds18b20.o(i.DS18B20_WRITE_44)
    DS18B20_WRITE_BE                         0x08000e95   Thumb Code    94  ds18b20.o(i.DS18B20_WRITE_BE)
    DS18B20_WRITE_CC                         0x08000f05   Thumb Code    94  ds18b20.o(i.DS18B20_WRITE_CC)
    EXTI_ClearITPendingBit                   0x08000f75   Thumb Code     6  stm32f0xx_exti.o(i.EXTI_ClearITPendingBit)
    FLASH_ErasePage                          0x08000f81   Thumb Code    52  stm32f0xx_flash.o(i.FLASH_ErasePage)
    FLASH_Lock                               0x08000fb9   Thumb Code    12  stm32f0xx_flash.o(i.FLASH_Lock)
    FLASH_OB_GetRDP                          0x08000fc9   Thumb Code    16  stm32f0xx_flash.o(i.FLASH_OB_GetRDP)
    FLASH_OB_Launch                          0x08000fdd   Thumb Code    14  stm32f0xx_flash.o(i.FLASH_OB_Launch)
    FLASH_OB_Lock                            0x08000ff1   Thumb Code    12  stm32f0xx_flash.o(i.FLASH_OB_Lock)
    FLASH_OB_RDPConfig                       0x08001001   Thumb Code    88  stm32f0xx_flash.o(i.FLASH_OB_RDPConfig)
    FLASH_OB_Unlock                          0x08001061   Thumb Code    18  stm32f0xx_flash.o(i.FLASH_OB_Unlock)
    FLASH_ProgramHalfWord                    0x08001081   Thumb Code    48  stm32f0xx_flash.o(i.FLASH_ProgramHalfWord)
    FLASH_Unlock                             0x080010b5   Thumb Code    18  stm32f0xx_flash.o(i.FLASH_Unlock)
    FLASH_WaitForLastOperation               0x080010d5   Thumb Code    82  stm32f0xx_flash.o(i.FLASH_WaitForLastOperation)
    GPIO_Init                                0x0800112d   Thumb Code   114  stm32f0xx_gpio.o(i.GPIO_Init)
    GPIO_PinAFConfig                         0x0800119f   Thumb Code    34  stm32f0xx_gpio.o(i.GPIO_PinAFConfig)
    GPIO_ReadInputDataBit                    0x080011c1   Thumb Code    14  stm32f0xx_gpio.o(i.GPIO_ReadInputDataBit)
    GPIO_ResetBits                           0x080011cf   Thumb Code     4  stm32f0xx_gpio.o(i.GPIO_ResetBits)
    GPIO_SetBits                             0x080011d3   Thumb Code     4  stm32f0xx_gpio.o(i.GPIO_SetBits)
    HardFault_Handler                        0x080011d7   Thumb Code     2  stm32f0xx_it.o(i.HardFault_Handler)
    IWDG_Enable                              0x080011d9   Thumb Code     8  stm32f0xx_iwdg.o(i.IWDG_Enable)
    IWDG_ReloadCounter                       0x080011e9   Thumb Code     8  stm32f0xx_iwdg.o(i.IWDG_ReloadCounter)
    IWDG_SetPrescaler                        0x080011f9   Thumb Code     6  stm32f0xx_iwdg.o(i.IWDG_SetPrescaler)
    IWDG_SetReload                           0x08001205   Thumb Code     6  stm32f0xx_iwdg.o(i.IWDG_SetReload)
    IWDG_WriteAccessCmd                      0x08001211   Thumb Code     6  stm32f0xx_iwdg.o(i.IWDG_WriteAccessCmd)
    NMI_Handler                              0x0800121d   Thumb Code     2  stm32f0xx_it.o(i.NMI_Handler)
    NVIC_Init                                0x08001221   Thumb Code    70  stm32f0xx_misc.o(i.NVIC_Init)
    On1ms                                    0x08001275   Thumb Code     8  main.o(i.On1ms)
    OnGetData03                              0x08001281   Thumb Code   472  modbus.o(i.OnGetData03)
    OnSetData06                              0x08001481   Thumb Code   274  modbus.o(i.OnSetData06)
    PVD_IRQHandler                           0x080015b1   Thumb Code    26  stm32f0xx_emu.o(i.PVD_IRQHandler)
    PendSV_Handler                           0x080015d1   Thumb Code     2  stm32f0xx_it.o(i.PendSV_Handler)
    RCC_AHBPeriphClockCmd                    0x080015d5   Thumb Code    18  stm32f0xx_rcc.o(i.RCC_AHBPeriphClockCmd)
    RCC_APB2PeriphClockCmd                   0x080015ed   Thumb Code    18  stm32f0xx_rcc.o(i.RCC_APB2PeriphClockCmd)
    RCC_APB2PeriphResetCmd                   0x08001605   Thumb Code    18  stm32f0xx_rcc.o(i.RCC_APB2PeriphResetCmd)
    RCC_GetClocksFreq                        0x0800161d   Thumb Code   350  stm32f0xx_rcc.o(i.RCC_GetClocksFreq)
    RxdByte                                  0x0800179d   Thumb Code   506  modbus.o(i.RxdByte)
    SVC_Handler                              0x080019b1   Thumb Code     2  stm32f0xx_it.o(i.SVC_Handler)
    SysTick_Handler                          0x080019b3   Thumb Code     8  stm32f030.o(i.SysTick_Handler)
    SystemInit                               0x080019bd   Thumb Code   216  system_stm32f0xx.o(i.SystemInit)
    TIM16_IRQHandler                         0x08001aa5   Thumb Code    38  ds18b20.o(i.TIM16_IRQHandler)
    TIM1_BRK_UP_TRG_COM_IRQHandler           0x08001ad9   Thumb Code    32  stm32f0xx_emu.o(i.TIM1_BRK_UP_TRG_COM_IRQHandler)
    TIM_ClearITPendingBit                    0x08001afd   Thumb Code     6  stm32f0xx_tim.o(i.TIM_ClearITPendingBit)
    TIM_Cmd                                  0x08001b03   Thumb Code    20  stm32f0xx_tim.o(i.TIM_Cmd)
    TIM_CtrlPWMOutputs                       0x08001b17   Thumb Code    24  stm32f0xx_tim.o(i.TIM_CtrlPWMOutputs)
    TIM_GetITStatus                          0x08001b2f   Thumb Code    24  stm32f0xx_tim.o(i.TIM_GetITStatus)
    TIM_ITConfig                             0x08001b47   Thumb Code    16  stm32f0xx_tim.o(i.TIM_ITConfig)
    TIM_OC1Init                              0x08001b59   Thumb Code   106  stm32f0xx_tim.o(i.TIM_OC1Init)
    TIM_OC1PreloadConfig                     0x08001bd9   Thumb Code    12  stm32f0xx_tim.o(i.TIM_OC1PreloadConfig)
    TIM_OC2Init                              0x08001be5   Thumb Code   126  stm32f0xx_tim.o(i.TIM_OC2Init)
    TIM_OC2PreloadConfig                     0x08001c79   Thumb Code    14  stm32f0xx_tim.o(i.TIM_OC2PreloadConfig)
    TIM_OC3Init                              0x08001c8d   Thumb Code   112  stm32f0xx_tim.o(i.TIM_OC3Init)
    TIM_OC3PreloadConfig                     0x08001d15   Thumb Code    12  stm32f0xx_tim.o(i.TIM_OC3PreloadConfig)
    TIM_OC4Init                              0x08001d21   Thumb Code    80  stm32f0xx_tim.o(i.TIM_OC4Init)
    TIM_OC4PreloadConfig                     0x08001d85   Thumb Code    14  stm32f0xx_tim.o(i.TIM_OC4PreloadConfig)
    TIM_OCStructInit                         0x08001d99   Thumb Code    20  stm32f0xx_tim.o(i.TIM_OCStructInit)
    TIM_SelectOutputTrigger                  0x08001dad   Thumb Code    16  stm32f0xx_tim.o(i.TIM_SelectOutputTrigger)
    TIM_TimeBaseInit                         0x08001dbd   Thumb Code    90  stm32f0xx_tim.o(i.TIM_TimeBaseInit)
    USART1_IRQHandler                        0x08001e35   Thumb Code   156  stm32f030.o(i.USART1_IRQHandler)
    USART_ClearFlag                          0x08001edd   Thumb Code     4  stm32f0xx_usart.o(i.USART_ClearFlag)
    USART_ClearITPendingBit                  0x08001ee1   Thumb Code    10  stm32f0xx_usart.o(i.USART_ClearITPendingBit)
    USART_Cmd                                0x08001eeb   Thumb Code    20  stm32f0xx_usart.o(i.USART_Cmd)
    USART_GetITStatus                        0x08001eff   Thumb Code    60  stm32f0xx_usart.o(i.USART_GetITStatus)
    USART_ITConfig                           0x08001f3b   Thumb Code    44  stm32f0xx_usart.o(i.USART_ITConfig)
    USART_Init                               0x08001f69   Thumb Code   148  stm32f0xx_usart.o(i.USART_Init)
    USART_ReceiveData                        0x08002011   Thumb Code     8  stm32f0xx_usart.o(i.USART_ReceiveData)
    USART_SendData                           0x08002019   Thumb Code     8  stm32f0xx_usart.o(i.USART_SendData)
    __ARM_common_ll_mulss                    0x08002021   Thumb Code    50  stm32f0xx_emu.o(i.__ARM_common_ll_mulss)
    __ARM_common_ll_muluu                    0x08002053   Thumb Code    50  dds.o(i.__ARM_common_ll_muluu)
    __ARM_common_memcpy1_8                   0x08002085   Thumb Code    34  modbus.o(i.__ARM_common_memcpy1_8)
    dds_pwm_init                             0x080020a9   Thumb Code   158  dds.o(i.dds_pwm_init)
    emu                                      0x0800214d   Thumb Code   524  stm32f0xx_emu.o(i.emu)
    getTemp                                  0x08002389   Thumb Code    88  stm32f0xx_emu.o(i.getTemp)
    getTxdByte                               0x080023fd   Thumb Code    28  modbus.o(i.getTxdByte)
    hasByteToTxd                             0x08002421   Thumb Code    24  modbus.o(i.hasByteToTxd)
    init485                                  0x0800243d   Thumb Code   122  stm32f030.o(i.init485)
    initDS18B20                              0x080024bd   Thumb Code   108  ds18b20.o(i.initDS18B20)
    initDSP                                  0x08002531   Thumb Code   132  stm32f0xx_emu.o(i.initDSP)
    initEEPROM                               0x080025bd   Thumb Code     8  stm32f051_flash.o(i.initEEPROM)
    initModel                                0x080025c5   Thumb Code   128  main.o(i.initModel)
    initPLL                                  0x08002659   Thumb Code    38  stm32f030.o(i.initPLL)
    initSelfTestPort                         0x08002681   Thumb Code    40  conf.o(i.initSelfTestPort)
    initSysTick1ms                           0x080026ad   Thumb Code    80  stm32f030.o(i.initSysTick1ms)
    initWatchdog                             0x08002711   Thumb Code    30  stm32f030.o(i.initWatchdog)
    init_dds                                 0x08002739   Thumb Code   150  dds.o(i.init_dds)
    is_dds_start                             0x080027e5   Thumb Code    16  dds.o(i.is_dds_start)
    leftRxdTel                               0x080027f9   Thumb Code    76  modbus.o(i.leftRxdTel)
    loadConfig                               0x0800284d   Thumb Code   102  stm32f051_flash.o(i.loadConfig)
    main                                     0x080028c5   Thumb Code   698  main.o(i.main)
    modbusLoop                               0x08002bb5   Thumb Code    70  modbus.o(i.modbusLoop)
    next_dds                                 0x08002c05   Thumb Code   444  dds.o(i.next_dds)
    saveConfig                               0x08002dfd   Thumb Code    56  stm32f051_flash.o(i.saveConfig)
    setCom                                   0x08002e3d   Thumb Code   188  stm32f030.o(i.setCom)
    startTxd                                 0x08002f05   Thumb Code    62  stm32f030.o(i.startTxd)
    start_dds                                0x08002f49   Thumb Code    14  dds.o(i.start_dds)
    stop_dds                                 0x08002f61   Thumb Code     8  dds.o(i.stop_dds)
    tab_sqrt_trig                            0x08002f6d   Thumb Code   108  tab_sqrt_trig.o(i.tab_sqrt_trig)
    testError                                0x08002ff5   Thumb Code   246  main.o(i.testError)
    update_freq                              0x080030f9   Thumb Code    54  dds.o(i.update_freq)
    df_temp_table                            0x08003144   Data          24  main.o(.constdata)
    df_freq_table                            0x0800315c   Data          24  main.o(.constdata)
    df_basev_table                           0x08003174   Data          20  main.o(.constdata)
    nsqrt_mul_tab                            0x08003188   Data        1028  tab_sqrt_trig.o(.constdata)
    psqrt_mul_tab                            0x0800358c   Data        1028  tab_sqrt_trig.o(.constdata)
    nsqrt_div_tab                            0x08003990   Data        1028  tab_sqrt_trig.o(.constdata)
    psqrt_div_tab                            0x08003d94   Data        1028  tab_sqrt_trig.o(.constdata)
    ndu_tab                                  0x08004198   Data        1028  tab_sqrt_trig.o(.constdata)
    pdu_tab                                  0x0800459c   Data        1028  tab_sqrt_trig.o(.constdata)
    auchCRCHi                                0x080049a0   Data         256  modbus.o(.constdata)
    auchCRCLo                                0x08004aa0   Data         256  modbus.o(.constdata)
    Region$$Table$$Base                      0x08004ba0   Number         0  anon$$obj.o(Region$$Table)
    Region$$Table$$Limit                     0x08004bc0   Number         0  anon$$obj.o(Region$$Table)
    ms1                                      0x20000000   Data           1  main.o(.data)
    df_table_num                             0x2000000c   Data           4  main.o(.data)
    parameter                                0x20000038   Data         104  main.o(.data)
    pdu0                                     0x200000a0   Data           4  dds.o(.data)
    psqrt_div0                               0x200000a4   Data           4  dds.o(.data)
    psqrt_mul0                               0x200000a8   Data           4  dds.o(.data)
    ndu0                                     0x200000ac   Data           4  dds.o(.data)
    nsqrt_div0                               0x200000b0   Data           4  dds.o(.data)
    nsqrt_mul0                               0x200000b4   Data           4  dds.o(.data)
    dphase                                   0x200000b8   Data           4  dds.o(.data)
    max_pw                                   0x200000bc   Data           4  dds.o(.data)
    temprate                                 0x200000c0   Data           4  dds.o(.data)
    dds_start                                0x200000c4   Data           4  dds.o(.data)
    kk2                                      0x200000c8   Data           4  dds.o(.data)
    dds_p                                    0x200000d0   Data          72  dds.o(.data)
    dds_n                                    0x20000118   Data          72  dds.o(.data)
    h_temp                                   0x20000160   Data           1  ds18b20.o(.data)
    l_temp                                   0x20000161   Data           1  ds18b20.o(.data)
    DS18B20_BIT_WR                           0x20000162   Data           1  ds18b20.o(.data)
    DS18B20_TXDBUF                           0x20000163   Data           1  ds18b20.o(.data)
    temp                                     0x2000016a   Data           2  ds18b20.o(.data)
    Status18B20                              0x2000016c   Data           4  ds18b20.o(.data)
    DS18B20_INDEX                            0x20000170   Data           4  ds18b20.o(.data)
    DS18B20_RXD_POINT                        0x20000190   Data           4  ds18b20.o(.data)
    DS18B20_OP_TAB                           0x20000194   Data          40  ds18b20.o(.data)
    last_u_z                                 0x200001c0   Data           1  stm32f0xx_emu.o(.data)
    last_i_z                                 0x200001c1   Data           1  stm32f0xx_emu.o(.data)
    last_i                                   0x200001c4   Data           4  stm32f0xx_emu.o(.data)
    last_s                                   0x200001c8   Data           4  stm32f0xx_emu.o(.data)
    last_p                                   0x200001cc   Data           4  stm32f0xx_emu.o(.data)
    last_q                                   0x200001d0   Data           4  stm32f0xx_emu.o(.data)
    last_v                                   0x200001d4   Data           4  stm32f0xx_emu.o(.data)
    last_ubase                               0x200001d8   Data           4  stm32f0xx_emu.o(.data)
    last_temp                                0x200001dc   Data           4  stm32f0xx_emu.o(.data)
    last_ev                                  0x200001e0   Data           4  stm32f0xx_emu.o(.data)
    zeroIn                                   0x200001e4   Data           4  stm32f0xx_emu.o(.data)
    zeroIp                                   0x200001e8   Data           4  stm32f0xx_emu.o(.data)
    zero_i                                   0x200001f8   Data           8  stm32f0xx_emu.o(.data)
    zero_u                                   0x20000200   Data           8  stm32f0xx_emu.o(.data)
    SystemCoreClock                          0x20000208   Data           4  system_stm32f0xx.o(.data)
    AHBPrescTable                            0x2000020c   Data          16  system_stm32f0xx.o(.data)
    TxdBytes                                 0x2000021c   Data           1  modbus.o(.data)
    RxdBytes                                 0x2000021d   Data           1  modbus.o(.data)
    TxdTelBytes                              0x2000021e   Data           1  modbus.o(.data)
    ReceivedTel                              0x2000021f   Data           1  modbus.o(.data)
    config                                   0x20000222   Data          36  conf.o(.data)
    CurrentStatus                            0x20000246   Data           2  conf.o(.data)
    Adc_Data                                 0x20000258   Data          24  stm32f0xx_emu.o(.bss)
    TxdBuf                                   0x20000270   Data          96  modbus.o(.bss)
    RxdBuf                                   0x200002d0   Data          64  modbus.o(.bss)
    RxdTelBuf                                0x20000310   Data          64  modbus.o(.bss)
    __libspace_start                         0x20000350   Data          96  libspace.o(.bss)
    __temporary_stack_top$libspace           0x200003b0   Data           0  libspace.o(.bss)



==============================================================================

Memory Map of the image

  Image Entry point : 0x080000b1

  Load Region LR_IROM1 (Base: 0x08000000, Size: 0x00004e18, Max: 0x00008000, ABSOLUTE, COMPRESSED[0x00004c50])

    Execution Region ER_IROM1 (Base: 0x08000000, Size: 0x00004bc0, Max: 0x00008000, ABSOLUTE)

    Base Addr    Size         Type   Attr      Idx    E Section Name        Object

    0x08000000   0x000000b0   Data   RO          368    RESET               startup_stm32f031.o
    0x080000b0   0x00000008   Code   RO         3464  * !!!main             c_p.l(__main.o)
    0x080000b8   0x0000003c   Code   RO         3641    !!!scatter          c_p.l(__scatter.o)
    0x080000f4   0x0000001c   Code   RO         3643    !!handler_zi        c_p.l(__scatter_zi.o)
    0x08000110   0x00000002   Code   RO         3509    .ARM.Collect$$libinit$$00000000  c_p.l(libinit.o)
    0x08000112   0x00000000   Code   RO         3523    .ARM.Collect$$libinit$$00000002  c_p.l(libinit2.o)
    0x08000112   0x00000000   Code   RO         3525    .ARM.Collect$$libinit$$00000004  c_p.l(libinit2.o)
    0x08000112   0x00000000   Code   RO         3528    .ARM.Collect$$libinit$$0000000A  c_p.l(libinit2.o)
    0x08000112   0x00000000   Code   RO         3530    .ARM.Collect$$libinit$$0000000C  c_p.l(libinit2.o)
    0x08000112   0x00000000   Code   RO         3532    .ARM.Collect$$libinit$$0000000E  c_p.l(libinit2.o)
    0x08000112   0x00000000   Code   RO         3535    .ARM.Collect$$libinit$$00000011  c_p.l(libinit2.o)
    0x08000112   0x00000000   Code   RO         3537    .ARM.Collect$$libinit$$00000013  c_p.l(libinit2.o)
    0x08000112   0x00000000   Code   RO         3539    .ARM.Collect$$libinit$$00000015  c_p.l(libinit2.o)
    0x08000112   0x00000000   Code   RO         3541    .ARM.Collect$$libinit$$00000017  c_p.l(libinit2.o)
    0x08000112   0x00000000   Code   RO         3543    .ARM.Collect$$libinit$$00000019  c_p.l(libinit2.o)
    0x08000112   0x00000000   Code   RO         3545    .ARM.Collect$$libinit$$0000001B  c_p.l(libinit2.o)
    0x08000112   0x00000000   Code   RO         3547    .ARM.Collect$$libinit$$0000001D  c_p.l(libinit2.o)
    0x08000112   0x00000000   Code   RO         3549    .ARM.Collect$$libinit$$0000001F  c_p.l(libinit2.o)
    0x08000112   0x00000000   Code   RO         3551    .ARM.Collect$$libinit$$00000021  c_p.l(libinit2.o)
    0x08000112   0x00000000   Code   RO         3553    .ARM.Collect$$libinit$$00000023  c_p.l(libinit2.o)
    0x08000112   0x00000000   Code   RO         3555    .ARM.Collect$$libinit$$00000025  c_p.l(libinit2.o)
    0x08000112   0x00000000   Code   RO         3559    .ARM.Collect$$libinit$$0000002C  c_p.l(libinit2.o)
    0x08000112   0x00000000   Code   RO         3561    .ARM.Collect$$libinit$$0000002E  c_p.l(libinit2.o)
    0x08000112   0x00000000   Code   RO         3563    .ARM.Collect$$libinit$$00000030  c_p.l(libinit2.o)
    0x08000112   0x00000000   Code   RO         3565    .ARM.Collect$$libinit$$00000032  c_p.l(libinit2.o)
    0x08000112   0x00000002   Code   RO         3566    .ARM.Collect$$libinit$$00000033  c_p.l(libinit2.o)
    0x08000114   0x00000002   Code   RO         3597    .ARM.Collect$$libshutdown$$00000000  c_p.l(libshutdown.o)
    0x08000116   0x00000000   Code   RO         3624    .ARM.Collect$$libshutdown$$00000003  c_p.l(libshutdown2.o)
    0x08000116   0x00000000   Code   RO         3627    .ARM.Collect$$libshutdown$$00000006  c_p.l(libshutdown2.o)
    0x08000116   0x00000000   Code   RO         3630    .ARM.Collect$$libshutdown$$00000009  c_p.l(libshutdown2.o)
    0x08000116   0x00000000   Code   RO         3632    .ARM.Collect$$libshutdown$$0000000B  c_p.l(libshutdown2.o)
    0x08000116   0x00000000   Code   RO         3635    .ARM.Collect$$libshutdown$$0000000E  c_p.l(libshutdown2.o)
    0x08000116   0x00000002   Code   RO         3636    .ARM.Collect$$libshutdown$$0000000F  c_p.l(libshutdown2.o)
    0x08000118   0x00000000   Code   RO         3468    .ARM.Collect$$rtentry$$00000000  c_p.l(__rtentry.o)
    0x08000118   0x00000000   Code   RO         3479    .ARM.Collect$$rtentry$$00000002  c_p.l(__rtentry2.o)
    0x08000118   0x00000006   Code   RO         3491    .ARM.Collect$$rtentry$$00000004  c_p.l(__rtentry4.o)
    0x0800011e   0x00000000   Code   RO         3481    .ARM.Collect$$rtentry$$00000009  c_p.l(__rtentry2.o)
    0x0800011e   0x00000004   Code   RO         3482    .ARM.Collect$$rtentry$$0000000A  c_p.l(__rtentry2.o)
    0x08000122   0x00000000   Code   RO         3484    .ARM.Collect$$rtentry$$0000000C  c_p.l(__rtentry2.o)
    0x08000122   0x00000008   Code   RO         3485    .ARM.Collect$$rtentry$$0000000D  c_p.l(__rtentry2.o)
    0x0800012a   0x00000002   Code   RO         3514    .ARM.Collect$$rtexit$$00000000  c_p.l(rtexit.o)
    0x0800012c   0x00000000   Code   RO         3570    .ARM.Collect$$rtexit$$00000002  c_p.l(rtexit2.o)
    0x0800012c   0x00000004   Code   RO         3571    .ARM.Collect$$rtexit$$00000003  c_p.l(rtexit2.o)
    0x08000130   0x00000006   Code   RO         3572    .ARM.Collect$$rtexit$$00000004  c_p.l(rtexit2.o)
    0x08000136   0x00000002   PAD
    0x08000138   0x00000038   Code   RO          369    .text               startup_stm32f031.o
    0x08000170   0x00000030   Code   RO         3454    .text               c_p.l(llmul.o)
    0x080001a0   0x00000102   Code   RO         3456    .text               c_p.l(lludiv.o)
    0x080002a2   0x000001e8   Code   RO         3458    .text               c_p.l(aeabi_sdivfast.o)
    0x0800048a   0x00000006   Code   RO         3462    .text               c_p.l(heapauxi.o)
    0x08000490   0x0000003e   Code   RO         3495    .text               c_p.l(sys_stackheap_outer.o)
    0x080004ce   0x0000000c   Code   RO         3498    .text               c_p.l(exit.o)
    0x080004da   0x00000002   PAD
    0x080004dc   0x00000008   Code   RO         3510    .text               c_p.l(libspace.o)
    0x080004e4   0x0000000c   Code   RO         3567    .text               c_p.l(sys_exit.o)
    0x080004f0   0x00000002   Code   RO         3586    .text               c_p.l(use_no_semi.o)
    0x080004f2   0x00000000   Code   RO         3588    .text               c_p.l(indicate_semi.o)
    0x080004f2   0x00000056   Code   RO         3639    .text               c_p.l(__dczerorl2.o)
    0x08000548   0x00000108   Code   RO          535    i.ADC1_DMA_Init     stm32f0xx_emu.o
    0x08000650   0x0000000a   Code   RO         1042    i.ADC_ChannelConfig  stm32f0xx_adc.o
    0x0800065a   0x00000016   Code   RO         1046    i.ADC_Cmd           stm32f0xx_adc.o
    0x08000670   0x00000014   Code   RO         1048    i.ADC_DMACmd        stm32f0xx_adc.o
    0x08000684   0x00000010   Code   RO         1049    i.ADC_DMARequestModeConfig  stm32f0xx_adc.o
    0x08000694   0x00000024   Code   RO         1050    i.ADC_DeInit        stm32f0xx_adc.o
    0x080006b8   0x0000002e   Code   RO         1052    i.ADC_GetCalibrationFactor  stm32f0xx_adc.o
    0x080006e6   0x0000001c   Code   RO         1054    i.ADC_GetFlagStatus  stm32f0xx_adc.o
    0x08000702   0x00000002   PAD
    0x08000704   0x0000002c   Code   RO         1057    i.ADC_Init          stm32f0xx_adc.o
    0x08000730   0x0000000a   Code   RO         1060    i.ADC_StartOfConversion  stm32f0xx_adc.o
    0x0800073a   0x00000010   Code   RO         1062    i.ADC_StructInit    stm32f0xx_adc.o
    0x0800074a   0x00000002   PAD
    0x0800074c   0x0000001c   Code   RO         1063    i.ADC_TempSensorCmd  stm32f0xx_adc.o
    0x08000768   0x00000130   Code   RO            6    i.AFC_P             main.o
    0x08000898   0x00000060   Code   RO          284    i.AGC               dds.o
    0x080008f8   0x00000158   Code   RO          537    i.DMA1_Channel1_IRQHandler  stm32f0xx_emu.o
    0x08000a50   0x00000018   Code   RO         1279    i.DMA_ClearITPendingBit  stm32f0xx_dma.o
    0x08000a68   0x00000018   Code   RO         1280    i.DMA_Cmd           stm32f0xx_dma.o
    0x08000a80   0x000000e0   Code   RO         1281    i.DMA_DeInit        stm32f0xx_dma.o
    0x08000b60   0x00000020   Code   RO         1284    i.DMA_GetITStatus   stm32f0xx_dma.o
    0x08000b80   0x00000010   Code   RO         1285    i.DMA_ITConfig      stm32f0xx_dma.o
    0x08000b90   0x00000040   Code   RO         1286    i.DMA_Init          stm32f0xx_dma.o
    0x08000bd0   0x0000002c   Code   RO          398    i.DS18B20_DELAY2S   ds18b20.o
    0x08000bfc   0x0000007c   Code   RO          400    i.DS18B20_INIT      ds18b20.o
    0x08000c78   0x00000028   Code   RO          401    i.DS18B20_LOOP      ds18b20.o
    0x08000ca0   0x00000022   Code   RO          402    i.DS18B20_Mode_IPU  ds18b20.o
    0x08000cc2   0x00000032   Code   RO          403    i.DS18B20_Mode_OD   ds18b20.o
    0x08000cf4   0x00000098   Code   RO          405    i.DS18B20_READ_DATA0  ds18b20.o
    0x08000d8c   0x00000098   Code   RO          406    i.DS18B20_READ_DATA1  ds18b20.o
    0x08000e24   0x00000070   Code   RO          407    i.DS18B20_WRITE_44  ds18b20.o
    0x08000e94   0x00000070   Code   RO          408    i.DS18B20_WRITE_BE  ds18b20.o
    0x08000f04   0x00000070   Code   RO          409    i.DS18B20_WRITE_CC  ds18b20.o
    0x08000f74   0x0000000c   Code   RO         1365    i.EXTI_ClearITPendingBit  stm32f0xx_exti.o
    0x08000f80   0x00000038   Code   RO         1428    i.FLASH_ErasePage   stm32f0xx_flash.o
    0x08000fb8   0x00000010   Code   RO         1433    i.FLASH_Lock        stm32f0xx_flash.o
    0x08000fc8   0x00000014   Code   RO         1439    i.FLASH_OB_GetRDP   stm32f0xx_flash.o
    0x08000fdc   0x00000014   Code   RO         1442    i.FLASH_OB_Launch   stm32f0xx_flash.o
    0x08000ff0   0x00000010   Code   RO         1443    i.FLASH_OB_Lock     stm32f0xx_flash.o
    0x08001000   0x00000060   Code   RO         1445    i.FLASH_OB_RDPConfig  stm32f0xx_flash.o
    0x08001060   0x00000020   Code   RO         1447    i.FLASH_OB_Unlock   stm32f0xx_flash.o
    0x08001080   0x00000034   Code   RO         1452    i.FLASH_ProgramHalfWord  stm32f0xx_flash.o
    0x080010b4   0x00000020   Code   RO         1455    i.FLASH_Unlock      stm32f0xx_flash.o
    0x080010d4   0x00000058   Code   RO         1456    i.FLASH_WaitForLastOperation  stm32f0xx_flash.o
    0x0800112c   0x00000072   Code   RO         1626    i.GPIO_Init         stm32f0xx_gpio.o
    0x0800119e   0x00000022   Code   RO         1627    i.GPIO_PinAFConfig  stm32f0xx_gpio.o
    0x080011c0   0x0000000e   Code   RO         1630    i.GPIO_ReadInputDataBit  stm32f0xx_gpio.o
    0x080011ce   0x00000004   Code   RO         1633    i.GPIO_ResetBits    stm32f0xx_gpio.o
    0x080011d2   0x00000004   Code   RO         1634    i.GPIO_SetBits      stm32f0xx_gpio.o
    0x080011d6   0x00000002   Code   RO          642    i.HardFault_Handler  stm32f0xx_it.o
    0x080011d8   0x00000010   Code   RO         1717    i.IWDG_Enable       stm32f0xx_iwdg.o
    0x080011e8   0x00000010   Code   RO         1719    i.IWDG_ReloadCounter  stm32f0xx_iwdg.o
    0x080011f8   0x0000000c   Code   RO         1720    i.IWDG_SetPrescaler  stm32f0xx_iwdg.o
    0x08001204   0x0000000c   Code   RO         1721    i.IWDG_SetReload    stm32f0xx_iwdg.o
    0x08001210   0x0000000c   Code   RO         1723    i.IWDG_WriteAccessCmd  stm32f0xx_iwdg.o
    0x0800121c   0x00000002   Code   RO          643    i.NMI_Handler       stm32f0xx_it.o
    0x0800121e   0x00000002   PAD
    0x08001220   0x00000054   Code   RO         1773    i.NVIC_Init         stm32f0xx_misc.o
    0x08001274   0x0000000c   Code   RO           11    i.On1ms             main.o
    0x08001280   0x00000200   Code   RO          884    i.OnGetData03       modbus.o
    0x08001480   0x00000130   Code   RO          887    i.OnSetData06       modbus.o
    0x080015b0   0x00000020   Code   RO          538    i.PVD_IRQHandler    stm32f0xx_emu.o
    0x080015d0   0x00000002   Code   RO          644    i.PendSV_Handler    stm32f0xx_it.o
    0x080015d2   0x00000002   PAD
    0x080015d4   0x00000018   Code   RO         1880    i.RCC_AHBPeriphClockCmd  stm32f0xx_rcc.o
    0x080015ec   0x00000018   Code   RO         1884    i.RCC_APB2PeriphClockCmd  stm32f0xx_rcc.o
    0x08001604   0x00000018   Code   RO         1885    i.RCC_APB2PeriphResetCmd  stm32f0xx_rcc.o
    0x0800161c   0x00000180   Code   RO         1894    i.RCC_GetClocksFreq  stm32f0xx_rcc.o
    0x0800179c   0x00000214   Code   RO          888    i.RxdByte           modbus.o
    0x080019b0   0x00000002   Code   RO          645    i.SVC_Handler       stm32f0xx_it.o
    0x080019b2   0x00000008   Code   RO          691    i.SysTick_Handler   stm32f030.o
    0x080019ba   0x00000002   PAD
    0x080019bc   0x000000e8   Code   RO          802    i.SystemInit        system_stm32f0xx.o
    0x08001aa4   0x00000034   Code   RO          412    i.TIM16_IRQHandler  ds18b20.o
    0x08001ad8   0x00000024   Code   RO          539    i.TIM1_BRK_UP_TRG_COM_IRQHandler  stm32f0xx_emu.o
    0x08001afc   0x00000006   Code   RO         2545    i.TIM_ClearITPendingBit  stm32f0xx_tim.o
    0x08001b02   0x00000014   Code   RO         2550    i.TIM_Cmd           stm32f0xx_tim.o
    0x08001b16   0x00000018   Code   RO         2552    i.TIM_CtrlPWMOutputs  stm32f0xx_tim.o
    0x08001b2e   0x00000018   Code   RO         2571    i.TIM_GetITStatus   stm32f0xx_tim.o
    0x08001b46   0x00000010   Code   RO         2575    i.TIM_ITConfig      stm32f0xx_tim.o
    0x08001b56   0x00000002   PAD
    0x08001b58   0x00000080   Code   RO         2579    i.TIM_OC1Init       stm32f0xx_tim.o
    0x08001bd8   0x0000000c   Code   RO         2582    i.TIM_OC1PreloadConfig  stm32f0xx_tim.o
    0x08001be4   0x00000094   Code   RO         2584    i.TIM_OC2Init       stm32f0xx_tim.o
    0x08001c78   0x00000014   Code   RO         2587    i.TIM_OC2PreloadConfig  stm32f0xx_tim.o
    0x08001c8c   0x00000088   Code   RO         2589    i.TIM_OC3Init       stm32f0xx_tim.o
    0x08001d14   0x0000000c   Code   RO         2592    i.TIM_OC3PreloadConfig  stm32f0xx_tim.o
    0x08001d20   0x00000064   Code   RO         2594    i.TIM_OC4Init       stm32f0xx_tim.o
    0x08001d84   0x00000014   Code   RO         2596    i.TIM_OC4PreloadConfig  stm32f0xx_tim.o
    0x08001d98   0x00000014   Code   RO         2597    i.TIM_OCStructInit  stm32f0xx_tim.o
    0x08001dac   0x00000010   Code   RO         2609    i.TIM_SelectOutputTrigger  stm32f0xx_tim.o
    0x08001dbc   0x00000078   Code   RO         2623    i.TIM_TimeBaseInit  stm32f0xx_tim.o
    0x08001e34   0x000000a8   Code   RO          692    i.USART1_IRQHandler  stm32f030.o
    0x08001edc   0x00000004   Code   RO         3084    i.USART_ClearFlag   stm32f0xx_usart.o
    0x08001ee0   0x0000000a   Code   RO         3085    i.USART_ClearITPendingBit  stm32f0xx_usart.o
    0x08001eea   0x00000014   Code   RO         3088    i.USART_Cmd         stm32f0xx_usart.o
    0x08001efe   0x0000003c   Code   RO         3097    i.USART_GetITStatus  stm32f0xx_usart.o
    0x08001f3a   0x0000002c   Code   RO         3099    i.USART_ITConfig    stm32f0xx_usart.o
    0x08001f66   0x00000002   PAD
    0x08001f68   0x000000a8   Code   RO         3100    i.USART_Init        stm32f0xx_usart.o
    0x08002010   0x00000008   Code   RO         3112    i.USART_ReceiveData  stm32f0xx_usart.o
    0x08002018   0x00000008   Code   RO         3117    i.USART_SendData    stm32f0xx_usart.o
    0x08002020   0x00000032   Code   RO          634    i.__ARM_common_ll_mulss  stm32f0xx_emu.o
    0x08002052   0x00000032   Code   RO          356    i.__ARM_common_ll_muluu  dds.o
    0x08002084   0x00000022   Code   RO          980    i.__ARM_common_memcpy1_8  modbus.o
    0x080020a6   0x00000002   PAD
    0x080020a8   0x000000a4   Code   RO          286    i.dds_pwm_init      dds.o
    0x0800214c   0x0000023c   Code   RO          540    i.emu               stm32f0xx_emu.o
    0x08002388   0x00000074   Code   RO          543    i.getTemp           stm32f0xx_emu.o
    0x080023fc   0x00000024   Code   RO          891    i.getTxdByte        modbus.o
    0x08002420   0x0000001c   Code   RO          892    i.hasByteToTxd      modbus.o
    0x0800243c   0x00000080   Code   RO          693    i.init485           stm32f030.o
    0x080024bc   0x00000074   Code   RO          413    i.initDS18B20       ds18b20.o
    0x08002530   0x0000008c   Code   RO          544    i.initDSP           stm32f0xx_emu.o
    0x080025bc   0x00000008   Code   RO          836    i.initEEPROM        stm32f051_flash.o
    0x080025c4   0x00000094   Code   RO           14    i.initModel         main.o
    0x08002658   0x00000026   Code   RO          694    i.initPLL           stm32f030.o
    0x0800267e   0x00000002   PAD
    0x08002680   0x0000002c   Code   RO          993    i.initSelfTestPort  conf.o
    0x080026ac   0x00000064   Code   RO          695    i.initSysTick1ms    stm32f030.o
    0x08002710   0x00000028   Code   RO          696    i.initWatchdog      stm32f030.o
    0x08002738   0x000000ac   Code   RO          287    i.init_dds          dds.o
    0x080027e4   0x00000014   Code   RO          288    i.is_dds_start      dds.o
    0x080027f8   0x00000054   Code   RO          895    i.leftRxdTel        modbus.o
    0x0800284c   0x00000078   Code   RO          837    i.loadConfig        stm32f051_flash.o
    0x080028c4   0x000002f0   Code   RO           15    i.main              main.o
    0x08002bb4   0x00000050   Code   RO          896    i.modbusLoop        modbus.o
    0x08002c04   0x000001f8   Code   RO          289    i.next_dds          dds.o
    0x08002dfc   0x00000040   Code   RO          838    i.saveConfig        stm32f051_flash.o
    0x08002e3c   0x000000c8   Code   RO          699    i.setCom            stm32f030.o
    0x08002f04   0x00000044   Code   RO          701    i.startTxd          stm32f030.o
    0x08002f48   0x00000018   Code   RO          290    i.start_dds         dds.o
    0x08002f60   0x0000000c   Code   RO          291    i.stop_dds          dds.o
    0x08002f6c   0x00000088   Code   RO          375    i.tab_sqrt_trig     tab_sqrt_trig.o
    0x08002ff4   0x00000104   Code   RO           18    i.testError         main.o
    0x080030f8   0x0000004c   Code   RO          292    i.update_freq       dds.o
    0x08003144   0x00000044   Data   RO           20    .constdata          main.o
    0x08003188   0x00001818   Data   RO          376    .constdata          tab_sqrt_trig.o
    0x080049a0   0x00000200   Data   RO          898    .constdata          modbus.o
    0x08004ba0   0x00000020   Data   RO         3637    Region$$Table       anon$$obj.o


    Execution Region RW_IRAM1 (Base: 0x20000000, Size: 0x000009b0, Max: 0x00001000, ABSOLUTE, COMPRESSED[0x00000090])

    Base Addr    Size         Type   Attr      Idx    E Section Name        Object

    0x20000000   0x000000a0   Data   RW           21    .data               main.o
    0x200000a0   0x000000c0   Data   RW          293    .data               dds.o
    0x20000160   0x0000005c   Data   RW          421    .data               ds18b20.o
    0x200001bc   0x00000004   PAD
    0x200001c0   0x00000048   Data   RW          550    .data               stm32f0xx_emu.o
    0x20000208   0x00000014   Data   RW          803    .data               system_stm32f0xx.o
    0x2000021c   0x00000005   Data   RW          899    .data               modbus.o
    0x20000221   0x00000001   PAD
    0x20000222   0x00000024   Data   RW          994    .data               conf.o
    0x20000246   0x00000002   Data   RW          995    .data               conf.o
    0x20000248   0x00000010   Data   RW         1920    .data               stm32f0xx_rcc.o
    0x20000258   0x00000018   Zero   RW          549    .bss                stm32f0xx_emu.o
    0x20000270   0x000000e0   Zero   RW          897    .bss                modbus.o
    0x20000350   0x00000060   Zero   RW         3511    .bss                c_p.l(libspace.o)
    0x200003b0   0x00000200   Zero   RW          367    HEAP                startup_stm32f031.o
    0x200005b0   0x00000400   Zero   RW          366    STACK               startup_stm32f031.o


==============================================================================

Image component sizes


      Code (inc. data)   RO Data    RW Data    ZI Data      Debug   Object Name

        44          4          0         38          0       3282   conf.o
      1118        142          0        192          0       8732   dds.o
      1100        144          0         92          0       8781   ds18b20.o
      1476        114         68        160          0      22305   main.o
      1610        172        512          5        224       7701   modbus.o
         0          0          0          0          0     245976   power.o
        56         26        176          0       1536        680   startup_stm32f031.o
       750         66          0          0          0      11707   stm32f030.o
       192         26          0          0          0       2819   stm32f051_flash.o
       276         16          0          0          0       7066   stm32f0xx_adc.o
       384         88          0          0          0       5463   stm32f0xx_dma.o
      1554        160          0         72         24       6745   stm32f0xx_emu.o
        12          6          0          0          0        557   stm32f0xx_exti.o
       428         68          0          0          0       6614   stm32f0xx_flash.o
       170          0          0          0          0       3555   stm32f0xx_gpio.o
         8          0          0          0          0       1981   stm32f0xx_it.o
        68         34          0          0          0       2698   stm32f0xx_iwdg.o
        84         14          0          0          0       1060   stm32f0xx_misc.o
       456         52          0         16          0       3906   stm32f0xx_rcc.o
       822        130          0          0          0      11711   stm32f0xx_tim.o
       322         20          0          0          0       5959   stm32f0xx_usart.o
       232         16          0         20          0       1681   system_stm32f0xx.o
       136         28       6168          0          0       1590   tab_sqrt_trig.o

    ----------------------------------------------------------------------
     11316       1326       6956        600       1784     372569   Object Totals
         0          0         32          0          0          0   (incl. Generated)
        18          0          0          5          0          0   (incl. Padding)

    ----------------------------------------------------------------------

      Code (inc. data)   RO Data    RW Data    ZI Data      Debug   Library Member Name

        86          0          0          0          0          0   __dczerorl2.o
         8          0          0          0          0         68   __main.o
         0          0          0          0          0          0   __rtentry.o
        12          0          0          0          0          0   __rtentry2.o
         6          0          0          0          0          0   __rtentry4.o
        60          8          0          0          0          0   __scatter.o
        28          0          0          0          0          0   __scatter_zi.o
       488          0          0          0          0         92   aeabi_sdivfast.o
        12          0          0          0          0         64   exit.o
         6          0          0          0          0        136   heapauxi.o
         0          0          0          0          0          0   indicate_semi.o
         2          0          0          0          0          0   libinit.o
         2          0          0          0          0          0   libinit2.o
         2          0          0          0          0          0   libshutdown.o
         2          0          0          0          0          0   libshutdown2.o
         8          4          0          0         96         68   libspace.o
        48          0          0          0          0         72   llmul.o
       258          0          0          0          0         88   lludiv.o
         2          0          0          0          0          0   rtexit.o
        10          0          0          0          0          0   rtexit2.o
        12          4          0          0          0         60   sys_exit.o
        62          0          0          0          0         80   sys_stackheap_outer.o
         2          0          0          0          0         68   use_no_semi.o

    ----------------------------------------------------------------------
      1120         16          0          0         96        796   Library Totals
         4          0          0          0          0          0   (incl. Padding)

    ----------------------------------------------------------------------

      Code (inc. data)   RO Data    RW Data    ZI Data      Debug   Library Name

      1116         16          0          0         96        796   c_p.l

    ----------------------------------------------------------------------
      1120         16          0          0         96        796   Library Totals

    ----------------------------------------------------------------------

==============================================================================


      Code (inc. data)   RO Data    RW Data    ZI Data      Debug   

     12436       1342       6956        600       1880     367725   Grand Totals
     12436       1342       6956        144       1880     367725   ELF Image Totals (compressed)
     12436       1342       6956        144          0          0   ROM Totals

==============================================================================

    Total RO  Size (Code + RO Data)                19392 (  18.94kB)
    Total RW  Size (RW Data + ZI Data)              2480 (   2.42kB)
    Total ROM Size (Code + RO Data + RW Data)      19536 (  19.08kB)

==============================================================================

