Component: ARM Compiler 5.06 update 6 (build 750) Tool: armlink [4d35ed]

==============================================================================

Section Cross References

    main.o(i.AFC_18B20) refers to aeabi_sdivfast.o(.text) for __aeabi_idivmod
    main.o(i.AFC_18B20) refers to main.o(.data) for .data
    main.o(i.AFC_18B20) refers to main.o(.constdata) for .constdata
    main.o(i.AFC_18B20) refers to conf.o(.data) for config
    main.o(i.AFC_I) refers to aeabi_sdivfast.o(.text) for __aeabi_uidivmod
    main.o(i.AFC_I) refers to conf.o(.data) for config
    main.o(i.AFC_I) refers to main.o(.data) for .data
    main.o(i.AFC_KK) refers to aeabi_sdivfast.o(.text) for __aeabi_uidivmod
    main.o(i.AFC_KK) refers to conf.o(.data) for config
    main.o(i.AFC_KK) refers to main.o(.data) for .data
    main.o(i.AFC_P) refers to aeabi_sdivfast.o(.text) for __aeabi_uidivmod
    main.o(i.AFC_P) refers to conf.o(.data) for config
    main.o(i.AFC_P) refers to main.o(.data) for .data
    main.o(i.AFC_PF) refers to aeabi_sdivfast.o(.text) for __aeabi_uidivmod
    main.o(i.AFC_PF) refers to conf.o(.data) for config
    main.o(i.AFC_PF) refers to main.o(.data) for .data
    main.o(i.AFC_Z) refers to aeabi_sdivfast.o(.text) for __aeabi_uidivmod
    main.o(i.AFC_Z) refers to conf.o(.data) for config
    main.o(i.AFC_Z) refers to main.o(.data) for .data
    main.o(i.AutoTempMode) refers to dds.o(i.start_dds) for start_dds
    main.o(i.AutoTempMode) refers to dds.o(i.stop_dds) for stop_dds
    main.o(i.AutoTempMode) refers to main.o(.data) for .data
    main.o(i.AutoTempMode) refers to conf.o(.data) for config
    main.o(i.AutoTempMode) refers to conf.o(.data) for CurrentStatus
    main.o(i.Delay) refers to stm32f0xx_iwdg.o(i.IWDG_ReloadCounter) for IWDG_ReloadCounter
    main.o(i.On1ms) refers to main.o(.data) for .data
    main.o(i.Search_PF_AFC_P) refers to aeabi_sdivfast.o(.text) for __aeabi_uidivmod
    main.o(i.Search_PF_AFC_P) refers to conf.o(.data) for config
    main.o(i.Search_PF_AFC_P) refers to main.o(.data) for .data
    main.o(i.getModel) refers to stm32f0xx_rcc.o(i.RCC_AHBPeriphClockCmd) for RCC_AHBPeriphClockCmd
    main.o(i.getModel) refers to stm32f0xx_gpio.o(i.GPIO_Init) for GPIO_Init
    main.o(i.getModel) refers to stm32f0xx_gpio.o(i.GPIO_ReadInputDataBit) for GPIO_ReadInputDataBit
    main.o(i.initModel) refers to stm32f0xx_rcc.o(i.RCC_AHBPeriphClockCmd) for RCC_AHBPeriphClockCmd
    main.o(i.initModel) refers to stm32f0xx_gpio.o(i.GPIO_Init) for GPIO_Init
    main.o(i.initModel) refers to stm32f0xx_gpio.o(i.GPIO_ReadInputDataBit) for GPIO_ReadInputDataBit
    main.o(i.initModel) refers to main.o(.data) for .data
    main.o(i.main) refers to stm32f030.o(i.initWatchdog) for initWatchdog
    main.o(i.main) refers to stm32f051_flash.o(i.initEEPROM) for initEEPROM
    main.o(i.main) refers to power.o(i.init_power) for init_power
    main.o(i.main) refers to stm32f030.o(i.init485) for init485
    main.o(i.main) refers to stm32f0xx_emu.o(i.initDSP) for initDSP
    main.o(i.main) refers to stm32f030.o(i.initSysTick1ms) for initSysTick1ms
    main.o(i.main) refers to ds18b20.o(i.initDS18B20) for initDS18B20
    main.o(i.main) refers to stm32f0xx_iwdg.o(i.IWDG_ReloadCounter) for IWDG_ReloadCounter
    main.o(i.main) refers to modbus.o(i.modbusLoop) for modbusLoop
    main.o(i.main) refers to aeabi_sdivfast.o(.text) for __aeabi_uidivmod
    main.o(i.main) refers to main.o(i.updat_freq_by_temp) for updat_freq_by_temp
    main.o(i.main) refers to stm32f0xx_emu.o(i.getTemp) for getTemp
    main.o(i.main) refers to conf.o(.data) for CurrentStatus
    main.o(i.main) refers to conf.o(.data) for config
    main.o(i.main) refers to main.o(.data) for .data
    main.o(i.p_control) refers to aeabi_sdivfast.o(.text) for __aeabi_idivmod
    main.o(i.p_control) refers to main.o(.data) for .data
    main.o(i.p_control) refers to conf.o(.data) for config
    main.o(i.q_control) refers to aeabi_sdivfast.o(.text) for __aeabi_idivmod
    main.o(i.q_control) refers to main.o(.data) for .data
    main.o(i.q_control) refers to conf.o(.data) for config
    main.o(i.testError) refers to dds.o(i.is_dds_end) for is_dds_end
    main.o(i.testError) refers to stm32f0xx_rcc.o(i.RCC_AHBPeriphClockCmd) for RCC_AHBPeriphClockCmd
    main.o(i.testError) refers to stm32f0xx_gpio.o(i.GPIO_Init) for GPIO_Init
    main.o(i.testError) refers to stm32f0xx_gpio.o(i.GPIO_SetBits) for GPIO_SetBits
    main.o(i.testError) refers to stm32f0xx_gpio.o(i.GPIO_ResetBits) for GPIO_ResetBits
    main.o(i.testError) refers to main.o(.data) for .data
    main.o(i.updat_freq_by_temp) refers to main.o(.data) for .data
    main.o(i.updat_freq_by_temp) refers to conf.o(.data) for config
    main.o(i.updat_freq_by_temp) refers to conf.o(.data) for CurrentStatus
    main.o(i.updata_pwm) refers to aeabi_sdivfast.o(.text) for __aeabi_uidivmod
    main.o(i.updata_pwm) refers to conf.o(.data) for CurrentStatus
[...]
    ../clib/angel/rt.s                       0x00000000   Number         0  aeabi_ldiv0.o ABSOLUTE
    ../clib/angel/rt.s                       0x00000000   Number         0  aeabi_ldiv0_sigfpe.o ABSOLUTE
    ../clib/angel/rt.s                       0x00000000   Number         0  rt_raise.o ABSOLUTE
    ../clib/angel/rt.s                       0x00000000   Number         0  rt_div0.o ABSOLUTE
    ../clib/angel/scatterp.s                 0x00000000   Number         0  __scatter.o ABSOLUTE
    ../clib/angel/startup.s                  0x00000000   Number         0  __main.o ABSOLUTE
    ../clib/angel/sys.s                      0x00000000   Number         0  sys_stackheap_outer.o ABSOLUTE
    ../clib/angel/sys.s                      0x00000000   Number         0  libspace.o ABSOLUTE
    ../clib/angel/sys.s                      0x00000000   Number         0  indicate_semi.o ABSOLUTE
    ../clib/angel/sys.s                      0x00000000   Number         0  use_no_semi.o ABSOLUTE
    ../clib/angel/sys.s                      0x00000000   Number         0  tempstk.o ABSOLUTE
    ../clib/angel/sysapp.c                   0x00000000   Number         0  sys_command.o ABSOLUTE
    ../clib/angel/sysapp.c                   0x00000000   Number         0  sys_wrch.o ABSOLUTE
    ../clib/angel/sysapp.c                   0x00000000   Number         0  sys_exit.o ABSOLUTE
    ../clib/armsys.c                         0x00000000   Number         0  no_argv.o ABSOLUTE
    ../clib/armsys.c                         0x00000000   Number         0  _get_argv_nomalloc.o ABSOLUTE
    ../clib/armsys.c                         0x00000000   Number         0  argv_veneer.o ABSOLUTE
    ../clib/division.c                       0x00000000   Number         0  lludiv.o ABSOLUTE
    ../clib/division.s                       0x00000000   Number         0  aeabi_sdivfast.o ABSOLUTE
    ../clib/division.s                       0x00000000   Number         0  aeabi_sdivfast_div0.o ABSOLUTE
    ../clib/heapalloc.c                      0x00000000   Number         0  hrguard.o ABSOLUTE
    ../clib/heapaux.c                        0x00000000   Number         0  heapauxi.o ABSOLUTE
    ../clib/libinit.s                        0x00000000   Number         0  libinit.o ABSOLUTE
    ../clib/libinit.s                        0x00000000   Number         0  libshutdown.o ABSOLUTE
    ../clib/libinit.s                        0x00000000   Number         0  libinit2.o ABSOLUTE
    ../clib/libinit.s                        0x00000000   Number         0  libshutdown2.o ABSOLUTE
    ../clib/longlong.c                       0x00000000   Number         0  llmul.o ABSOLUTE
    ../clib/signal.c                         0x00000000   Number         0  defsig_cppl_inner.o ABSOLUTE
    ../clib/signal.c                         0x00000000   Number         0  defsig_stak_inner.o ABSOLUTE
    ../clib/signal.c                         0x00000000   Number         0  defsig_rtmem_formal.o ABSOLUTE
    ../clib/signal.c                         0x00000000   Number         0  defsig_rtmem_outer.o ABSOLUTE
    ../clib/signal.c                         0x00000000   Number         0  defsig_rtmem_inner.o ABSOLUTE
    ../clib/signal.c                         0x00000000   Number         0  defsig_rtred_inner.o ABSOLUTE
    ../clib/signal.c                         0x00000000   Number         0  defsig_abrt_inner.o ABSOLUTE
    ../clib/signal.c                         0x00000000   Number         0  defsig_general.o ABSOLUTE
    ../clib/signal.c                         0x00000000   Number         0  __raise.o ABSOLUTE
    ../clib/signal.c                         0x00000000   Number         0  defsig_pvfn_inner.o ABSOLUTE
    ../clib/signal.c                         0x00000000   Number         0  defsig_fpe_inner.o ABSOLUTE
    ../clib/signal.c                         0x00000000   Number         0  defsig_exit.o ABSOLUTE
    ../clib/signal.c                         0x00000000   Number         0  defsig_fpe_formal.o ABSOLUTE
    ../clib/signal.c                         0x00000000   Number         0  defsig_fpe_outer.o ABSOLUTE
    ../clib/signal.c                         0x00000000   Number         0  defsig_other.o ABSOLUTE
    ../clib/signal.c                         0x00000000   Number         0  defsig_segv_inner.o ABSOLUTE
    ../clib/signal.s                         0x00000000   Number         0  defsig.o ABSOLUTE
    ../clib/stdlib.c                         0x00000000   Number         0  exit.o ABSOLUTE
    ../fplib/cfplib/ffix.c                   0x00000000   Number         0  ffixi.o ABSOLUTE
    ../fplib/cfplib/fpinit.c                 0x00000000   Number         0  fpinit.o ABSOLUTE
    ../fplib/usenofp.s                       0x00000000   Number         0  usenofp.o ABSOLUTE
    ..\..\dspcpu\STM32F0X_FWLIB\src\stm32f0xx_adc.c 0x00000000   Number         0  stm32f0xx_adc.o ABSOLUTE
    ..\..\dspcpu\STM32F0X_FWLIB\src\stm32f0xx_dbgmcu.c 0x00000000   Number         0  stm32f0xx_dbgmcu.o ABSOLUTE
    ..\..\dspcpu\STM32F0X_FWLIB\src\stm32f0xx_dma.c 0x00000000   Number         0  stm32f0xx_dma.o ABSOLUTE
    ..\..\dspcpu\STM32F0X_FWLIB\src\stm32f0xx_exti.c 0x00000000   Number         0  stm32f0xx_exti.o ABSOLUTE
    ..\..\dspcpu\STM32F0X_FWLIB\src\stm32f0xx_flash.c 0x00000000   Number         0  stm32f0xx_flash.o ABSOLUTE
    ..\..\dspcpu\STM32F0X_FWLIB\src\stm32f0xx_gpio.c 0x00000000   Number         0  stm32f0xx_gpio.o ABSOLUTE
    ..\..\dspcpu\STM32F0X_FWLIB\src\stm32f0xx_iwdg.c 0x00000000   Number         0  stm32f0xx_iwdg.o ABSOLUTE
    ..\..\dspcpu\STM32F0X_FWLIB\src\stm32f0xx_misc.c 0x00000000   Number         0  stm32f0xx_misc.o ABSOLUTE
    ..\..\dspcpu\STM32F0X_FWLIB\src\stm32f0xx_pwr.c 0x00000000   Number         0  stm32f0xx_pwr.o ABSOLUTE
    ..\..\dspcpu\STM32F0X_FWLIB\src\stm32f0xx_rcc.c 0x00000000   Number         0  stm32f0xx_rcc.o ABSOLUTE
    ..\..\dspcpu\STM32F0X_FWLIB\src\stm32f0xx_rtc.c 0x00000000   Number         0  stm32f0xx_rtc.o ABSOLUTE
    ..\..\dspcpu\STM32F0X_FWLIB\src\stm32f0xx_syscfg.c 0x00000000   Number         0  stm32f0xx_syscfg.o ABSOLUTE
    ..\..\dspcpu\STM32F0X_FWLIB\src\stm32f0xx_tim.c 0x00000000   Number         0  stm32f0xx_tim.o ABSOLUTE
    ..\..\dspcpu\STM32F0X_FWLIB\src\stm32f0xx_usart.c 0x00000000   Number         0  stm32f0xx_usart.o ABSOLUTE
    ..\..\dspcpu\STM32F0X_FWLIB\src\stm32f0xx_wwdg.c 0x00000000   Number         0  stm32f0xx_wwdg.o ABSOLUTE
    ..\..\dspcpu\stm32f0xx\startup_stm32f031.s 0x00000000   Number         0  startup_stm32f031.o ABSOLUTE
    ..\..\dspcpu\stm32f0xx\stm32f030.c       0x00000000   Number         0  stm32f030.o ABSOLUTE
    ..\..\dspcpu\stm32f0xx\stm32f0xx_emu.c   0x00000000   Number         0  stm32f0xx_emu.o ABSOLUTE
    ..\..\dspcpu\stm32f0xx\stm32f0xx_it.c    0x00000000   Number         0  stm32f0xx_it.o ABSOLUTE
    ..\..\dspcpu\stm32f0xx\system_stm32f0xx.c 0x00000000   Number         0  system_stm32f0xx.o ABSOLUTE
    ..\..\eeprom\STM32F051_Flash.c           0x00000000   Number         0  stm32f051_flash.o ABSOLUTE
    ..\..\main\dds.c                         0x00000000   Number         0  dds.o ABSOLUTE
    ..\..\main\ds18B20.c                     0x00000000   Number         0  ds18b20.o ABSOLUTE
    ..\..\main\main.c                        0x00000000   Number         0  main.o ABSOLUTE
    ..\..\main\power.c                       0x00000000   Number         0  power.o ABSOLUTE
    ..\..\main\tab_sqrt_trig.c               0x00000000   Number         0  tab_sqrt_trig.o ABSOLUTE
    ..\..\modbus\ModBus.c                    0x00000000   Number         0  modbus.o ABSOLUTE
    ..\\..\\dspcpu\\STM32F0X_FWLIB\\src\\stm32f0xx_adc.c 0x00000000   Number         0  stm32f0xx_adc.o ABSOLUTE
    ..\\..\\dspcpu\\STM32F0X_FWLIB\\src\\stm32f0xx_dbgmcu.c 0x00000000   Number         0  stm32f0xx_dbgmcu.o ABSOLUTE
    ..\\..\\dspcpu\\STM32F0X_FWLIB\\src\\stm32f0xx_dma.c 0x00000000   Number         0  stm32f0xx_dma.o ABSOLUTE
    ..\\..\\dspcpu\\STM32F0X_FWLIB\\src\\stm32f0xx_exti.c 0x00000000   Number         0  stm32f0xx_exti.o ABSOLUTE
    ..\\..\\dspcpu\\STM32F0X_FWLIB\\src\\stm32f0xx_flash.c 0x00000000   Number         0  stm32f0xx_flash.o ABSOLUTE
    ..\\..\\dspcpu\\STM32F0X_FWLIB\\src\\stm32f0xx_gpio.c 0x00000000   Number         0  stm32f0xx_gpio.o ABSOLUTE
    ..\\..\\dspcpu\\STM32F0X_FWLIB\\src\\stm32f0xx_iwdg.c 0x00000000   Number         0  stm32f0xx_iwdg.o ABSOLUTE
    ..\\..\\dspcpu\\STM32F0X_FWLIB\\src\\stm32f0xx_misc.c 0x00000000   Number         0  stm32f0xx_misc.o ABSOLUTE
    ..\\..\\dspcpu\\STM32F0X_FWLIB\\src\\stm32f0xx_pwr.c 0x00000000   Number         0  stm32f0xx_pwr.o ABSOLUTE
    ..\\..\\dspcpu\\STM32F0X_FWLIB\\src\\stm32f0xx_rcc.c 0x00000000   Number         0  stm32f0xx_rcc.o ABSOLUTE
    ..\\..\\dspcpu\\STM32F0X_FWLIB\\src\\stm32f0xx_rtc.c 0x00000000   Number         0  stm32f0xx_rtc.o ABSOLUTE
    ..\\..\\dspcpu\\STM32F0X_FWLIB\\src\\stm32f0xx_syscfg.c 0x00000000   Number         0  stm32f0xx_syscfg.o ABSOLUTE
    ..\\..\\dspcpu\\STM32F0X_FWLIB\\src\\stm32f0xx_tim.c 0x00000000   Number         0  stm32f0xx_tim.o ABSOLUTE
    ..\\..\\dspcpu\\STM32F0X_FWLIB\\src\\stm32f0xx_usart.c 0x00000000   Number         0  stm32f0xx_usart.o ABSOLUTE
    ..\\..\\dspcpu\\STM32F0X_FWLIB\\src\\stm32f0xx_wwdg.c 0x00000000   Number         0  stm32f0xx_wwdg.o ABSOLUTE
    ..\\..\\dspcpu\\stm32f0xx\\stm32f030.c   0x00000000   Number         0  stm32f030.o ABSOLUTE
    ..\\..\\dspcpu\\stm32f0xx\\stm32f0xx_emu.c 0x00000000   Number         0  stm32f0xx_emu.o ABSOLUTE
    ..\\..\\dspcpu\\stm32f0xx\\stm32f0xx_it.c 0x00000000   Number         0  stm32f0xx_it.o ABSOLUTE
    ..\\..\\dspcpu\\stm32f0xx\\system_stm32f0xx.c 0x00000000   Number         0  system_stm32f0xx.o ABSOLUTE
    ..\\..\\eeprom\\STM32F051_Flash.c        0x00000000   Number         0  stm32f051_flash.o ABSOLUTE
    ..\\..\\main\\dds.c                      0x00000000   Number         0  dds.o ABSOLUTE
    ..\\..\\main\\ds18B20.c                  0x00000000   Number         0  ds18b20.o ABSOLUTE
    ..\\..\\main\\main.c                     0x00000000   Number         0  main.o ABSOLUTE
    ..\\..\\main\\power.c                    0x00000000   Number         0  power.o ABSOLUTE
    ..\\..\\main\\tab_sqrt_trig.c            0x00000000   Number         0  tab_sqrt_trig.o ABSOLUTE
    ..\\..\\modbus\\ModBus.c                 0x00000000   Number         0  modbus.o ABSOLUTE
    conf.c                                   0x00000000   Number         0  conf.o ABSOLUTE
    conf.c                                   0x00000000   Number         0  conf.o ABSOLUTE
    dc.s                                     0x00000000   Number         0  dc.o ABSOLUTE
    RESET                                    0x08000000   Section      176  startup_stm32f031.o(RESET)
    !!!main                                  0x080000b0   Section        8  __main.o(!!!main)
    !!!scatter                               0x080000b8   Section       60  __scatter.o(!!!scatter)
    !!handler_zi                             0x080000f4   Section       28  __scatter_zi.o(!!handler_zi)
    .ARM.Collect$$libinit$$00000000          0x08000110   Section        2  libinit.o(.ARM.Collect$$libinit$$00000000)
    .ARM.Collect$$libinit$$00000002          0x08000112   Section        0  libinit2.o(.ARM.Collect$$libinit$$00000002)
    .ARM.Collect$$libinit$$00000004          0x08000112   Section        0  libinit2.o(.ARM.Collect$$libinit$$00000004)
    .ARM.Collect$$libinit$$0000000A          0x08000112   Section        0  libinit2.o(.ARM.Collect$$libinit$$0000000A)
    .ARM.Collect$$libinit$$0000000C          0x08000112   Section        0  libinit2.o(.ARM.Collect$$libinit$$0000000C)
    .ARM.Collect$$libinit$$0000000E          0x08000112   Section        0  libinit2.o(.ARM.Collect$$libinit$$0000000E)
    .ARM.Collect$$libinit$$00000011          0x08000112   Section        0  libinit2.o(.ARM.Collect$$libinit$$00000011)
    .ARM.Collect$$libinit$$00000013          0x08000112   Section        0  libinit2.o(.ARM.Collect$$libinit$$00000013)
    .ARM.Collect$$libinit$$00000015          0x08000112   Section        0  libinit2.o(.ARM.Collect$$libinit$$00000015)
    .ARM.Collect$$libinit$$00000017          0x08000112   Section        0  libinit2.o(.ARM.Collect$$libinit$$00000017)
    .ARM.Collect$$libinit$$00000019          0x08000112   Section        0  libinit2.o(.ARM.Collect$$libinit$$00000019)
    .ARM.Collect$$libinit$$0000001B          0x08000112   Section        0  libinit2.o(.ARM.Collect$$libinit$$0000001B)
    .ARM.Collect$$libinit$$0000001D          0x08000112   Section        0  libinit2.o(.ARM.Collect$$libinit$$0000001D)
    .ARM.Collect$$libinit$$0000001F          0x08000112   Section        0  libinit2.o(.ARM.Collect$$libinit$$0000001F)
    .ARM.Collect$$libinit$$00000021          0x08000112   Section        0  libinit2.o(.ARM.Collect$$libinit$$00000021)
    .ARM.Collect$$libinit$$00000023          0x08000112   Section        0  libinit2.o(.ARM.Collect$$libinit$$00000023)
    .ARM.Collect$$libinit$$00000025          0x08000112   Section        0  libinit2.o(.ARM.Collect$$libinit$$00000025)
    .ARM.Collect$$libinit$$0000002C          0x08000112   Section        0  libinit2.o(.ARM.Collect$$libinit$$0000002C)
    .ARM.Collect$$libinit$$0000002E          0x08000112   Section        0  libinit2.o(.ARM.Collect$$libinit$$0000002E)
    .ARM.Collect$$libinit$$00000030          0x08000112   Section        0  libinit2.o(.ARM.Collect$$libinit$$00000030)
    .ARM.Collect$$libinit$$00000032          0x08000112   Section        0  libinit2.o(.ARM.Collect$$libinit$$00000032)
    .ARM.Collect$$libinit$$00000033          0x08000112   Section        2  libinit2.o(.ARM.Collect$$libinit$$00000033)
    .ARM.Collect$$libshutdown$$00000000      0x08000114   Section        2  libshutdown.o(.ARM.Collect$$libshutdown$$00000000)
    .ARM.Collect$$libshutdown$$00000002      0x08000116   Section        0  libshutdown2.o(.ARM.Collect$$libshutdown$$00000002)
    .ARM.Collect$$libshutdown$$00000004      0x08000116   Section        0  libshutdown2.o(.ARM.Collect$$libshutdown$$00000004)
    .ARM.Collect$$libshutdown$$00000007      0x08000116   Section        0  libshutdown2.o(.ARM.Collect$$libshutdown$$00000007)
    .ARM.Collect$$libshutdown$$0000000A      0x08000116   Section        0  libshutdown2.o(.ARM.Collect$$libshutdown$$0000000A)
    .ARM.Collect$$libshutdown$$0000000C      0x08000116   Section        0  libshutdown2.o(.ARM.Collect$$libshutdown$$0000000C)
    .ARM.Collect$$libshutdown$$0000000F      0x08000116   Section        0  libshutdown2.o(.ARM.Collect$$libshutdown$$0000000F)
    .ARM.Collect$$libshutdown$$00000010      0x08000116   Section        2  libshutdown2.o(.ARM.Collect$$libshutdown$$00000010)
    .ARM.Collect$$rtentry$$00000000          0x08000118   Section        0  __rtentry.o(.ARM.Collect$$rtentry$$00000000)
    .ARM.Collect$$rtentry$$00000002          0x08000118   Section        0  __rtentry2.o(.ARM.Collect$$rtentry$$00000002)
    .ARM.Collect$$rtentry$$00000004          0x08000118   Section        6  __rtentry4.o(.ARM.Collect$$rtentry$$00000004)
    .ARM.Collect$$rtentry$$00000009          0x0800011e   Section        0  __rtentry2.o(.ARM.Collect$$rtentry$$00000009)
    .ARM.Collect$$rtentry$$0000000A          0x0800011e   Section        4  __rtentry2.o(.ARM.Collect$$rtentry$$0000000A)
    .ARM.Collect$$rtentry$$0000000C          0x08000122   Section        0  __rtentry2.o(.ARM.Collect$$rtentry$$0000000C)
    .ARM.Collect$$rtentry$$0000000D          0x08000122   Section        8  __rtentry2.o(.ARM.Collect$$rtentry$$0000000D)
    .ARM.Collect$$rtexit$$00000000           0x0800012a   Section        2  rtexit.o(.ARM.Collect$$rtexit$$00000000)
    .ARM.Collect$$rtexit$$00000002           0x0800012c   Section        0  rtexit2.o(.ARM.Collect$$rtexit$$00000002)
    .ARM.Collect$$rtexit$$00000003           0x0800012c   Section        4  rtexit2.o(.ARM.Collect$$rtexit$$00000003)
    .ARM.Collect$$rtexit$$00000004           0x08000130   Section        6  rtexit2.o(.ARM.Collect$$rtexit$$00000004)
    .text                                    0x08000138   Section       56  startup_stm32f031.o(.text)
    .text                                    0x08000170   Section        0  llmul.o(.text)
    .text                                    0x080001a0   Section        0  lludiv.o(.text)
    .text                                    0x080002a2   Section      488  aeabi_sdivfast.o(.text)
    .text                                    0x0800048a   Section        0  heapauxi.o(.text)
    .text                                    0x08000490   Section       62  sys_stackheap_outer.o(.text)
    .text                                    0x080004ce   Section        0  exit.o(.text)
    .text                                    0x080004e0   Section        8  libspace.o(.text)
    .text                                    0x080004e8   Section        0  sys_exit.o(.text)
    .text                                    0x080004f4   Section        2  use_no_semi.o(.text)
    .text                                    0x080004f6   Section        0  indicate_semi.o(.text)
    .text                                    0x080004f6   Section        0  __dczerorl2.o(.text)
    i.ADC1_DMA_Init                          0x0800054c   Section        0  stm32f0xx_emu.o(i.ADC1_DMA_Init)
    i.ADC_ChannelConfig                      0x08000650   Section        0  stm32f0xx_adc.o(i.ADC_ChannelConfig)
    i.ADC_Cmd                                0x0800065a   Section        0  stm32f0xx_adc.o(i.ADC_Cmd)
    i.ADC_DMACmd                             0x08000670   Section        0  stm32f0xx_adc.o(i.ADC_DMACmd)
    i.ADC_DMARequestModeConfig               0x08000684   Section        0  stm32f0xx_adc.o(i.ADC_DMARequestModeConfig)
    i.ADC_DeInit                             0x08000694   Section        0  stm32f0xx_adc.o(i.ADC_DeInit)
    i.ADC_GetCalibrationFactor               0x080006b8   Section        0  stm32f0xx_adc.o(i.ADC_GetCalibrationFactor)
    i.ADC_GetFlagStatus                      0x080006e6   Section        0  stm32f0xx_adc.o(i.ADC_GetFlagStatus)
    i.ADC_Init                               0x08000704   Section        0  stm32f0xx_adc.o(i.ADC_Init)
    i.ADC_StartOfConversion                  0x08000730   Section        0  stm32f0xx_adc.o(i.ADC_StartOfConversion)
    i.ADC_StructInit                         0x0800073a   Section        0  stm32f0xx_adc.o(i.ADC_StructInit)
    i.ADC_TempSensorCmd                      0x0800074c   Section        0  stm32f0xx_adc.o(i.ADC_TempSensorCmd)
    i.DMA1_Channel1_IRQHandler               0x08000768   Section        0  stm32f0xx_emu.o(i.DMA1_Channel1_IRQHandler)
    i.DMA_ClearITPendingBit                  0x080007b4   Section        0  stm32f0xx_dma.o(i.DMA_ClearITPendingBit)
    i.DMA_Cmd                                0x080007cc   Section        0  stm32f0xx_dma.o(i.DMA_Cmd)
    i.DMA_DeInit                             0x080007e4   Section        0  stm32f0xx_dma.o(i.DMA_DeInit)
    i.DMA_GetITStatus                        0x080008c4   Section        0  stm32f0xx_dma.o(i.DMA_GetITStatus)
    i.DMA_ITConfig                           0x080008e4   Section        0  stm32f0xx_dma.o(i.DMA_ITConfig)
    i.DMA_Init                               0x080008f4   Section        0  stm32f0xx_dma.o(i.DMA_Init)
    i.DS18B20_DELAY2S                        0x08000934   Section        0  ds18b20.o(i.DS18B20_DELAY2S)
    i.DS18B20_INIT                           0x08000960   Section        0  ds18b20.o(i.DS18B20_INIT)
    i.DS18B20_LOOP                           0x080009cc   Section        0  ds18b20.o(i.DS18B20_LOOP)
    i.DS18B20_Mode_IPU                       0x08000a4c   Section        0  ds18b20.o(i.DS18B20_Mode_IPU)
    i.DS18B20_Mode_OD                        0x08000a70   Section        0  ds18b20.o(i.DS18B20_Mode_OD)
    i.DS18B20_READ_DATA0                     0x08000aa8   Section        0  ds18b20.o(i.DS18B20_READ_DATA0)
    i.DS18B20_READ_DATA1                     0x08000b4c   Section        0  ds18b20.o(i.DS18B20_READ_DATA1)
    i.DS18B20_READ_DATA2                     0x08000bf0   Section        0  ds18b20.o(i.DS18B20_READ_DATA2)
    i.DS18B20_READ_DATA3                     0x08000c94   Section        0  ds18b20.o(i.DS18B20_READ_DATA3)
    i.DS18B20_READ_DATA4                     0x08000d38   Section        0  ds18b20.o(i.DS18B20_READ_DATA4)
    i.DS18B20_READ_DATA5                     0x08000ddc   Section        0  ds18b20.o(i.DS18B20_READ_DATA5)
    i.DS18B20_READ_DATA6                     0x08000e80   Section        0  ds18b20.o(i.DS18B20_READ_DATA6)
    i.DS18B20_READ_DATA7                     0x08000f24   Section        0  ds18b20.o(i.DS18B20_READ_DATA7)
    i.DS18B20_READ_DATA8                     0x08000fc8   Section        0  ds18b20.o(i.DS18B20_READ_DATA8)
    i.DS18B20_WRITE_44                       0x0800106c   Section        0  ds18b20.o(i.DS18B20_WRITE_44)
    i.DS18B20_WRITE_BE                       0x080010dc   Section        0  ds18b20.o(i.DS18B20_WRITE_BE)
    i.DS18B20_WRITE_CC                       0x0800114c   Section        0  ds18b20.o(i.DS18B20_WRITE_CC)
    i.EXTI_ClearITPendingBit                 0x080011bc   Section        0  stm32f0xx_exti.o(i.EXTI_ClearITPendingBit)
    i.FLASH_ErasePage                        0x080011c8   Section        0  stm32f0xx_flash.o(i.FLASH_ErasePage)
    i.FLASH_Lock                             0x08001200   Section        0  stm32f0xx_flash.o(i.FLASH_Lock)
    i.FLASH_ProgramHalfWord                  0x08001210   Section        0  stm32f0xx_flash.o(i.FLASH_ProgramHalfWord)
    i.FLASH_Unlock                           0x08001244   Section        0  stm32f0xx_flash.o(i.FLASH_Unlock)
    i.FLASH_WaitForLastOperation             0x08001264   Section        0  stm32f0xx_flash.o(i.FLASH_WaitForLastOperation)
    i.GPIO_Init                              0x080012bc   Section        0  stm32f0xx_gpio.o(i.GPIO_Init)
    i.GPIO_PinAFConfig                       0x0800132e   Section        0  stm32f0xx_gpio.o(i.GPIO_PinAFConfig)
    i.GPIO_ResetBits                         0x08001350   Section        0  stm32f0xx_gpio.o(i.GPIO_ResetBits)
    i.GPIO_SetBits                           0x08001354   Section        0  stm32f0xx_gpio.o(i.GPIO_SetBits)
    i.HardFault_Handler                      0x08001358   Section        0  stm32f0xx_it.o(i.HardFault_Handler)
    i.IWDG_Enable                            0x0800135c   Section        0  stm32f0xx_iwdg.o(i.IWDG_Enable)
    i.IWDG_ReloadCounter                     0x0800136c   Section        0  stm32f0xx_iwdg.o(i.IWDG_ReloadCounter)
    i.IWDG_SetPrescaler                      0x0800137c   Section        0  stm32f0xx_iwdg.o(i.IWDG_SetPrescaler)
    i.IWDG_SetReload                         0x08001388   Section        0  stm32f0xx_iwdg.o(i.IWDG_SetReload)
    i.IWDG_WriteAccessCmd                    0x08001394   Section        0  stm32f0xx_iwdg.o(i.IWDG_WriteAccessCmd)
    i.NMI_Handler                            0x080013a0   Section        0  stm32f0xx_it.o(i.NMI_Handler)
    i.NVIC_Init                              0x080013a4   Section        0  stm32f0xx_misc.o(i.NVIC_Init)
    i.On1ms                                  0x080013f8   Section        0  main.o(i.On1ms)
    i.OnGetData03                            0x08001404   Section        0  modbus.o(i.OnGetData03)
    i.OnSetData06                            0x08001604   Section        0  modbus.o(i.OnSetData06)
    i.PVD_IRQHandler                         0x08001734   Section        0  stm32f0xx_emu.o(i.PVD_IRQHandler)
    i.PendSV_Handler                         0x08001754   Section        0  stm32f0xx_it.o(i.PendSV_Handler)
    i.RCC_AHBPeriphClockCmd                  0x08001758   Section        0  stm32f0xx_rcc.o(i.RCC_AHBPeriphClockCmd)
    i.RCC_APB1PeriphClockCmd                 0x08001770   Section        0  stm32f0xx_rcc.o(i.RCC_APB1PeriphClockCmd)
    i.RCC_APB2PeriphClockCmd                 0x08001788   Section        0  stm32f0xx_rcc.o(i.RCC_APB2PeriphClockCmd)
    i.RCC_APB2PeriphResetCmd                 0x080017a0   Section        0  stm32f0xx_rcc.o(i.RCC_APB2PeriphResetCmd)
    i.RCC_GetClocksFreq                      0x080017b8   Section        0  stm32f0xx_rcc.o(i.RCC_GetClocksFreq)
    i.RxdByte                                0x08001938   Section        0  modbus.o(i.RxdByte)
    i.SVC_Handler                            0x08001b4c   Section        0  stm32f0xx_it.o(i.SVC_Handler)
    i.SysTick_Handler                        0x08001b4e   Section        0  stm32f030.o(i.SysTick_Handler)
    i.SystemInit                             0x08001b58   Section        0  system_stm32f0xx.o(i.SystemInit)
    i.TIM16_IRQHandler                       0x08001c08   Section        0  ds18b20.o(i.TIM16_IRQHandler)
    i.TIM1_BRK_UP_TRG_COM_IRQHandler         0x08001c3c   Section        0  stm32f0xx_emu.o(i.TIM1_BRK_UP_TRG_COM_IRQHandler)
    i.TIM_ClearITPendingBit                  0x08001c60   Section        0  stm32f0xx_tim.o(i.TIM_ClearITPendingBit)
    i.TIM_Cmd                                0x08001c66   Section        0  stm32f0xx_tim.o(i.TIM_Cmd)
    i.TIM_CtrlPWMOutputs                     0x08001c7a   Section        0  stm32f0xx_tim.o(i.TIM_CtrlPWMOutputs)
    i.TIM_GetITStatus                        0x08001c92   Section        0  stm32f0xx_tim.o(i.TIM_GetITStatus)
    i.TIM_ITConfig                           0x08001caa   Section        0  stm32f0xx_tim.o(i.TIM_ITConfig)
    i.TIM_OC1Init                            0x08001cbc   Section        0  stm32f0xx_tim.o(i.TIM_OC1Init)
    i.TIM_OC1PreloadConfig                   0x08001d3c   Section        0  stm32f0xx_tim.o(i.TIM_OC1PreloadConfig)
    i.TIM_OC2Init                            0x08001d48   Section        0  stm32f0xx_tim.o(i.TIM_OC2Init)
    i.TIM_OC2PreloadConfig                   0x08001ddc   Section        0  stm32f0xx_tim.o(i.TIM_OC2PreloadConfig)
    i.TIM_OCStructInit                       0x08001df0   Section        0  stm32f0xx_tim.o(i.TIM_OCStructInit)
    i.TIM_SelectOutputTrigger                0x08001e04   Section        0  stm32f0xx_tim.o(i.TIM_SelectOutputTrigger)
    i.TIM_TimeBaseInit                       0x08001e14   Section        0  stm32f0xx_tim.o(i.TIM_TimeBaseInit)
    i.USART1_IRQHandler                      0x08001e8c   Section        0  stm32f030.o(i.USART1_IRQHandler)
    i.USART_ClearFlag                        0x08001f34   Section        0  stm32f0xx_usart.o(i.USART_ClearFlag)
    i.USART_ClearITPendingBit                0x08001f38   Section        0  stm32f0xx_usart.o(i.USART_ClearITPendingBit)
    i.USART_Cmd                              0x08001f42   Section        0  stm32f0xx_usart.o(i.USART_Cmd)
    i.USART_GetITStatus                      0x08001f56   Section        0  stm32f0xx_usart.o(i.USART_GetITStatus)
    i.USART_ITConfig                         0x08001f92   Section        0  stm32f0xx_usart.o(i.USART_ITConfig)
    i.USART_Init                             0x08001fc0   Section        0  stm32f0xx_usart.o(i.USART_Init)
    i.USART_ReceiveData                      0x08002068   Section        0  stm32f0xx_usart.o(i.USART_ReceiveData)
    i.USART_SendData                         0x08002070   Section        0  stm32f0xx_usart.o(i.USART_SendData)
    i.__ARM_common_ll_muluu                  0x08002078   Section        0  dds.o(i.__ARM_common_ll_muluu)
    i.__ARM_common_memcpy1_8                 0x080020aa   Section        0  modbus.o(i.__ARM_common_memcpy1_8)
    i.getTemp                                0x080020cc   Section        0  stm32f0xx_emu.o(i.getTemp)
    i.getTxdByte                             0x080020fc   Section        0  modbus.o(i.getTxdByte)
    i.hasByteToTxd                           0x08002120   Section        0  modbus.o(i.hasByteToTxd)
    i.init485                                0x0800213c   Section        0  stm32f030.o(i.init485)
    i.initDS18B20                            0x080021bc   Section        0  ds18b20.o(i.initDS18B20)
    i.initDSP                                0x08002234   Section        0  stm32f0xx_emu.o(i.initDSP)
    i.initEEPROM                             0x08002294   Section        0  stm32f051_flash.o(i.initEEPROM)
    i.initSysTick1ms                         0x0800229c   Section        0  stm32f030.o(i.initSysTick1ms)
    i.initWatchdog                           0x08002300   Section        0  stm32f030.o(i.initWatchdog)
    i.init_power                             0x08002328   Section        0  power.o(i.init_power)
    i.leftRxdTel                             0x08002370   Section        0  modbus.o(i.leftRxdTel)
    i.loadConfig                             0x080023c4   Section        0  stm32f051_flash.o(i.loadConfig)
    i.main                                   0x0800243c   Section        0  main.o(i.main)
    i.modbusLoop                             0x08002530   Section        0  modbus.o(i.modbusLoop)
    i.next_dds                               0x08002580   Section        0  dds.o(i.next_dds)
    i.power_pwm_init                         0x08002778   Section        0  power.o(i.power_pwm_init)
    i.saveConfig                             0x08002850   Section        0  stm32f051_flash.o(i.saveConfig)
    i.setCom                                 0x08002890   Section        0  stm32f030.o(i.setCom)
    i.startTxd                               0x08002958   Section        0  stm32f030.o(i.startTxd)
    i.tab_sqrt_trig                          0x0800299c   Section        0  tab_sqrt_trig.o(i.tab_sqrt_trig)
    i.updat_freq_by_temp                     0x08002a24   Section        0  main.o(i.updat_freq_by_temp)
    i.update_freq                            0x08002b24   Section        0  dds.o(i.update_freq)
    .constdata                               0x08002b70   Section       28  tab_sqrt_trig.o(.constdata)
    .constdata                               0x08002b8c   Section      512  modbus.o(.constdata)
    .data                                    0x20000000   Section      164  main.o(.data)
    dir                                      0x20000001   Data           1  main.o(.data)
    dir                                      0x20000002   Data           1  main.o(.data)
    dir                                      0x20000003   Data           1  main.o(.data)
    dir                                      0x20000004   Data           1  main.o(.data)
    dir                                      0x20000005   Data           1  main.o(.data)
    dir                                      0x20000006   Data           1  main.o(.data)
    ViLowCount                               0x20000007   Data           1  main.o(.data)
    VoLowCount                               0x20000008   Data           1  main.o(.data)
    IoHighCount                              0x20000009   Data           1  main.o(.data)
    TiHighCount                              0x2000000a   Data           1  main.o(.data)
    TeHighCount                              0x2000000b   Data           1  main.o(.data)
    last_i                                   0x20000010   Data           4  main.o(.data)
    last_i                                   0x20000014   Data           4  main.o(.data)
    last_i                                   0x20000018   Data           4  main.o(.data)
    last_i                                   0x2000001c   Data           4  main.o(.data)
    last_i                                   0x20000020   Data           4  main.o(.data)
    last_z                                   0x20000024   Data           4  main.o(.data)
    hcount                                   0x20000028   Data           4  main.o(.data)
    lcount                                   0x2000002c   Data           4  main.o(.data)
    last_q                                   0x20000030   Data           4  main.o(.data)
    last_p                                   0x20000034   Data           4  main.o(.data)
    .data                                    0x200000a8   Section      192  dds.o(.data)
    .data                                    0x20000168   Section      156  ds18b20.o(.data)
    cc                                       0x20000173   Data           1  ds18b20.o(.data)
    cc                                       0x20000174   Data           1  ds18b20.o(.data)
    cc                                       0x20000175   Data           1  ds18b20.o(.data)
    cc                                       0x20000176   Data           1  ds18b20.o(.data)
    cc                                       0x20000177   Data           1  ds18b20.o(.data)
    cc                                       0x20000178   Data           1  ds18b20.o(.data)
    cc                                       0x20000179   Data           1  ds18b20.o(.data)
    cc                                       0x2000017a   Data           1  ds18b20.o(.data)
    cc                                       0x2000017b   Data           1  ds18b20.o(.data)
    cc                                       0x2000017c   Data           1  ds18b20.o(.data)
    cc                                       0x2000017d   Data           1  ds18b20.o(.data)
    cc                                       0x2000017e   Data           1  ds18b20.o(.data)
    l                                        0x20000184   Data           4  ds18b20.o(.data)
    l                                        0x20000188   Data           4  ds18b20.o(.data)
    l                                        0x2000018c   Data           4  ds18b20.o(.data)
    l                                        0x20000190   Data           4  ds18b20.o(.data)
    l                                        0x20000194   Data           4  ds18b20.o(.data)
    l                                        0x20000198   Data           4  ds18b20.o(.data)
    l                                        0x2000019c   Data           4  ds18b20.o(.data)
    l                                        0x200001a0   Data           4  ds18b20.o(.data)
    l                                        0x200001a4   Data           4  ds18b20.o(.data)
    l                                        0x200001a8   Data           4  ds18b20.o(.data)
    l                                        0x200001ac   Data           4  ds18b20.o(.data)
    l                                        0x200001b0   Data           4  ds18b20.o(.data)
    l                                        0x200001b4   Data           4  ds18b20.o(.data)
    l                                        0x200001b8   Data           4  ds18b20.o(.data)
    .data                                    0x20000208   Section       32  stm32f0xx_emu.o(.data)
    ii                                       0x20000210   Data           4  stm32f0xx_emu.o(.data)
    .data                                    0x20000228   Section       20  system_stm32f0xx.o(.data)
    .data                                    0x2000023c   Section        5  modbus.o(.data)
    comflag_count                            0x20000240   Data           1  modbus.o(.data)
    .data                                    0x20000242   Section       36  conf.o(.data)
    .data                                    0x20000266   Section        2  conf.o(.data)
    .data                                    0x20000268   Section       16  stm32f0xx_rcc.o(.data)
    APBAHBPrescTable                         0x20000268   Data          16  stm32f0xx_rcc.o(.data)
    .bss                                     0x20000278   Section        9  ds18b20.o(.bss)
    .bss                                     0x20000282   Section       24  stm32f0xx_emu.o(.bss)
    .bss                                     0x2000029a   Section      160  modbus.o(.bss)
    .bss                                     0x2000033c   Section       96  libspace.o(.bss)
    HEAP                                     0x200003a0   Section      512  startup_stm32f031.o(HEAP)
    Heap_Mem                                 0x200003a0   Data         512  startup_stm32f031.o(HEAP)
    STACK                                    0x200005a0   Section     1024  startup_stm32f031.o(STACK)
    Stack_Mem                                0x200005a0   Data        1024  startup_stm32f031.o(STACK)
    __initial_sp                             0x200009a0   Data           0  startup_stm32f031.o(STACK)

    Global Symbols

    Symbol Name                              Value     Ov Type        Size  Object(Section)

    BuildAttributes$$THM_ISAv3M$S$PE$A:L22$X:L11$S22$IEEE1$IW$USESV6$~STKCKD$USESV7$~SHL$OTIME$ROPI$EBA8$UX$STANDARDLIB$REQ8$PRES8$EABIv2 0x00000000   Number         0  anon$$obj.o ABSOLUTE
    __ARM_use_no_argv                        0x00000000   Number         0  main.o ABSOLUTE
    __ARM_exceptions_init                     - Undefined Weak Reference
    __alloca_initialize                       - Undefined Weak Reference
    __arm_preinit_                            - Undefined Weak Reference
    __cpp_initialize__aeabi_                  - Undefined Weak Reference
    __cxa_finalize                            - Undefined Weak Reference
    __rt_locale                               - Undefined Weak Reference
    __sigvec_lookup                           - Undefined Weak Reference
    _atexit_init                              - Undefined Weak Reference
    _call_atexit_fns                          - Undefined Weak Reference
    _clock_init                               - Undefined Weak Reference
    _fp_trap_init                             - Undefined Weak Reference
    _fp_trap_shutdown                         - Undefined Weak Reference
    _get_lc_collate                           - Undefined Weak Reference
    _get_lc_ctype                             - Undefined Weak Reference
    _get_lc_monetary                          - Undefined Weak Reference
    _get_lc_numeric                           - Undefined Weak Reference
    _get_lc_time                              - Undefined Weak Reference
    _getenv_init                              - Undefined Weak Reference
    _handle_redirection                       - Undefined Weak Reference
    _init_alloc                               - Undefined Weak Reference
    _init_user_alloc                          - Undefined Weak Reference
    _initio                                   - Undefined Weak Reference
    _rand_init                                - Undefined Weak Reference
    _signal_finish                            - Undefined Weak Reference
    _signal_init                              - Undefined Weak Reference
    _terminate_alloc                          - Undefined Weak Reference
    _terminate_user_alloc                     - Undefined Weak Reference
    _terminateio                              - Undefined Weak Reference
    __Vectors_Size                           0x000000b0   Number         0  startup_stm32f031.o ABSOLUTE
    __Vectors                                0x08000000   Data           4  startup_stm32f031.o(RESET)
    __Vectors_End                            0x080000b0   Data           0  startup_stm32f031.o(RESET)
    __main                                   0x080000b1   Thumb Code     8  __main.o(!!!main)
    __scatterload                            0x080000b9   Thumb Code     0  __scatter.o(!!!scatter)
    __scatterload_rt2                        0x080000b9   Thumb Code    52  __scatter.o(!!!scatter)
    __scatterload_rt2_thumb_only             0x080000b9   Thumb Code     0  __scatter.o(!!!scatter)
    __scatterload_null                       0x080000c9   Thumb Code     0  __scatter.o(!!!scatter)
    __scatterload_zeroinit                   0x080000f5   Thumb Code    28  __scatter_zi.o(!!handler_zi)
    __rt_lib_init                            0x08000111   Thumb Code     0  libinit.o(.ARM.Collect$$libinit$$00000000)
    __rt_lib_init_alloca_1                   0x08000113   Thumb Code     0  libinit2.o(.ARM.Collect$$libinit$$0000002E)
    __rt_lib_init_argv_1                     0x08000113   Thumb Code     0  libinit2.o(.ARM.Collect$$libinit$$0000002C)
    __rt_lib_init_atexit_1                   0x08000113   Thumb Code     0  libinit2.o(.ARM.Collect$$libinit$$0000001B)
    __rt_lib_init_clock_1                    0x08000113   Thumb Code     0  libinit2.o(.ARM.Collect$$libinit$$00000021)
    __rt_lib_init_cpp_1                      0x08000113   Thumb Code     0  libinit2.o(.ARM.Collect$$libinit$$00000032)
    __rt_lib_init_exceptions_1               0x08000113   Thumb Code     0  libinit2.o(.ARM.Collect$$libinit$$00000030)
    __rt_lib_init_fp_1                       0x08000113   Thumb Code     0  libinit2.o(.ARM.Collect$$libinit$$00000002)
    __rt_lib_init_fp_trap_1                  0x08000113   Thumb Code     0  libinit2.o(.ARM.Collect$$libinit$$0000001F)
    __rt_lib_init_getenv_1                   0x08000113   Thumb Code     0  libinit2.o(.ARM.Collect$$libinit$$00000023)
    __rt_lib_init_heap_1                     0x08000113   Thumb Code     0  libinit2.o(.ARM.Collect$$libinit$$0000000A)
    __rt_lib_init_lc_collate_1               0x08000113   Thumb Code     0  libinit2.o(.ARM.Collect$$libinit$$00000011)
    __rt_lib_init_lc_ctype_1                 0x08000113   Thumb Code     0  libinit2.o(.ARM.Collect$$libinit$$00000013)
    __rt_lib_init_lc_monetary_1              0x08000113   Thumb Code     0  libinit2.o(.ARM.Collect$$libinit$$00000015)
    __rt_lib_init_lc_numeric_1               0x08000113   Thumb Code     0  libinit2.o(.ARM.Collect$$libinit$$00000017)
    __rt_lib_init_lc_time_1                  0x08000113   Thumb Code     0  libinit2.o(.ARM.Collect$$libinit$$00000019)
    __rt_lib_init_preinit_1                  0x08000113   Thumb Code     0  libinit2.o(.ARM.Collect$$libinit$$00000004)
    __rt_lib_init_rand_1                     0x08000113   Thumb Code     0  libinit2.o(.ARM.Collect$$libinit$$0000000E)
    __rt_lib_init_return                     0x08000113   Thumb Code     0  libinit2.o(.ARM.Collect$$libinit$$00000033)
    __rt_lib_init_signal_1                   0x08000113   Thumb Code     0  libinit2.o(.ARM.Collect$$libinit$$0000001D)
    __rt_lib_init_stdio_1                    0x08000113   Thumb Code     0  libinit2.o(.ARM.Collect$$libinit$$00000025)
    __rt_lib_init_user_alloc_1               0x08000113   Thumb Code     0  libinit2.o(.ARM.Collect$$libinit$$0000000C)
    __rt_lib_shutdown                        0x08000115   Thumb Code     0  libshutdown.o(.ARM.Collect$$libshutdown$$00000000)
    __rt_lib_shutdown_cpp_1                  0x08000117   Thumb Code     0  libshutdown2.o(.ARM.Collect$$libshutdown$$00000002)
    __rt_lib_shutdown_fp_trap_1              0x08000117   Thumb Code     0  libshutdown2.o(.ARM.Collect$$libshutdown$$00000007)
    __rt_lib_shutdown_heap_1                 0x08000117   Thumb Code     0  libshutdown2.o(.ARM.Collect$$libshutdown$$0000000F)
    __rt_lib_shutdown_return                 0x08000117   Thumb Code     0  libshutdown2.o(.ARM.Collect$$libshutdown$$00000010)
    __rt_lib_shutdown_signal_1               0x08000117   Thumb Code     0  libshutdown2.o(.ARM.Collect$$libshutdown$$0000000A)
    __rt_lib_shutdown_stdio_1                0x08000117   Thumb Code     0  libshutdown2.o(.ARM.Collect$$libshutdown$$00000004)
    __rt_lib_shutdown_user_alloc_1           0x08000117   Thumb Code     0  libshutdown2.o(.ARM.Collect$$libshutdown$$0000000C)
    __rt_entry                               0x08000119   Thumb Code     0  __rtentry.o(.ARM.Collect$$rtentry$$00000000)
    __rt_entry_presh_1                       0x08000119   Thumb Code     0  __rtentry2.o(.ARM.Collect$$rtentry$$00000002)
    __rt_entry_sh                            0x08000119   Thumb Code     0  __rtentry4.o(.ARM.Collect$$rtentry$$00000004)
    __rt_entry_li                            0x0800011f   Thumb Code     0  __rtentry2.o(.ARM.Collect$$rtentry$$0000000A)
    __rt_entry_postsh_1                      0x0800011f   Thumb Code     0  __rtentry2.o(.ARM.Collect$$rtentry$$00000009)
    __rt_entry_main                          0x08000123   Thumb Code     0  __rtentry2.o(.ARM.Collect$$rtentry$$0000000D)
    __rt_entry_postli_1                      0x08000123   Thumb Code     0  __rtentry2.o(.ARM.Collect$$rtentry$$0000000C)
    __rt_exit                                0x0800012b   Thumb Code     0  rtexit.o(.ARM.Collect$$rtexit$$00000000)
    __rt_exit_ls                             0x0800012d   Thumb Code     0  rtexit2.o(.ARM.Collect$$rtexit$$00000003)
    __rt_exit_prels_1                        0x0800012d   Thumb Code     0  rtexit2.o(.ARM.Collect$$rtexit$$00000002)
    __rt_exit_exit                           0x08000131   Thumb Code     0  rtexit2.o(.ARM.Collect$$rtexit$$00000004)
    Reset_Handler                            0x08000139   Thumb Code     8  startup_stm32f031.o(.text)
    ADC1_IRQHandler                          0x0800014b   Thumb Code     0  startup_stm32f031.o(.text)
    DMA1_Channel2_3_IRQHandler               0x0800014b   Thumb Code     0  startup_stm32f031.o(.text)
    DMA1_Channel4_5_IRQHandler               0x0800014b   Thumb Code     0  startup_stm32f031.o(.text)
    EXTI0_1_IRQHandler                       0x0800014b   Thumb Code     0  startup_stm32f031.o(.text)
    EXTI2_3_IRQHandler                       0x0800014b   Thumb Code     0  startup_stm32f031.o(.text)
    EXTI4_15_IRQHandler                      0x0800014b   Thumb Code     0  startup_stm32f031.o(.text)
    FLASH_IRQHandler                         0x0800014b   Thumb Code     0  startup_stm32f031.o(.text)
    I2C1_IRQHandler                          0x0800014b   Thumb Code     0  startup_stm32f031.o(.text)
    RCC_IRQHandler                           0x0800014b   Thumb Code     0  startup_stm32f031.o(.text)
    RTC_IRQHandler                           0x0800014b   Thumb Code     0  startup_stm32f031.o(.text)
    SPI1_IRQHandler                          0x0800014b   Thumb Code     0  startup_stm32f031.o(.text)
    TIM14_IRQHandler                         0x0800014b   Thumb Code     0  startup_stm32f031.o(.text)
    TIM17_IRQHandler                         0x0800014b   Thumb Code     0  startup_stm32f031.o(.text)
    TIM1_CC_IRQHandler                       0x0800014b   Thumb Code     0  startup_stm32f031.o(.text)
    TIM2_IRQHandler                          0x0800014b   Thumb Code     0  startup_stm32f031.o(.text)
    TIM3_IRQHandler                          0x0800014b   Thumb Code     0  startup_stm32f031.o(.text)
    WWDG_IRQHandler                          0x0800014b   Thumb Code     0  startup_stm32f031.o(.text)
    __user_initial_stackheap                 0x0800014d   Thumb Code     0  startup_stm32f031.o(.text)
    __aeabi_lmul                             0x08000171   Thumb Code    48  llmul.o(.text)
    _ll_mul                                  0x08000171   Thumb Code     0  llmul.o(.text)
    __aeabi_uldivmod                         0x080001a1   Thumb Code   258  lludiv.o(.text)
    _ll_udiv                                 0x080001a1   Thumb Code     0  lludiv.o(.text)
    __aeabi_uidiv                            0x080002a3   Thumb Code     0  aeabi_sdivfast.o(.text)
    __aeabi_uidivmod                         0x080002a3   Thumb Code    28  aeabi_sdivfast.o(.text)
    __aeabi_idiv                             0x080002bf   Thumb Code     0  aeabi_sdivfast.o(.text)
    __aeabi_idivmod                          0x080002bf   Thumb Code   460  aeabi_sdivfast.o(.text)
    __use_two_region_memory                  0x0800048b   Thumb Code     2  heapauxi.o(.text)
    __rt_heap_escrow$2region                 0x0800048d   Thumb Code     2  heapauxi.o(.text)
    __rt_heap_expand$2region                 0x0800048f   Thumb Code     2  heapauxi.o(.text)
    __user_setup_stackheap                   0x08000491   Thumb Code    62  sys_stackheap_outer.o(.text)
    exit                                     0x080004cf   Thumb Code    16  exit.o(.text)
    __user_libspace                          0x080004e1   Thumb Code     8  libspace.o(.text)
    __user_perproc_libspace                  0x080004e1   Thumb Code     0  libspace.o(.text)
    __user_perthread_libspace                0x080004e1   Thumb Code     0  libspace.o(.text)
    _sys_exit                                0x080004e9   Thumb Code     8  sys_exit.o(.text)
    __I$use$semihosting                      0x080004f5   Thumb Code     0  use_no_semi.o(.text)
    __use_no_semihosting_swi                 0x080004f5   Thumb Code     2  use_no_semi.o(.text)
    __decompress                             0x080004f7   Thumb Code     0  __dczerorl2.o(.text)
    __decompress1                            0x080004f7   Thumb Code    86  __dczerorl2.o(.text)
    __semihosting_library_function           0x080004f7   Thumb Code     0  indicate_semi.o(.text)
    ADC1_DMA_Init                            0x0800054d   Thumb Code   238  stm32f0xx_emu.o(i.ADC1_DMA_Init)
    ADC_ChannelConfig                        0x08000651   Thumb Code    10  stm32f0xx_adc.o(i.ADC_ChannelConfig)
    ADC_Cmd                                  0x0800065b   Thumb Code    22  stm32f0xx_adc.o(i.ADC_Cmd)
    ADC_DMACmd                               0x08000671   Thumb Code    20  stm32f0xx_adc.o(i.ADC_DMACmd)
    ADC_DMARequestModeConfig                 0x08000685   Thumb Code    16  stm32f0xx_adc.o(i.ADC_DMARequestModeConfig)
    ADC_DeInit                               0x08000695   Thumb Code    30  stm32f0xx_adc.o(i.ADC_DeInit)
    ADC_GetCalibrationFactor                 0x080006b9   Thumb Code    46  stm32f0xx_adc.o(i.ADC_GetCalibrationFactor)
    ADC_GetFlagStatus                        0x080006e7   Thumb Code    28  stm32f0xx_adc.o(i.ADC_GetFlagStatus)
    ADC_Init                                 0x08000705   Thumb Code    40  stm32f0xx_adc.o(i.ADC_Init)
    ADC_StartOfConversion                    0x08000731   Thumb Code    10  stm32f0xx_adc.o(i.ADC_StartOfConversion)
    ADC_StructInit                           0x0800073b   Thumb Code    16  stm32f0xx_adc.o(i.ADC_StructInit)
    ADC_TempSensorCmd                        0x0800074d   Thumb Code    22  stm32f0xx_adc.o(i.ADC_TempSensorCmd)
    DMA1_Channel1_IRQHandler                 0x08000769   Thumb Code    62  stm32f0xx_emu.o(i.DMA1_Channel1_IRQHandler)
    DMA_ClearITPendingBit                    0x080007b5   Thumb Code    14  stm32f0xx_dma.o(i.DMA_ClearITPendingBit)
    DMA_Cmd                                  0x080007cd   Thumb Code    20  stm32f0xx_dma.o(i.DMA_Cmd)
    DMA_DeInit                               0x080007e5   Thumb Code   164  stm32f0xx_dma.o(i.DMA_DeInit)
    DMA_GetITStatus                          0x080008c5   Thumb Code    24  stm32f0xx_dma.o(i.DMA_GetITStatus)
    DMA_ITConfig                             0x080008e5   Thumb Code    16  stm32f0xx_dma.o(i.DMA_ITConfig)
    DMA_Init                                 0x080008f5   Thumb Code    58  stm32f0xx_dma.o(i.DMA_Init)
    DS18B20_DELAY2S                          0x08000935   Thumb Code    30  ds18b20.o(i.DS18B20_DELAY2S)
    DS18B20_INIT                             0x08000961   Thumb Code    88  ds18b20.o(i.DS18B20_INIT)
    DS18B20_LOOP                             0x080009cd   Thumb Code   112  ds18b20.o(i.DS18B20_LOOP)
    DS18B20_Mode_IPU                         0x08000a4d   Thumb Code    36  ds18b20.o(i.DS18B20_Mode_IPU)
    DS18B20_Mode_OD                          0x08000a71   Thumb Code    56  ds18b20.o(i.DS18B20_Mode_OD)
    DS18B20_READ_DATA0                       0x08000aa9   Thumb Code   146  ds18b20.o(i.DS18B20_READ_DATA0)
    DS18B20_READ_DATA1                       0x08000b4d   Thumb Code   146  ds18b20.o(i.DS18B20_READ_DATA1)
    DS18B20_READ_DATA2                       0x08000bf1   Thumb Code   146  ds18b20.o(i.DS18B20_READ_DATA2)
    DS18B20_READ_DATA3                       0x08000c95   Thumb Code   146  ds18b20.o(i.DS18B20_READ_DATA3)
    DS18B20_READ_DATA4                       0x08000d39   Thumb Code   146  ds18b20.o(i.DS18B20_READ_DATA4)
    DS18B20_READ_DATA5                       0x08000ddd   Thumb Code   146  ds18b20.o(i.DS18B20_READ_DATA5)
    DS18B20_READ_DATA6                       0x08000e81   Thumb Code   146  ds18b20.o(i.DS18B20_READ_DATA6)
    DS18B20_READ_DATA7                       0x08000f25   Thumb Code   146  ds18b20.o(i.DS18B20_READ_DATA7)
    DS18B20_READ_DATA8                       0x08000fc9   Thumb Code   146  ds18b20.o(i.DS18B20_READ_DATA8)
    DS18B20_WRITE_44                         0x0800106d   Thumb Code    94  ds18b20.o(i.DS18B20_WRITE_44)
    DS18B20_WRITE_BE                         0x080010dd   Thumb Code    94  ds18b20.o(i.DS18B20_WRITE_BE)
    DS18B20_WRITE_CC                         0x0800114d   Thumb Code    94  ds18b20.o(i.DS18B20_WRITE_CC)
    EXTI_ClearITPendingBit                   0x080011bd   Thumb Code     6  stm32f0xx_exti.o(i.EXTI_ClearITPendingBit)
    FLASH_ErasePage                          0x080011c9   Thumb Code    52  stm32f0xx_flash.o(i.FLASH_ErasePage)
    FLASH_Lock                               0x08001201   Thumb Code    12  stm32f0xx_flash.o(i.FLASH_Lock)
    FLASH_ProgramHalfWord                    0x08001211   Thumb Code    48  stm32f0xx_flash.o(i.FLASH_ProgramHalfWord)
    FLASH_Unlock                             0x08001245   Thumb Code    18  stm32f0xx_flash.o(i.FLASH_Unlock)
    FLASH_WaitForLastOperation               0x08001265   Thumb Code    82  stm32f0xx_flash.o(i.FLASH_WaitForLastOperation)
    GPIO_Init                                0x080012bd   Thumb Code   114  stm32f0xx_gpio.o(i.GPIO_Init)
    GPIO_PinAFConfig                         0x0800132f   Thumb Code    34  stm32f0xx_gpio.o(i.GPIO_PinAFConfig)
    GPIO_ResetBits                           0x08001351   Thumb Code     4  stm32f0xx_gpio.o(i.GPIO_ResetBits)
    GPIO_SetBits                             0x08001355   Thumb Code     4  stm32f0xx_gpio.o(i.GPIO_SetBits)
    HardFault_Handler                        0x08001359   Thumb Code     2  stm32f0xx_it.o(i.HardFault_Handler)
    IWDG_Enable                              0x0800135d   Thumb Code     8  stm32f0xx_iwdg.o(i.IWDG_Enable)
    IWDG_ReloadCounter                       0x0800136d   Thumb Code     8  stm32f0xx_iwdg.o(i.IWDG_ReloadCounter)
    IWDG_SetPrescaler                        0x0800137d   Thumb Code     6  stm32f0xx_iwdg.o(i.IWDG_SetPrescaler)
    IWDG_SetReload                           0x08001389   Thumb Code     6  stm32f0xx_iwdg.o(i.IWDG_SetReload)
    IWDG_WriteAccessCmd                      0x08001395   Thumb Code     6  stm32f0xx_iwdg.o(i.IWDG_WriteAccessCmd)
    NMI_Handler                              0x080013a1   Thumb Code     2  stm32f0xx_it.o(i.NMI_Handler)
    NVIC_Init                                0x080013a5   Thumb Code    70  stm32f0xx_misc.o(i.NVIC_Init)
    On1ms                                    0x080013f9   Thumb Code     8  main.o(i.On1ms)
    OnGetData03                              0x08001405   Thumb Code   472  modbus.o(i.OnGetData03)
    OnSetData06                              0x08001605   Thumb Code   274  modbus.o(i.OnSetData06)
    PVD_IRQHandler                           0x08001735   Thumb Code    26  stm32f0xx_emu.o(i.PVD_IRQHandler)
    PendSV_Handler                           0x08001755   Thumb Code     2  stm32f0xx_it.o(i.PendSV_Handler)
    RCC_AHBPeriphClockCmd                    0x08001759   Thumb Code    18  stm32f0xx_rcc.o(i.RCC_AHBPeriphClockCmd)
    RCC_APB1PeriphClockCmd                   0x08001771   Thumb Code    18  stm32f0xx_rcc.o(i.RCC_APB1PeriphClockCmd)
    RCC_APB2PeriphClockCmd                   0x08001789   Thumb Code    18  stm32f0xx_rcc.o(i.RCC_APB2PeriphClockCmd)
    RCC_APB2PeriphResetCmd                   0x080017a1   Thumb Code    18  stm32f0xx_rcc.o(i.RCC_APB2PeriphResetCmd)
    RCC_GetClocksFreq                        0x080017b9   Thumb Code   350  stm32f0xx_rcc.o(i.RCC_GetClocksFreq)
    RxdByte                                  0x08001939   Thumb Code   506  modbus.o(i.RxdByte)
    SVC_Handler                              0x08001b4d   Thumb Code     2  stm32f0xx_it.o(i.SVC_Handler)
    SysTick_Handler                          0x08001b4f   Thumb Code     8  stm32f030.o(i.SysTick_Handler)
    SystemInit                               0x08001b59   Thumb Code   160  system_stm32f0xx.o(i.SystemInit)
    TIM16_IRQHandler                         0x08001c09   Thumb Code    38  ds18b20.o(i.TIM16_IRQHandler)
    TIM1_BRK_UP_TRG_COM_IRQHandler           0x08001c3d   Thumb Code    32  stm32f0xx_emu.o(i.TIM1_BRK_UP_TRG_COM_IRQHandler)
    TIM_ClearITPendingBit                    0x08001c61   Thumb Code     6  stm32f0xx_tim.o(i.TIM_ClearITPendingBit)
    TIM_Cmd                                  0x08001c67   Thumb Code    20  stm32f0xx_tim.o(i.TIM_Cmd)
    TIM_CtrlPWMOutputs                       0x08001c7b   Thumb Code    24  stm32f0xx_tim.o(i.TIM_CtrlPWMOutputs)
    TIM_GetITStatus                          0x08001c93   Thumb Code    24  stm32f0xx_tim.o(i.TIM_GetITStatus)
    TIM_ITConfig                             0x08001cab   Thumb Code    16  stm32f0xx_tim.o(i.TIM_ITConfig)
    TIM_OC1Init                              0x08001cbd   Thumb Code   106  stm32f0xx_tim.o(i.TIM_OC1Init)
    TIM_OC1PreloadConfig                     0x08001d3d   Thumb Code    12  stm32f0xx_tim.o(i.TIM_OC1PreloadConfig)
    TIM_OC2Init                              0x08001d49   Thumb Code   126  stm32f0xx_tim.o(i.TIM_OC2Init)
    TIM_OC2PreloadConfig                     0x08001ddd   Thumb Code    14  stm32f0xx_tim.o(i.TIM_OC2PreloadConfig)
    TIM_OCStructInit                         0x08001df1   Thumb Code    20  stm32f0xx_tim.o(i.TIM_OCStructInit)
    TIM_SelectOutputTrigger                  0x08001e05   Thumb Code    16  stm32f0xx_tim.o(i.TIM_SelectOutputTrigger)
    TIM_TimeBaseInit                         0x08001e15   Thumb Code    90  stm32f0xx_tim.o(i.TIM_TimeBaseInit)
    USART1_IRQHandler                        0x08001e8d   Thumb Code   156  stm32f030.o(i.USART1_IRQHandler)
    USART_ClearFlag                          0x08001f35   Thumb Code     4  stm32f0xx_usart.o(i.USART_ClearFlag)
    USART_ClearITPendingBit                  0x08001f39   Thumb Code    10  stm32f0xx_usart.o(i.USART_ClearITPendingBit)
    USART_Cmd                                0x08001f43   Thumb Code    20  stm32f0xx_usart.o(i.USART_Cmd)
    USART_GetITStatus                        0x08001f57   Thumb Code    60  stm32f0xx_usart.o(i.USART_GetITStatus)
    USART_ITConfig                           0x08001f93   Thumb Code    44  stm32f0xx_usart.o(i.USART_ITConfig)
    USART_Init                               0x08001fc1   Thumb Code   148  stm32f0xx_usart.o(i.USART_Init)
    USART_ReceiveData                        0x08002069   Thumb Code     8  stm32f0xx_usart.o(i.USART_ReceiveData)
    USART_SendData                           0x08002071   Thumb Code     8  stm32f0xx_usart.o(i.USART_SendData)
    __ARM_common_ll_muluu                    0x08002079   Thumb Code    50  dds.o(i.__ARM_common_ll_muluu)
    __ARM_common_memcpy1_8                   0x080020ab   Thumb Code    34  modbus.o(i.__ARM_common_memcpy1_8)
    getTemp                                  0x080020cd   Thumb Code    34  stm32f0xx_emu.o(i.getTemp)
    getTxdByte                               0x080020fd   Thumb Code    28  modbus.o(i.getTxdByte)
    hasByteToTxd                             0x08002121   Thumb Code    24  modbus.o(i.hasByteToTxd)
    init485                                  0x0800213d   Thumb Code   122  stm32f030.o(i.init485)
    initDS18B20                              0x080021bd   Thumb Code   110  ds18b20.o(i.initDS18B20)
    initDSP                                  0x08002235   Thumb Code    92  stm32f0xx_emu.o(i.initDSP)
    initEEPROM                               0x08002295   Thumb Code     8  stm32f051_flash.o(i.initEEPROM)
    initSysTick1ms                           0x0800229d   Thumb Code    80  stm32f030.o(i.initSysTick1ms)
    initWatchdog                             0x08002301   Thumb Code    30  stm32f030.o(i.initWatchdog)
    init_power                               0x08002329   Thumb Code    70  power.o(i.init_power)
    leftRxdTel                               0x08002371   Thumb Code    76  modbus.o(i.leftRxdTel)
    loadConfig                               0x080023c5   Thumb Code   102  stm32f051_flash.o(i.loadConfig)
    main                                     0x0800243d   Thumb Code   212  main.o(i.main)
    modbusLoop                               0x08002531   Thumb Code    70  modbus.o(i.modbusLoop)
    next_dds                                 0x08002581   Thumb Code   444  dds.o(i.next_dds)
    power_pwm_init                           0x08002779   Thumb Code   202  power.o(i.power_pwm_init)
    saveConfig                               0x08002851   Thumb Code    56  stm32f051_flash.o(i.saveConfig)
    setCom                                   0x08002891   Thumb Code   188  stm32f030.o(i.setCom)
    startTxd                                 0x08002959   Thumb Code    62  stm32f030.o(i.startTxd)
    tab_sqrt_trig                            0x0800299d   Thumb Code   108  tab_sqrt_trig.o(i.tab_sqrt_trig)
    updat_freq_by_temp                       0x08002a25   Thumb Code   220  main.o(i.updat_freq_by_temp)
    update_freq                              0x08002b25   Thumb Code    56  dds.o(i.update_freq)
    nsqrt_mul_tab                            0x08002b70   Data           4  tab_sqrt_trig.o(.constdata)
    psqrt_mul_tab                            0x08002b74   Data           4  tab_sqrt_trig.o(.constdata)
    nsqrt_div_tab                            0x08002b78   Data           4  tab_sqrt_trig.o(.constdata)
    ndu_tab                                  0x08002b7c   Data           4  tab_sqrt_trig.o(.constdata)
    pdu_tab                                  0x08002b80   Data           4  tab_sqrt_trig.o(.constdata)
    psqrt_div_tab                            0x08002b84   Data           8  tab_sqrt_trig.o(.constdata)
    auchCRCHi                                0x08002b8c   Data         256  modbus.o(.constdata)
    auchCRCLo                                0x08002c8c   Data         256  modbus.o(.constdata)
    Region$$Table$$Base                      0x08002d8c   Number         0  anon$$obj.o(Region$$Table)
    Region$$Table$$Limit                     0x08002dac   Number         0  anon$$obj.o(Region$$Table)
    ms1                                      0x20000000   Data           1  main.o(.data)
    df_table_num                             0x2000000c   Data           4  main.o(.data)
    last_record_freq                         0x20000038   Data           4  main.o(.data)
    parameter                                0x2000003c   Data         104  main.o(.data)
    pdu0                                     0x200000a8   Data           4  dds.o(.data)
    psqrt_div0                               0x200000ac   Data           4  dds.o(.data)
    psqrt_mul0                               0x200000b0   Data           4  dds.o(.data)
    ndu0                                     0x200000b4   Data           4  dds.o(.data)
    nsqrt_div0                               0x200000b8   Data           4  dds.o(.data)
    nsqrt_mul0                               0x200000bc   Data           4  dds.o(.data)
    dphase                                   0x200000c0   Data           4  dds.o(.data)
    max_pw                                   0x200000c4   Data           4  dds.o(.data)
    temprate                                 0x200000c8   Data           4  dds.o(.data)
    dds_start                                0x200000cc   Data           4  dds.o(.data)
    kk2                                      0x200000d0   Data           4  dds.o(.data)
    dds_p                                    0x200000d8   Data          72  dds.o(.data)
    dds_n                                    0x20000120   Data          72  dds.o(.data)
    h_temp                                   0x20000168   Data           1  ds18b20.o(.data)
    l_temp                                   0x20000169   Data           1  ds18b20.o(.data)
    h_alarm_temp_user                        0x2000016a   Data           1  ds18b20.o(.data)
    l_alarm_temp_user                        0x2000016b   Data           1  ds18b20.o(.data)
    cfg_18b20                                0x2000016c   Data           1  ds18b20.o(.data)
    Reserved1                                0x2000016d   Data           1  ds18b20.o(.data)
    Reserved2                                0x2000016e   Data           1  ds18b20.o(.data)
    Reserved3                                0x2000016f   Data           1  ds18b20.o(.data)
    CRC_18B20                                0x20000170   Data           1  ds18b20.o(.data)
    DS18B20_BIT_WR                           0x20000171   Data           1  ds18b20.o(.data)
    DS18B20_TXDBUF                           0x20000172   Data           1  ds18b20.o(.data)
    sssss                                    0x2000017f   Data           1  ds18b20.o(.data)
    DS18B20_INDEX                            0x20000180   Data           4  ds18b20.o(.data)
    DS18B20_RXD_POINT                        0x200001bc   Data           4  ds18b20.o(.data)
    DS18B20_OP_TAB                           0x200001c0   Data          68  ds18b20.o(.data)
    last_u_z                                 0x20000208   Data           1  stm32f0xx_emu.o(.data)
    last_i_z                                 0x20000209   Data           1  stm32f0xx_emu.o(.data)
    last_temp                                0x2000020c   Data           4  stm32f0xx_emu.o(.data)
    zero_i                                   0x20000218   Data           8  stm32f0xx_emu.o(.data)
    zero_u                                   0x20000220   Data           8  stm32f0xx_emu.o(.data)
    SystemCoreClock                          0x20000228   Data           4  system_stm32f0xx.o(.data)
    AHBPrescTable                            0x2000022c   Data          16  system_stm32f0xx.o(.data)
    TxdBytes                                 0x2000023c   Data           1  modbus.o(.data)
    RxdBytes                                 0x2000023d   Data           1  modbus.o(.data)
    TxdTelBytes                              0x2000023e   Data           1  modbus.o(.data)
    ReceivedTel                              0x2000023f   Data           1  modbus.o(.data)
    config                                   0x20000242   Data          36  conf.o(.data)
    CurrentStatus                            0x20000266   Data           2  conf.o(.data)
    DS18B20_READ_DATA                        0x20000278   Data           9  ds18b20.o(.bss)
    Adc_Data                                 0x20000282   Data          24  stm32f0xx_emu.o(.bss)
    TxdBuf                                   0x2000029a   Data          64  modbus.o(.bss)
    RxdBuf                                   0x200002da   Data          48  modbus.o(.bss)
    RxdTelBuf                                0x2000030a   Data          48  modbus.o(.bss)
    __libspace_start                         0x2000033c   Data          96  libspace.o(.bss)
    __temporary_stack_top$libspace           0x2000039c   Data           0  libspace.o(.bss)



==============================================================================

Memory Map of the image

  Image Entry point : 0x080000b1

  Load Region LR_IROM1 (Base: 0x08000000, Size: 0x00003024, Max: 0x00004000, ABSOLUTE, COMPRESSED[0x00002e44])

    Execution Region ER_IROM1 (Exec base: 0x08000000, Load base: 0x08000000, Size: 0x00002dac, Max: 0x00004000, ABSOLUTE)

    Exec Addr    Load Addr    Size         Type   Attr      Idx    E Section Name        Object

    0x08000000   0x08000000   0x000000b0   Data   RO          394    RESET               startup_stm32f031.o
    0x080000b0   0x080000b0   0x00000008   Code   RO         3539  * !!!main             c_p.l(__main.o)
    0x080000b8   0x080000b8   0x0000003c   Code   RO         3717    !!!scatter          c_p.l(__scatter.o)
    0x080000f4   0x080000f4   0x0000001c   Code   RO         3719    !!handler_zi        c_p.l(__scatter_zi.o)
    0x08000110   0x08000110   0x00000002   Code   RO         3584    .ARM.Collect$$libinit$$00000000  c_p.l(libinit.o)
    0x08000112   0x08000112   0x00000000   Code   RO         3598    .ARM.Collect$$libinit$$00000002  c_p.l(libinit2.o)
    0x08000112   0x08000112   0x00000000   Code   RO         3600    .ARM.Collect$$libinit$$00000004  c_p.l(libinit2.o)
    0x08000112   0x08000112   0x00000000   Code   RO         3603    .ARM.Collect$$libinit$$0000000A  c_p.l(libinit2.o)
    0x08000112   0x08000112   0x00000000   Code   RO         3605    .ARM.Collect$$libinit$$0000000C  c_p.l(libinit2.o)
    0x08000112   0x08000112   0x00000000   Code   RO         3607    .ARM.Collect$$libinit$$0000000E  c_p.l(libinit2.o)
    0x08000112   0x08000112   0x00000000   Code   RO         3610    .ARM.Collect$$libinit$$00000011  c_p.l(libinit2.o)
    0x08000112   0x08000112   0x00000000   Code   RO         3612    .ARM.Collect$$libinit$$00000013  c_p.l(libinit2.o)
    0x08000112   0x08000112   0x00000000   Code   RO         3614    .ARM.Collect$$libinit$$00000015  c_p.l(libinit2.o)
    0x08000112   0x08000112   0x00000000   Code   RO         3616    .ARM.Collect$$libinit$$00000017  c_p.l(libinit2.o)
    0x08000112   0x08000112   0x00000000   Code   RO         3618    .ARM.Collect$$libinit$$00000019  c_p.l(libinit2.o)
    0x08000112   0x08000112   0x00000000   Code   RO         3620    .ARM.Collect$$libinit$$0000001B  c_p.l(libinit2.o)
    0x08000112   0x08000112   0x00000000   Code   RO         3622    .ARM.Collect$$libinit$$0000001D  c_p.l(libinit2.o)
    0x08000112   0x08000112   0x00000000   Code   RO         3624    .ARM.Collect$$libinit$$0000001F  c_p.l(libinit2.o)
    0x08000112   0x08000112   0x00000000   Code   RO         3626    .ARM.Collect$$libinit$$00000021  c_p.l(libinit2.o)
    0x08000112   0x08000112   0x00000000   Code   RO         3628    .ARM.Collect$$libinit$$00000023  c_p.l(libinit2.o)
    0x08000112   0x08000112   0x00000000   Code   RO         3630    .ARM.Collect$$libinit$$00000025  c_p.l(libinit2.o)
    0x08000112   0x08000112   0x00000000   Code   RO         3634    .ARM.Collect$$libinit$$0000002C  c_p.l(libinit2.o)
    0x08000112   0x08000112   0x00000000   Code   RO         3636    .ARM.Collect$$libinit$$0000002E  c_p.l(libinit2.o)
    0x08000112   0x08000112   0x00000000   Code   RO         3638    .ARM.Collect$$libinit$$00000030  c_p.l(libinit2.o)
    0x08000112   0x08000112   0x00000000   Code   RO         3640    .ARM.Collect$$libinit$$00000032  c_p.l(libinit2.o)
    0x08000112   0x08000112   0x00000002   Code   RO         3641    .ARM.Collect$$libinit$$00000033  c_p.l(libinit2.o)
    0x08000114   0x08000114   0x00000002   Code   RO         3672    .ARM.Collect$$libshutdown$$00000000  c_p.l(libshutdown.o)
    0x08000116   0x08000116   0x00000000   Code   RO         3698    .ARM.Collect$$libshutdown$$00000002  c_p.l(libshutdown2.o)
    0x08000116   0x08000116   0x00000000   Code   RO         3700    .ARM.Collect$$libshutdown$$00000004  c_p.l(libshutdown2.o)
    0x08000116   0x08000116   0x00000000   Code   RO         3703    .ARM.Collect$$libshutdown$$00000007  c_p.l(libshutdown2.o)
    0x08000116   0x08000116   0x00000000   Code   RO         3706    .ARM.Collect$$libshutdown$$0000000A  c_p.l(libshutdown2.o)
    0x08000116   0x08000116   0x00000000   Code   RO         3708    .ARM.Collect$$libshutdown$$0000000C  c_p.l(libshutdown2.o)
    0x08000116   0x08000116   0x00000000   Code   RO         3711    .ARM.Collect$$libshutdown$$0000000F  c_p.l(libshutdown2.o)
    0x08000116   0x08000116   0x00000002   Code   RO         3712    .ARM.Collect$$libshutdown$$00000010  c_p.l(libshutdown2.o)
    0x08000118   0x08000118   0x00000000   Code   RO         3543    .ARM.Collect$$rtentry$$00000000  c_p.l(__rtentry.o)
    0x08000118   0x08000118   0x00000000   Code   RO         3554    .ARM.Collect$$rtentry$$00000002  c_p.l(__rtentry2.o)
    0x08000118   0x08000118   0x00000006   Code   RO         3566    .ARM.Collect$$rtentry$$00000004  c_p.l(__rtentry4.o)
    0x0800011e   0x0800011e   0x00000000   Code   RO         3556    .ARM.Collect$$rtentry$$00000009  c_p.l(__rtentry2.o)
    0x0800011e   0x0800011e   0x00000004   Code   RO         3557    .ARM.Collect$$rtentry$$0000000A  c_p.l(__rtentry2.o)
    0x08000122   0x08000122   0x00000000   Code   RO         3559    .ARM.Collect$$rtentry$$0000000C  c_p.l(__rtentry2.o)
    0x08000122   0x08000122   0x00000008   Code   RO         3560    .ARM.Collect$$rtentry$$0000000D  c_p.l(__rtentry2.o)
    0x0800012a   0x0800012a   0x00000002   Code   RO         3589    .ARM.Collect$$rtexit$$00000000  c_p.l(rtexit.o)
    0x0800012c   0x0800012c   0x00000000   Code   RO         3645    .ARM.Collect$$rtexit$$00000002  c_p.l(rtexit2.o)
    0x0800012c   0x0800012c   0x00000004   Code   RO         3646    .ARM.Collect$$rtexit$$00000003  c_p.l(rtexit2.o)
    0x08000130   0x08000130   0x00000006   Code   RO         3647    .ARM.Collect$$rtexit$$00000004  c_p.l(rtexit2.o)
    0x08000136   0x08000136   0x00000002   PAD
    0x08000138   0x08000138   0x00000038   Code   RO          395    .text               startup_stm32f031.o
    0x08000170   0x08000170   0x00000030   Code   RO         3529    .text               c_p.l(llmul.o)
    0x080001a0   0x080001a0   0x00000102   Code   RO         3531    .text               c_p.l(lludiv.o)
    0x080002a2   0x080002a2   0x000001e8   Code   RO         3533    .text               c_p.l(aeabi_sdivfast.o)
    0x0800048a   0x0800048a   0x00000006   Code   RO         3537    .text               c_p.l(heapauxi.o)
    0x08000490   0x08000490   0x0000003e   Code   RO         3570    .text               c_p.l(sys_stackheap_outer.o)
    0x080004ce   0x080004ce   0x00000010   Code   RO         3573    .text               c_p.l(exit.o)
    0x080004de   0x080004de   0x00000002   PAD
    0x080004e0   0x080004e0   0x00000008   Code   RO         3585    .text               c_p.l(libspace.o)
    0x080004e8   0x080004e8   0x0000000c   Code   RO         3642    .text               c_p.l(sys_exit.o)
    0x080004f4   0x080004f4   0x00000002   Code   RO         3661    .text               c_p.l(use_no_semi.o)
    0x080004f6   0x080004f6   0x00000000   Code   RO         3663    .text               c_p.l(indicate_semi.o)
    0x080004f6   0x080004f6   0x00000056   Code   RO         3715    .text               c_p.l(__dczerorl2.o)
    0x0800054c   0x0800054c   0x00000104   Code   RO          603    i.ADC1_DMA_Init     stm32f0xx_emu.o
    0x08000650   0x08000650   0x0000000a   Code   RO         1117    i.ADC_ChannelConfig  stm32f0xx_adc.o
    0x0800065a   0x0800065a   0x00000016   Code   RO         1121    i.ADC_Cmd           stm32f0xx_adc.o
    0x08000670   0x08000670   0x00000014   Code   RO         1123    i.ADC_DMACmd        stm32f0xx_adc.o
    0x08000684   0x08000684   0x00000010   Code   RO         1124    i.ADC_DMARequestModeConfig  stm32f0xx_adc.o
    0x08000694   0x08000694   0x00000024   Code   RO         1125    i.ADC_DeInit        stm32f0xx_adc.o
    0x080006b8   0x080006b8   0x0000002e   Code   RO         1127    i.ADC_GetCalibrationFactor  stm32f0xx_adc.o
    0x080006e6   0x080006e6   0x0000001c   Code   RO         1129    i.ADC_GetFlagStatus  stm32f0xx_adc.o
    0x08000702   0x08000702   0x00000002   PAD
    0x08000704   0x08000704   0x0000002c   Code   RO         1132    i.ADC_Init          stm32f0xx_adc.o
    0x08000730   0x08000730   0x0000000a   Code   RO         1135    i.ADC_StartOfConversion  stm32f0xx_adc.o
    0x0800073a   0x0800073a   0x00000010   Code   RO         1137    i.ADC_StructInit    stm32f0xx_adc.o
    0x0800074a   0x0800074a   0x00000002   PAD
    0x0800074c   0x0800074c   0x0000001c   Code   RO         1138    i.ADC_TempSensorCmd  stm32f0xx_adc.o
    0x08000768   0x08000768   0x0000004c   Code   RO          605    i.DMA1_Channel1_IRQHandler  stm32f0xx_emu.o
    0x080007b4   0x080007b4   0x00000018   Code   RO         1354    i.DMA_ClearITPendingBit  stm32f0xx_dma.o
    0x080007cc   0x080007cc   0x00000018   Code   RO         1355    i.DMA_Cmd           stm32f0xx_dma.o
    0x080007e4   0x080007e4   0x000000e0   Code   RO         1356    i.DMA_DeInit        stm32f0xx_dma.o
    0x080008c4   0x080008c4   0x00000020   Code   RO         1359    i.DMA_GetITStatus   stm32f0xx_dma.o
    0x080008e4   0x080008e4   0x00000010   Code   RO         1360    i.DMA_ITConfig      stm32f0xx_dma.o
    0x080008f4   0x080008f4   0x00000040   Code   RO         1361    i.DMA_Init          stm32f0xx_dma.o
    0x08000934   0x08000934   0x0000002c   Code   RO          424    i.DS18B20_DELAY2S   ds18b20.o
    0x08000960   0x08000960   0x0000006c   Code   RO          426    i.DS18B20_INIT      ds18b20.o
    0x080009cc   0x080009cc   0x00000080   Code   RO          427    i.DS18B20_LOOP      ds18b20.o
    0x08000a4c   0x08000a4c   0x00000024   Code   RO          428    i.DS18B20_Mode_IPU  ds18b20.o
    0x08000a70   0x08000a70   0x00000038   Code   RO          429    i.DS18B20_Mode_OD   ds18b20.o
    0x08000aa8   0x08000aa8   0x000000a4   Code   RO          431    i.DS18B20_READ_DATA0  ds18b20.o
    0x08000b4c   0x08000b4c   0x000000a4   Code   RO          432    i.DS18B20_READ_DATA1  ds18b20.o
    0x08000bf0   0x08000bf0   0x000000a4   Code   RO          433    i.DS18B20_READ_DATA2  ds18b20.o
    0x08000c94   0x08000c94   0x000000a4   Code   RO          434    i.DS18B20_READ_DATA3  ds18b20.o
    0x08000d38   0x08000d38   0x000000a4   Code   RO          435    i.DS18B20_READ_DATA4  ds18b20.o
    0x08000ddc   0x08000ddc   0x000000a4   Code   RO          436    i.DS18B20_READ_DATA5  ds18b20.o
    0x08000e80   0x08000e80   0x000000a4   Code   RO          437    i.DS18B20_READ_DATA6  ds18b20.o
    0x08000f24   0x08000f24   0x000000a4   Code   RO          438    i.DS18B20_READ_DATA7  ds18b20.o
    0x08000fc8   0x08000fc8   0x000000a4   Code   RO          439    i.DS18B20_READ_DATA8  ds18b20.o
    0x0800106c   0x0800106c   0x00000070   Code   RO          440    i.DS18B20_WRITE_44  ds18b20.o
    0x080010dc   0x080010dc   0x00000070   Code   RO          441    i.DS18B20_WRITE_BE  ds18b20.o
    0x0800114c   0x0800114c   0x00000070   Code   RO          442    i.DS18B20_WRITE_CC  ds18b20.o
    0x080011bc   0x080011bc   0x0000000c   Code   RO         1440    i.EXTI_ClearITPendingBit  stm32f0xx_exti.o
    0x080011c8   0x080011c8   0x00000038   Code   RO         1503    i.FLASH_ErasePage   stm32f0xx_flash.o
    0x08001200   0x08001200   0x00000010   Code   RO         1508    i.FLASH_Lock        stm32f0xx_flash.o
    0x08001210   0x08001210   0x00000034   Code   RO         1527    i.FLASH_ProgramHalfWord  stm32f0xx_flash.o
    0x08001244   0x08001244   0x00000020   Code   RO         1530    i.FLASH_Unlock      stm32f0xx_flash.o
    0x08001264   0x08001264   0x00000058   Code   RO         1531    i.FLASH_WaitForLastOperation  stm32f0xx_flash.o
    0x080012bc   0x080012bc   0x00000072   Code   RO         1701    i.GPIO_Init         stm32f0xx_gpio.o
    0x0800132e   0x0800132e   0x00000022   Code   RO         1702    i.GPIO_PinAFConfig  stm32f0xx_gpio.o
    0x08001350   0x08001350   0x00000004   Code   RO         1708    i.GPIO_ResetBits    stm32f0xx_gpio.o
    0x08001354   0x08001354   0x00000004   Code   RO         1709    i.GPIO_SetBits      stm32f0xx_gpio.o
    0x08001358   0x08001358   0x00000002   Code   RO          717    i.HardFault_Handler  stm32f0xx_it.o
    0x0800135a   0x0800135a   0x00000002   PAD
    0x0800135c   0x0800135c   0x00000010   Code   RO         1792    i.IWDG_Enable       stm32f0xx_iwdg.o
    0x0800136c   0x0800136c   0x00000010   Code   RO         1794    i.IWDG_ReloadCounter  stm32f0xx_iwdg.o
    0x0800137c   0x0800137c   0x0000000c   Code   RO         1795    i.IWDG_SetPrescaler  stm32f0xx_iwdg.o
    0x08001388   0x08001388   0x0000000c   Code   RO         1796    i.IWDG_SetReload    stm32f0xx_iwdg.o
    0x08001394   0x08001394   0x0000000c   Code   RO         1798    i.IWDG_WriteAccessCmd  stm32f0xx_iwdg.o
    0x080013a0   0x080013a0   0x00000002   Code   RO          718    i.NMI_Handler       stm32f0xx_it.o
    0x080013a2   0x080013a2   0x00000002   PAD
    0x080013a4   0x080013a4   0x00000054   Code   RO         1848    i.NVIC_Init         stm32f0xx_misc.o
    0x080013f8   0x080013f8   0x0000000c   Code   RO           11    i.On1ms             main.o
    0x08001404   0x08001404   0x00000200   Code   RO          959    i.OnGetData03       modbus.o
    0x08001604   0x08001604   0x00000130   Code   RO          962    i.OnSetData06       modbus.o
    0x08001734   0x08001734   0x00000020   Code   RO          606    i.PVD_IRQHandler    stm32f0xx_emu.o
    0x08001754   0x08001754   0x00000002   Code   RO          719    i.PendSV_Handler    stm32f0xx_it.o
    0x08001756   0x08001756   0x00000002   PAD
    0x08001758   0x08001758   0x00000018   Code   RO         1955    i.RCC_AHBPeriphClockCmd  stm32f0xx_rcc.o
    0x08001770   0x08001770   0x00000018   Code   RO         1957    i.RCC_APB1PeriphClockCmd  stm32f0xx_rcc.o
    0x08001788   0x08001788   0x00000018   Code   RO         1959    i.RCC_APB2PeriphClockCmd  stm32f0xx_rcc.o
    0x080017a0   0x080017a0   0x00000018   Code   RO         1960    i.RCC_APB2PeriphResetCmd  stm32f0xx_rcc.o
    0x080017b8   0x080017b8   0x00000180   Code   RO         1969    i.RCC_GetClocksFreq  stm32f0xx_rcc.o
    0x08001938   0x08001938   0x00000214   Code   RO          963    i.RxdByte           modbus.o
    0x08001b4c   0x08001b4c   0x00000002   Code   RO          720    i.SVC_Handler       stm32f0xx_it.o
    0x08001b4e   0x08001b4e   0x00000008   Code   RO          766    i.SysTick_Handler   stm32f030.o
    0x08001b56   0x08001b56   0x00000002   PAD
    0x08001b58   0x08001b58   0x000000b0   Code   RO          877    i.SystemInit        system_stm32f0xx.o
    0x08001c08   0x08001c08   0x00000034   Code   RO          444    i.TIM16_IRQHandler  ds18b20.o
    0x08001c3c   0x08001c3c   0x00000024   Code   RO          607    i.TIM1_BRK_UP_TRG_COM_IRQHandler  stm32f0xx_emu.o
    0x08001c60   0x08001c60   0x00000006   Code   RO         2620    i.TIM_ClearITPendingBit  stm32f0xx_tim.o
    0x08001c66   0x08001c66   0x00000014   Code   RO         2625    i.TIM_Cmd           stm32f0xx_tim.o
    0x08001c7a   0x08001c7a   0x00000018   Code   RO         2627    i.TIM_CtrlPWMOutputs  stm32f0xx_tim.o
    0x08001c92   0x08001c92   0x00000018   Code   RO         2646    i.TIM_GetITStatus   stm32f0xx_tim.o
    0x08001caa   0x08001caa   0x00000010   Code   RO         2650    i.TIM_ITConfig      stm32f0xx_tim.o
    0x08001cba   0x08001cba   0x00000002   PAD
    0x08001cbc   0x08001cbc   0x00000080   Code   RO         2654    i.TIM_OC1Init       stm32f0xx_tim.o
    0x08001d3c   0x08001d3c   0x0000000c   Code   RO         2657    i.TIM_OC1PreloadConfig  stm32f0xx_tim.o
    0x08001d48   0x08001d48   0x00000094   Code   RO         2659    i.TIM_OC2Init       stm32f0xx_tim.o
    0x08001ddc   0x08001ddc   0x00000014   Code   RO         2662    i.TIM_OC2PreloadConfig  stm32f0xx_tim.o
    0x08001df0   0x08001df0   0x00000014   Code   RO         2672    i.TIM_OCStructInit  stm32f0xx_tim.o
    0x08001e04   0x08001e04   0x00000010   Code   RO         2684    i.TIM_SelectOutputTrigger  stm32f0xx_tim.o
    0x08001e14   0x08001e14   0x00000078   Code   RO         2698    i.TIM_TimeBaseInit  stm32f0xx_tim.o
    0x08001e8c   0x08001e8c   0x000000a8   Code   RO          767    i.USART1_IRQHandler  stm32f030.o
    0x08001f34   0x08001f34   0x00000004   Code   RO         3159    i.USART_ClearFlag   stm32f0xx_usart.o
    0x08001f38   0x08001f38   0x0000000a   Code   RO         3160    i.USART_ClearITPendingBit  stm32f0xx_usart.o
    0x08001f42   0x08001f42   0x00000014   Code   RO         3163    i.USART_Cmd         stm32f0xx_usart.o
    0x08001f56   0x08001f56   0x0000003c   Code   RO         3172    i.USART_GetITStatus  stm32f0xx_usart.o
    0x08001f92   0x08001f92   0x0000002c   Code   RO         3174    i.USART_ITConfig    stm32f0xx_usart.o
    0x08001fbe   0x08001fbe   0x00000002   PAD
    0x08001fc0   0x08001fc0   0x000000a8   Code   RO         3175    i.USART_Init        stm32f0xx_usart.o
    0x08002068   0x08002068   0x00000008   Code   RO         3187    i.USART_ReceiveData  stm32f0xx_usart.o
    0x08002070   0x08002070   0x00000008   Code   RO         3192    i.USART_SendData    stm32f0xx_usart.o
    0x08002078   0x08002078   0x00000032   Code   RO          382    i.__ARM_common_ll_muluu  dds.o
    0x080020aa   0x080020aa   0x00000022   Code   RO         1055    i.__ARM_common_memcpy1_8  modbus.o
    0x080020cc   0x080020cc   0x00000030   Code   RO          611    i.getTemp           stm32f0xx_emu.o
    0x080020fc   0x080020fc   0x00000024   Code   RO          966    i.getTxdByte        modbus.o
    0x08002120   0x08002120   0x0000001c   Code   RO          967    i.hasByteToTxd      modbus.o
    0x0800213c   0x0800213c   0x00000080   Code   RO          768    i.init485           stm32f030.o
    0x080021bc   0x080021bc   0x00000078   Code   RO          445    i.initDS18B20       ds18b20.o
    0x08002234   0x08002234   0x00000060   Code   RO          612    i.initDSP           stm32f0xx_emu.o
    0x08002294   0x08002294   0x00000008   Code   RO          911    i.initEEPROM        stm32f051_flash.o
    0x0800229c   0x0800229c   0x00000064   Code   RO          770    i.initSysTick1ms    stm32f030.o
    0x08002300   0x08002300   0x00000028   Code   RO          771    i.initWatchdog      stm32f030.o
    0x08002328   0x08002328   0x00000046   Code   RO          227    i.init_power        power.o
    0x0800236e   0x0800236e   0x00000002   PAD
    0x08002370   0x08002370   0x00000054   Code   RO          970    i.leftRxdTel        modbus.o
    0x080023c4   0x080023c4   0x00000078   Code   RO          912    i.loadConfig        stm32f051_flash.o
    0x0800243c   0x0800243c   0x000000f4   Code   RO           15    i.main              main.o
    0x08002530   0x08002530   0x00000050   Code   RO          971    i.modbusLoop        modbus.o
    0x08002580   0x08002580   0x000001f8   Code   RO          310    i.next_dds          dds.o
    0x08002778   0x08002778   0x000000d8   Code   RO          229    i.power_pwm_init    power.o
    0x08002850   0x08002850   0x00000040   Code   RO          913    i.saveConfig        stm32f051_flash.o
    0x08002890   0x08002890   0x000000c8   Code   RO          774    i.setCom            stm32f030.o
    0x08002958   0x08002958   0x00000044   Code   RO          776    i.startTxd          stm32f030.o
    0x0800299c   0x0800299c   0x00000088   Code   RO          401    i.tab_sqrt_trig     tab_sqrt_trig.o
    0x08002a24   0x08002a24   0x00000100   Code   RO           19    i.updat_freq_by_temp  main.o
    0x08002b24   0x08002b24   0x0000004c   Code   RO          313    i.update_freq       dds.o
    0x08002b70   0x08002b70   0x0000001c   Data   RO          402    .constdata          tab_sqrt_trig.o
    0x08002b8c   0x08002b8c   0x00000200   Data   RO          973    .constdata          modbus.o
    0x08002d8c   0x08002d8c   0x00000020   Data   RO         3713    Region$$Table       anon$$obj.o


    Execution Region RW_IRAM1 (Exec base: 0x20000000, Load base: 0x08002dac, Size: 0x000009a0, Max: 0x00001000, ABSOLUTE, COMPRESSED[0x00000098])

    Exec Addr    Load Addr    Size         Type   Attr      Idx    E Section Name        Object

    0x20000000   COMPRESSED   0x000000a4   Data   RW           23    .data               main.o
    0x200000a4   COMPRESSED   0x00000004   PAD
    0x200000a8   COMPRESSED   0x000000c0   Data   RW          314    .data               dds.o
    0x20000168   COMPRESSED   0x0000009c   Data   RW          456    .data               ds18b20.o
    0x20000204   COMPRESSED   0x00000004   PAD
    0x20000208   COMPRESSED   0x00000020   Data   RW          618    .data               stm32f0xx_emu.o
    0x20000228   COMPRESSED   0x00000014   Data   RW          878    .data               system_stm32f0xx.o
    0x2000023c   COMPRESSED   0x00000005   Data   RW          974    .data               modbus.o
    0x20000241   COMPRESSED   0x00000001   PAD
    0x20000242   COMPRESSED   0x00000024   Data   RW         1069    .data               conf.o
    0x20000266   COMPRESSED   0x00000002   Data   RW         1070    .data               conf.o
    0x20000268   COMPRESSED   0x00000010   Data   RW         1995    .data               stm32f0xx_rcc.o
    0x20000278        -       0x00000009   Zero   RW          450    .bss                ds18b20.o
    0x20000281   COMPRESSED   0x00000001   PAD
    0x20000282        -       0x00000018   Zero   RW          617    .bss                stm32f0xx_emu.o
    0x2000029a        -       0x000000a0   Zero   RW          972    .bss                modbus.o
    0x2000033a   COMPRESSED   0x00000002   PAD
    0x2000033c        -       0x00000060   Zero   RW         3586    .bss                c_p.l(libspace.o)
    0x2000039c   COMPRESSED   0x00000004   PAD
    0x200003a0        -       0x00000200   Zero   RW          393    HEAP                startup_stm32f031.o
    0x200005a0        -       0x00000400   Zero   RW          392    STACK               startup_stm32f031.o


==============================================================================

Image component sizes


      Code (inc. data)   RO Data    RW Data    ZI Data      Debug   Object Name

         0          0          0         38          0       2863   conf.o
       630         80          0        192          0       5425   dds.o
      2356        290          0        156          9      12648   ds18b20.o
       512         72          0        164          0      23907   main.o
      1610        172        512          5        160       7725   modbus.o
       286         14          0          0          0     247038   power.o
        56         26        176          0       1536        632   startup_stm32f031.o
       712         66          0          0          0      12157   stm32f030.o
       192         26          0          0          0       2831   stm32f051_flash.o
       276         16          0          0          0       6734   stm32f0xx_adc.o
       384         88          0          0          0       5303   stm32f0xx_dma.o
       548         64          0         32         24       5181   stm32f0xx_emu.o
        12          6          0          0          0        513   stm32f0xx_exti.o
       244         32          0          0          0       3637   stm32f0xx_flash.o
       156          0          0          0          0       2843   stm32f0xx_gpio.o
         8          0          0          0          0       1709   stm32f0xx_it.o
        68         34          0          0          0       2430   stm32f0xx_iwdg.o
        84         14          0          0          0        952   stm32f0xx_misc.o
       480         58          0         16          0       4375   stm32f0xx_rcc.o
       554         80          0          0          0       8861   stm32f0xx_tim.o
       322         20          0          0          0       5919   stm32f0xx_usart.o
       176         16          0         20          0       1321   system_stm32f0xx.o
       136         28         28          0          0       1618   tab_sqrt_trig.o

    ----------------------------------------------------------------------
      9820       1202        748        632       1732     366622   Object Totals
         0          0         32          0          0          0   (incl. Generated)
        18          0          0          9          3          0   (incl. Padding)

    ----------------------------------------------------------------------

      Code (inc. data)   RO Data    RW Data    ZI Data      Debug   Library Member Name

        86          0          0          0          0          0   __dczerorl2.o
         8          0          0          0          0         68   __main.o
         0          0          0          0          0          0   __rtentry.o
        12          0          0          0          0          0   __rtentry2.o
         6          0          0          0          0          0   __rtentry4.o
        60          8          0          0          0          0   __scatter.o
        28          0          0          0          0          0   __scatter_zi.o
       488          0          0          0          0         92   aeabi_sdivfast.o
        16          0          0          0          0         68   exit.o
         6          0          0          0          0        136   heapauxi.o
         0          0          0          0          0          0   indicate_semi.o
         2          0          0          0          0          0   libinit.o
         2          0          0          0          0          0   libinit2.o
         2          0          0          0          0          0   libshutdown.o
         2          0          0          0          0          0   libshutdown2.o
         8          4          0          0         96         68   libspace.o
        48          0          0          0          0         72   llmul.o
       258          0          0          0          0         88   lludiv.o
         2          0          0          0          0          0   rtexit.o
        10          0          0          0          0          0   rtexit2.o
        12          4          0          0          0         60   sys_exit.o
        62          0          0          0          0         80   sys_stackheap_outer.o
         2          0          0          0          0         68   use_no_semi.o

    ----------------------------------------------------------------------
      1124         16          0          0        100        800   Library Totals
         4          0          0          0          4          0   (incl. Padding)

    ----------------------------------------------------------------------

      Code (inc. data)   RO Data    RW Data    ZI Data      Debug   Library Name

      1120         16          0          0         96        800   c_p.l

    ----------------------------------------------------------------------
      1124         16          0          0        100        800   Library Totals

    ----------------------------------------------------------------------

==============================================================================


      Code (inc. data)   RO Data    RW Data    ZI Data      Debug   

     10944       1218        748        632       1832     362310   Grand Totals
     10944       1218        748        152       1832     362310   ELF Image Totals (compressed)
     10944       1218        748        152          0          0   ROM Totals

==============================================================================

    Total RO  Size (Code + RO Data)                11692 (  11.42kB)
    Total RW  Size (RW Data + ZI Data)              2464 (   2.41kB)
    Total ROM Size (Code + RO Data + RW Data)      11844 (  11.57kB)

==============================================================================

