Component: ARM Compiler 5.06 update 6 (build 750) Tool: armlink [4d35ed]

==============================================================================

Section Cross References

    main.o(i.AFC_18B20) refers to aeabi_sdiv.o(.text) for __aeabi_idivmod
    main.o(i.AFC_18B20) refers to main.o(.data) for parameter
    main.o(i.AFC_18B20) refers to main.o(.constdata) for df_temp_table
    main.o(i.AFC_18B20) refers to conf.o(.data) for config
    main.o(i.AFC_I) refers to aeabi_sdiv.o(.text) for __aeabi_uidivmod
    main.o(i.AFC_I) refers to conf.o(.data) for config
    main.o(i.AFC_I) refers to main.o(.data) for parameter
    main.o(i.AFC_KK) refers to aeabi_sdiv.o(.text) for __aeabi_uidivmod
    main.o(i.AFC_KK) refers to conf.o(.data) for config
    main.o(i.AFC_KK) refers to main.o(.data) for parameter
    main.o(i.AFC_P) refers to aeabi_sdiv.o(.text) for __aeabi_uidivmod
    main.o(i.AFC_P) refers to conf.o(.data) for config
    main.o(i.AFC_P) refers to main.o(.data) for parameter
    main.o(i.AFC_PF) refers to aeabi_sdiv.o(.text) for __aeabi_uidivmod
    main.o(i.AFC_PF) refers to conf.o(.data) for config
    main.o(i.AFC_PF) refers to main.o(.data) for parameter
    main.o(i.AFC_Z) refers to aeabi_sdiv.o(.text) for __aeabi_uidivmod
    main.o(i.AFC_Z) refers to conf.o(.data) for config
    main.o(i.AFC_Z) refers to main.o(.data) for parameter
    main.o(i.AutoTempMode) refers to dds.o(i.start_dds) for start_dds
    main.o(i.AutoTempMode) refers to dds.o(i.stop_dds) for stop_dds
    main.o(i.AutoTempMode) refers to main.o(.data) for parameter
    main.o(i.AutoTempMode) refers to conf.o(.data) for config
    main.o(i.Delay) refers to stm32f0xx_iwdg.o(i.IWDG_ReloadCounter) for IWDG_ReloadCounter
    main.o(i.On1ms) refers to main.o(.data) for ms1
    main.o(i.Search_PF_AFC_P) refers to aeabi_sdiv.o(.text) for __aeabi_uidivmod
    main.o(i.Search_PF_AFC_P) refers to conf.o(.data) for config
    main.o(i.Search_PF_AFC_P) refers to main.o(.data) for parameter
    main.o(i.TIM2_IRQHandler) refers to stm32f0xx_tim.o(i.TIM_GetITStatus) for TIM_GetITStatus
    main.o(i.TIM2_IRQHandler) refers to stm32f0xx_tim.o(i.TIM_ClearITPendingBit) for TIM_ClearITPendingBit
    main.o(i.TIM2_IRQHandler) refers to conf.o(.data) for CurrentStatus
    main.o(i.TIM2_IRQHandler) refers to main.o(.data) for emu_period
    main.o(i.TIM3_IRQHandler) refers to stm32f0xx_tim.o(i.TIM_GetITStatus) for TIM_GetITStatus
    main.o(i.TIM3_IRQHandler) refers to stm32f0xx_tim.o(i.TIM_ClearITPendingBit) for TIM_ClearITPendingBit
    main.o(i.TIM3_IRQHandler) refers to conf.o(.data) for CurrentStatus
    main.o(i.TIM3_IRQHandler) refers to main.o(.data) for emu_period
    main.o(i.getModel) refers to stm32f0xx_rcc.o(i.RCC_AHBPeriphClockCmd) for RCC_AHBPeriphClockCmd
    main.o(i.getModel) refers to stm32f0xx_gpio.o(i.GPIO_Init) for GPIO_Init
    main.o(i.getModel) refers to main.o(i.Delay) for Delay
    main.o(i.getModel) refers to stm32f0xx_gpio.o(i.GPIO_ReadInputDataBit) for GPIO_ReadInputDataBit
    main.o(i.initModel) refers to main.o(i.getModel) for getModel
    main.o(i.initModel) refers to main.o(.data) for parameter
    main.o(i.main) refers to stm32f030.o(i.initWatchdog) for initWatchdog
    main.o(i.main) refers to stm32f051_flash.o(i.initEEPROM) for initEEPROM
    main.o(i.main) refers to power.o(i.init_power) for init_power
    main.o(i.main) refers to stm32f030.o(i.init485) for init485
    main.o(i.main) refers to stm32f0xx_emu.o(i.initDSP) for initDSP
    main.o(i.main) refers to stm32f030.o(i.initSysTick1ms) for initSysTick1ms
    main.o(i.main) refers to ds18b20.o(i.initDS18B20) for initDS18B20
    main.o(i.main) refers to stm32f0xx_iwdg.o(i.IWDG_ReloadCounter) for IWDG_ReloadCounter
    main.o(i.main) refers to modbus.o(i.modbusLoop) for modbusLoop
    main.o(i.main) refers to aeabi_sdiv.o(.text) for __aeabi_uidivmod
    main.o(i.main) refers to main.o(i.updat_freq_by_temp) for updat_freq_by_temp
    main.o(i.main) refers to stm32f0xx_emu.o(i.getTemp) for getTemp
    main.o(i.main) refers to conf.o(.data) for CurrentStatus
    main.o(i.main) refers to main.o(.data) for parameter
    main.o(i.p_control) refers to aeabi_sdiv.o(.text) for __aeabi_idivmod
    main.o(i.p_control) refers to main.o(.data) for parameter
    main.o(i.p_control) refers to conf.o(.data) for config
    main.o(i.q_control) refers to aeabi_sdiv.o(.text) for __aeabi_idivmod
    main.o(i.q_control) refers to main.o(.data) for parameter
    main.o(i.q_control) refers to conf.o(.data) for config
    main.o(i.testError) refers to dds.o(i.is_dds_end) for is_dds_end
    main.o(i.testError) refers to stm32f0xx_rcc.o(i.RCC_AHBPeriphClockCmd) for RCC_AHBPeriphClockCmd
    main.o(i.testError) refers to stm32f0xx_gpio.o(i.GPIO_Init) for GPIO_Init
    main.o(i.testError) refers to stm32f0xx_gpio.o(i.GPIO_SetBits) for GPIO_SetBits
    main.o(i.testError) refers to stm32f0xx_gpio.o(i.GPIO_ResetBits) for GPIO_ResetBits
[...]
    .ARM.Collect$$libinit$$00000013          0x08000112   Section        0  libinit2.o(.ARM.Collect$$libinit$$00000013)
    .ARM.Collect$$libinit$$00000015          0x08000112   Section        0  libinit2.o(.ARM.Collect$$libinit$$00000015)
    .ARM.Collect$$libinit$$00000017          0x08000112   Section        0  libinit2.o(.ARM.Collect$$libinit$$00000017)
    .ARM.Collect$$libinit$$00000019          0x08000112   Section        0  libinit2.o(.ARM.Collect$$libinit$$00000019)
    .ARM.Collect$$libinit$$0000001B          0x08000112   Section        0  libinit2.o(.ARM.Collect$$libinit$$0000001B)
    .ARM.Collect$$libinit$$0000001D          0x08000112   Section        0  libinit2.o(.ARM.Collect$$libinit$$0000001D)
    .ARM.Collect$$libinit$$0000001F          0x08000112   Section        0  libinit2.o(.ARM.Collect$$libinit$$0000001F)
    .ARM.Collect$$libinit$$00000021          0x08000112   Section        0  libinit2.o(.ARM.Collect$$libinit$$00000021)
    .ARM.Collect$$libinit$$00000023          0x08000112   Section        0  libinit2.o(.ARM.Collect$$libinit$$00000023)
    .ARM.Collect$$libinit$$00000025          0x08000112   Section        0  libinit2.o(.ARM.Collect$$libinit$$00000025)
    .ARM.Collect$$libinit$$0000002C          0x08000112   Section        0  libinit2.o(.ARM.Collect$$libinit$$0000002C)
    .ARM.Collect$$libinit$$0000002E          0x08000112   Section        0  libinit2.o(.ARM.Collect$$libinit$$0000002E)
    .ARM.Collect$$libinit$$00000030          0x08000112   Section        0  libinit2.o(.ARM.Collect$$libinit$$00000030)
    .ARM.Collect$$libinit$$00000032          0x08000112   Section        0  libinit2.o(.ARM.Collect$$libinit$$00000032)
    .ARM.Collect$$libinit$$00000033          0x08000112   Section        2  libinit2.o(.ARM.Collect$$libinit$$00000033)
    .ARM.Collect$$libshutdown$$00000000      0x08000114   Section        2  libshutdown.o(.ARM.Collect$$libshutdown$$00000000)
    .ARM.Collect$$libshutdown$$00000002      0x08000116   Section        0  libshutdown2.o(.ARM.Collect$$libshutdown$$00000002)
    .ARM.Collect$$libshutdown$$00000004      0x08000116   Section        0  libshutdown2.o(.ARM.Collect$$libshutdown$$00000004)
    .ARM.Collect$$libshutdown$$00000007      0x08000116   Section        0  libshutdown2.o(.ARM.Collect$$libshutdown$$00000007)
    .ARM.Collect$$libshutdown$$0000000A      0x08000116   Section        0  libshutdown2.o(.ARM.Collect$$libshutdown$$0000000A)
    .ARM.Collect$$libshutdown$$0000000C      0x08000116   Section        0  libshutdown2.o(.ARM.Collect$$libshutdown$$0000000C)
    .ARM.Collect$$libshutdown$$0000000F      0x08000116   Section        0  libshutdown2.o(.ARM.Collect$$libshutdown$$0000000F)
    .ARM.Collect$$libshutdown$$00000010      0x08000116   Section        2  libshutdown2.o(.ARM.Collect$$libshutdown$$00000010)
    .ARM.Collect$$rtentry$$00000000          0x08000118   Section        0  __rtentry.o(.ARM.Collect$$rtentry$$00000000)
    .ARM.Collect$$rtentry$$00000002          0x08000118   Section        0  __rtentry2.o(.ARM.Collect$$rtentry$$00000002)
    .ARM.Collect$$rtentry$$00000004          0x08000118   Section        6  __rtentry4.o(.ARM.Collect$$rtentry$$00000004)
    .ARM.Collect$$rtentry$$00000009          0x0800011e   Section        0  __rtentry2.o(.ARM.Collect$$rtentry$$00000009)
    .ARM.Collect$$rtentry$$0000000A          0x0800011e   Section        4  __rtentry2.o(.ARM.Collect$$rtentry$$0000000A)
    .ARM.Collect$$rtentry$$0000000C          0x08000122   Section        0  __rtentry2.o(.ARM.Collect$$rtentry$$0000000C)
    .ARM.Collect$$rtentry$$0000000D          0x08000122   Section        8  __rtentry2.o(.ARM.Collect$$rtentry$$0000000D)
    .ARM.Collect$$rtexit$$00000000           0x0800012a   Section        2  rtexit.o(.ARM.Collect$$rtexit$$00000000)
    .ARM.Collect$$rtexit$$00000002           0x0800012c   Section        0  rtexit2.o(.ARM.Collect$$rtexit$$00000002)
    .ARM.Collect$$rtexit$$00000003           0x0800012c   Section        4  rtexit2.o(.ARM.Collect$$rtexit$$00000003)
    .ARM.Collect$$rtexit$$00000004           0x08000130   Section        6  rtexit2.o(.ARM.Collect$$rtexit$$00000004)
    .text                                    0x08000138   Section       56  startup_stm32f031.o(.text)
    .text                                    0x08000170   Section        0  llmul.o(.text)
    .text                                    0x080001a0   Section        0  lludiv.o(.text)
    .text                                    0x080002a2   Section      346  aeabi_sdiv.o(.text)
    .text                                    0x080003fc   Section        0  heapauxi.o(.text)
    .text                                    0x08000404   Section        0  fdiv.o(.text)
    .text                                    0x08000564   Section        0  ffixui.o(.text)
    .text                                    0x08000594   Section        0  fflti.o(.text)
    .text                                    0x080005f2   Section       62  sys_stackheap_outer.o(.text)
    .text                                    0x08000630   Section        0  exit.o(.text)
    .text                                    0x08000640   Section        8  libspace.o(.text)
    .text                                    0x08000648   Section        0  sys_exit.o(.text)
    .text                                    0x08000654   Section        2  use_no_semi.o(.text)
    .text                                    0x08000656   Section        0  indicate_semi.o(.text)
    .text                                    0x08000656   Section        0  __dczerorl2.o(.text)
    i.ADC1_DMA_Init                          0x080006ac   Section        0  stm32f0xx_emu.o(i.ADC1_DMA_Init)
    i.ADC_ChannelConfig                      0x080007bc   Section        0  stm32f0xx_adc.o(i.ADC_ChannelConfig)
    i.ADC_Cmd                                0x080007d4   Section        0  stm32f0xx_adc.o(i.ADC_Cmd)
    i.ADC_DMACmd                             0x080007ec   Section        0  stm32f0xx_adc.o(i.ADC_DMACmd)
    i.ADC_DMARequestModeConfig               0x08000804   Section        0  stm32f0xx_adc.o(i.ADC_DMARequestModeConfig)
    i.ADC_DeInit                             0x08000814   Section        0  stm32f0xx_adc.o(i.ADC_DeInit)
    i.ADC_GetCalibrationFactor               0x08000834   Section        0  stm32f0xx_adc.o(i.ADC_GetCalibrationFactor)
    i.ADC_GetFlagStatus                      0x08000870   Section        0  stm32f0xx_adc.o(i.ADC_GetFlagStatus)
    i.ADC_Init                               0x080008a0   Section        0  stm32f0xx_adc.o(i.ADC_Init)
    i.ADC_StartOfConversion                  0x080008cc   Section        0  stm32f0xx_adc.o(i.ADC_StartOfConversion)
    i.ADC_StructInit                         0x080008d6   Section        0  stm32f0xx_adc.o(i.ADC_StructInit)
    i.ADC_TempSensorCmd                      0x080008e8   Section        0  stm32f0xx_adc.o(i.ADC_TempSensorCmd)
    i.CRC16ISR0                              0x08000910   Section        0  modbus.o(i.CRC16ISR0)
    i.CRC16ISR1                              0x08000948   Section        0  modbus.o(i.CRC16ISR1)
    i.CRC8Calculate                          0x08000980   Section        0  ds18b20.o(i.CRC8Calculate)
    CRC8Calculate                            0x08000981   Thumb Code    66  ds18b20.o(i.CRC8Calculate)
    i.DMA1_Channel1_IRQHandler               0x080009c2   Section        0  stm32f0xx_emu.o(i.DMA1_Channel1_IRQHandler)
    i.DMA_ClearITPendingBit                  0x080009dc   Section        0  stm32f0xx_dma.o(i.DMA_ClearITPendingBit)
    i.DMA_Cmd                                0x080009fc   Section        0  stm32f0xx_dma.o(i.DMA_Cmd)
    i.DMA_DeInit                             0x08000a18   Section        0  stm32f0xx_dma.o(i.DMA_DeInit)
    i.DMA_GetITStatus                        0x08000b7c   Section        0  stm32f0xx_dma.o(i.DMA_GetITStatus)
    i.DMA_ITConfig                           0x08000bb0   Section        0  stm32f0xx_dma.o(i.DMA_ITConfig)
    i.DMA_Init                               0x08000bc4   Section        0  stm32f0xx_dma.o(i.DMA_Init)
    i.DS18B20_DELAY2S                        0x08000c04   Section        0  ds18b20.o(i.DS18B20_DELAY2S)
    i.DS18B20_GPIO_Config                    0x08000c3c   Section        0  ds18b20.o(i.DS18B20_GPIO_Config)
    i.DS18B20_INIT                           0x08000c60   Section        0  ds18b20.o(i.DS18B20_INIT)
    i.DS18B20_LOOP                           0x08000d0c   Section        0  ds18b20.o(i.DS18B20_LOOP)
    i.DS18B20_Mode_IPU                       0x08000d84   Section        0  ds18b20.o(i.DS18B20_Mode_IPU)
    i.DS18B20_Mode_OD                        0x08000dba   Section        0  ds18b20.o(i.DS18B20_Mode_OD)
    i.DS18B20_READ_DATA0                     0x08000e18   Section        0  ds18b20.o(i.DS18B20_READ_DATA0)
    i.DS18B20_READ_DATA1                     0x08000ef8   Section        0  ds18b20.o(i.DS18B20_READ_DATA1)
    i.DS18B20_READ_DATA2                     0x08000fd8   Section        0  ds18b20.o(i.DS18B20_READ_DATA2)
    i.DS18B20_READ_DATA3                     0x080010b8   Section        0  ds18b20.o(i.DS18B20_READ_DATA3)
    i.DS18B20_READ_DATA4                     0x08001198   Section        0  ds18b20.o(i.DS18B20_READ_DATA4)
    i.DS18B20_READ_DATA5                     0x08001278   Section        0  ds18b20.o(i.DS18B20_READ_DATA5)
    i.DS18B20_READ_DATA6                     0x08001358   Section        0  ds18b20.o(i.DS18B20_READ_DATA6)
    i.DS18B20_READ_DATA7                     0x08001438   Section        0  ds18b20.o(i.DS18B20_READ_DATA7)
    i.DS18B20_READ_DATA8                     0x08001518   Section        0  ds18b20.o(i.DS18B20_READ_DATA8)
    i.DS18B20_WRITE_44                       0x080015f8   Section        0  ds18b20.o(i.DS18B20_WRITE_44)
    i.DS18B20_WRITE_BE                       0x08001694   Section        0  ds18b20.o(i.DS18B20_WRITE_BE)
    i.DS18B20_WRITE_CC                       0x08001730   Section        0  ds18b20.o(i.DS18B20_WRITE_CC)
    i.Disable485TXD                          0x080017cc   Section        0  stm32f030.o(i.Disable485TXD)
    i.EXTI_ClearITPendingBit                 0x080017d0   Section        0  stm32f0xx_exti.o(i.EXTI_ClearITPendingBit)
    i.EarsePage                              0x080017dc   Section        0  stm32f051_flash.o(i.EarsePage)
    i.Enable485TXD                           0x080017f0   Section        0  stm32f030.o(i.Enable485TXD)
    i.FLASH_ErasePage                        0x080017f4   Section        0  stm32f0xx_flash.o(i.FLASH_ErasePage)
    i.FLASH_GetStatus                        0x08001840   Section        0  stm32f0xx_flash.o(i.FLASH_GetStatus)
    i.FLASH_Lock                             0x0800187c   Section        0  stm32f0xx_flash.o(i.FLASH_Lock)
    i.FLASH_ProgramHalfWord                  0x08001890   Section        0  stm32f0xx_flash.o(i.FLASH_ProgramHalfWord)
    i.FLASH_Unlock                           0x080018d4   Section        0  stm32f0xx_flash.o(i.FLASH_Unlock)
    i.FLASH_WaitForLastOperation             0x080018f8   Section        0  stm32f0xx_flash.o(i.FLASH_WaitForLastOperation)
    i.GPIO_Init                              0x08001920   Section        0  stm32f0xx_gpio.o(i.GPIO_Init)
    i.GPIO_PinAFConfig                       0x080019b0   Section        0  stm32f0xx_gpio.o(i.GPIO_PinAFConfig)
    i.GPIO_ResetBits                         0x080019f4   Section        0  stm32f0xx_gpio.o(i.GPIO_ResetBits)
    i.GPIO_SetBits                           0x080019f8   Section        0  stm32f0xx_gpio.o(i.GPIO_SetBits)
    i.HardFault_Handler                      0x080019fc   Section        0  stm32f0xx_it.o(i.HardFault_Handler)
    i.IWDG_Enable                            0x08001a00   Section        0  stm32f0xx_iwdg.o(i.IWDG_Enable)
    i.IWDG_ReloadCounter                     0x08001a10   Section        0  stm32f0xx_iwdg.o(i.IWDG_ReloadCounter)
    i.IWDG_SetPrescaler                      0x08001a20   Section        0  stm32f0xx_iwdg.o(i.IWDG_SetPrescaler)
    i.IWDG_SetReload                         0x08001a2c   Section        0  stm32f0xx_iwdg.o(i.IWDG_SetReload)
    i.IWDG_WriteAccessCmd                    0x08001a38   Section        0  stm32f0xx_iwdg.o(i.IWDG_WriteAccessCmd)
    i.NMI_Handler                            0x08001a44   Section        0  stm32f0xx_it.o(i.NMI_Handler)
    i.NVIC_Init                              0x08001a48   Section        0  stm32f0xx_misc.o(i.NVIC_Init)
    i.On1ms                                  0x08001ab8   Section        0  main.o(i.On1ms)
    i.OnGetData03                            0x08001ac4   Section        0  modbus.o(i.OnGetData03)
    i.OnSetData06                            0x08001ccc   Section        0  modbus.o(i.OnSetData06)
    i.OnTimer18B20_1                         0x08001e6c   Section        0  ds18b20.o(i.OnTimer18B20_1)
    i.PVD_IRQHandler                         0x08001e84   Section        0  stm32f0xx_emu.o(i.PVD_IRQHandler)
    i.PendSV_Handler                         0x08001ea4   Section        0  stm32f0xx_it.o(i.PendSV_Handler)
    i.RCC_AHBPeriphClockCmd                  0x08001ea8   Section        0  stm32f0xx_rcc.o(i.RCC_AHBPeriphClockCmd)
    i.RCC_APB1PeriphClockCmd                 0x08001ec8   Section        0  stm32f0xx_rcc.o(i.RCC_APB1PeriphClockCmd)
    i.RCC_APB2PeriphClockCmd                 0x08001ee8   Section        0  stm32f0xx_rcc.o(i.RCC_APB2PeriphClockCmd)
    i.RCC_APB2PeriphResetCmd                 0x08001f08   Section        0  stm32f0xx_rcc.o(i.RCC_APB2PeriphResetCmd)
    i.RCC_GetClocksFreq                      0x08001f28   Section        0  stm32f0xx_rcc.o(i.RCC_GetClocksFreq)
    i.RDBYTES                                0x08002174   Section        0  stm32f051_flash.o(i.RDBYTES)
    i.RxdByte                                0x08002194   Section        0  modbus.o(i.RxdByte)
    i.SVC_Handler                            0x0800224c   Section        0  stm32f0xx_it.o(i.SVC_Handler)
    i.SetSysClock                            0x08002250   Section        0  system_stm32f0xx.o(i.SetSysClock)
    SetSysClock                              0x08002251   Thumb Code   126  system_stm32f0xx.o(i.SetSysClock)
    i.SysTick_Handler                        0x080022d8   Section        0  stm32f030.o(i.SysTick_Handler)
    i.SystemInit                             0x080022e0   Section        0  system_stm32f0xx.o(i.SystemInit)
    i.TIM16_IRQHandler                       0x0800235c   Section        0  ds18b20.o(i.TIM16_IRQHandler)
    i.TIM1_BRK_UP_TRG_COM_IRQHandler         0x0800237c   Section        0  stm32f0xx_emu.o(i.TIM1_BRK_UP_TRG_COM_IRQHandler)
    i.TIM2_IRQHandler                        0x080023a0   Section        0  main.o(i.TIM2_IRQHandler)
    i.TIM3_IRQHandler                        0x08002404   Section        0  main.o(i.TIM3_IRQHandler)
    i.TIM_ClearITPendingBit                  0x08002460   Section        0  stm32f0xx_tim.o(i.TIM_ClearITPendingBit)
    i.TIM_Cmd                                0x08002468   Section        0  stm32f0xx_tim.o(i.TIM_Cmd)
    i.TIM_CtrlPWMOutputs                     0x08002484   Section        0  stm32f0xx_tim.o(i.TIM_CtrlPWMOutputs)
    i.TIM_GetITStatus                        0x080024a6   Section        0  stm32f0xx_tim.o(i.TIM_GetITStatus)
    i.TIM_ITConfig                           0x080024cc   Section        0  stm32f0xx_tim.o(i.TIM_ITConfig)
    i.TIM_OC1Init                            0x080024e0   Section        0  stm32f0xx_tim.o(i.TIM_OC1Init)
    i.TIM_OC1PreloadConfig                   0x08002574   Section        0  stm32f0xx_tim.o(i.TIM_OC1PreloadConfig)
    i.TIM_OC2Init                            0x0800258c   Section        0  stm32f0xx_tim.o(i.TIM_OC2Init)
    i.TIM_OC2PreloadConfig                   0x08002638   Section        0  stm32f0xx_tim.o(i.TIM_OC2PreloadConfig)
    i.TIM_OCStructInit                       0x08002650   Section        0  stm32f0xx_tim.o(i.TIM_OCStructInit)
    i.TIM_SelectOutputTrigger                0x08002664   Section        0  stm32f0xx_tim.o(i.TIM_SelectOutputTrigger)
    i.TIM_TimeBaseInit                       0x08002678   Section        0  stm32f0xx_tim.o(i.TIM_TimeBaseInit)
    i.USART1_IRQHandler                      0x080026f4   Section        0  stm32f030.o(i.USART1_IRQHandler)
    i.USART_ClearFlag                        0x08002760   Section        0  stm32f0xx_usart.o(i.USART_ClearFlag)
    i.USART_ClearITPendingBit                0x08002764   Section        0  stm32f0xx_usart.o(i.USART_ClearITPendingBit)
    i.USART_Cmd                              0x08002776   Section        0  stm32f0xx_usart.o(i.USART_Cmd)
    i.USART_GetITStatus                      0x0800278e   Section        0  stm32f0xx_usart.o(i.USART_GetITStatus)
    i.USART_ITConfig                         0x080027dc   Section        0  stm32f0xx_usart.o(i.USART_ITConfig)
    i.USART_Init                             0x08002820   Section        0  stm32f0xx_usart.o(i.USART_Init)
    i.USART_ReceiveData                      0x08002918   Section        0  stm32f0xx_usart.o(i.USART_ReceiveData)
    i.USART_SendData                         0x08002922   Section        0  stm32f0xx_usart.o(i.USART_SendData)
    i.WRBYTES                                0x0800292a   Section        0  stm32f051_flash.o(i.WRBYTES)
    i.__ARM_common_ll_muluu                  0x0800295c   Section        0  dds.o(i.__ARM_common_ll_muluu)
    i.__ARM_common_switch8                   0x0800298c   Section        0  modbus.o(i.__ARM_common_switch8)
    i.__NVIC_SetPriority                     0x080029a8   Section        0  stm32f030.o(i.__NVIC_SetPriority)
    __NVIC_SetPriority                       0x080029a9   Thumb Code   110  stm32f030.o(i.__NVIC_SetPriority)
    i.emu                                    0x08002a20   Section        0  stm32f0xx_emu.o(i.emu)
    i.emu_init_timer                         0x08002a70   Section        0  stm32f0xx_emu.o(i.emu_init_timer)
    i.getTelLength                           0x08002ac8   Section        0  modbus.o(i.getTelLength)
    i.getTemp                                0x08002afc   Section        0  stm32f0xx_emu.o(i.getTemp)
    i.getTxdByte                             0x08002b34   Section        0  modbus.o(i.getTxdByte)
    i.hasByteToTxd                           0x08002b70   Section        0  modbus.o(i.hasByteToTxd)
    i.init485                                0x08002b98   Section        0  stm32f030.o(i.init485)
    i.initDS18B20                            0x08002c04   Section        0  ds18b20.o(i.initDS18B20)
    i.initDSP                                0x08002c60   Section        0  stm32f0xx_emu.o(i.initDSP)
    i.initEEPROM                             0x08002c6c   Section        0  stm32f051_flash.o(i.initEEPROM)
    i.initSysTick1ms                         0x08002c74   Section        0  stm32f030.o(i.initSysTick1ms)
    i.initWatchdog                           0x08002ce0   Section        0  stm32f030.o(i.initWatchdog)
    i.init_power                             0x08002d08   Section        0  power.o(i.init_power)
    i.isTelComplete                          0x08002d14   Section        0  modbus.o(i.isTelComplete)
    i.isVaildTel                             0x08002d6c   Section        0  modbus.o(i.isVaildTel)
    i.leftRxdTel                             0x08002dc0   Section        0  modbus.o(i.leftRxdTel)
    i.loadConfig                             0x08002dfc   Section        0  stm32f051_flash.o(i.loadConfig)
    i.main                                   0x08002e38   Section        0  main.o(i.main)
    i.modbusLoop                             0x08002ee8   Section        0  modbus.o(i.modbusLoop)
    i.next_dds                               0x08002f58   Section        0  dds.o(i.next_dds)
    i.power_gpio_init                        0x08003250   Section        0  power.o(i.power_gpio_init)
    i.power_pwm_init                         0x08003294   Section        0  power.o(i.power_pwm_init)
    i.saveConfig                             0x080033fc   Section        0  stm32f051_flash.o(i.saveConfig)
    i.setCom                                 0x08003418   Section        0  stm32f030.o(i.setCom)
    i.startEMU                               0x080034d8   Section        0  stm32f0xx_emu.o(i.startEMU)
    i.startTxd                               0x080034e0   Section        0  stm32f030.o(i.startTxd)
    i.tab_sqrt_trig                          0x080034fc   Section        0  tab_sqrt_trig.o(i.tab_sqrt_trig)
    i.updat_freq_by_temp                     0x08003594   Section        0  main.o(i.updat_freq_by_temp)
    i.update_freq                            0x08003938   Section        0  dds.o(i.update_freq)
    x$fpl$fmul                               0x0800399c   Section      176  fmul.o(x$fpl$fmul)
    .constdata                               0x08003a4c   Section       28  tab_sqrt_trig.o(.constdata)
    x$fpl$usenofp                            0x08003a4c   Section        0  usenofp.o(x$fpl$usenofp)
    .constdata                               0x08003a68   Section      512  modbus.o(.constdata)
    .constdata                               0x08003c68   Section       64  fdiv.o(.constdata)
    fdiv_tab                                 0x08003c68   Data          64  fdiv.o(.constdata)
    .data                                    0x20000000   Section      189  main.o(.data)
    last_i                                   0x20000078   Data           4  main.o(.data)
    dir                                      0x2000007c   Data           1  main.o(.data)
    last_i                                   0x20000080   Data           4  main.o(.data)
    dir                                      0x20000084   Data           1  main.o(.data)
    last_i                                   0x20000088   Data           4  main.o(.data)
    dir                                      0x2000008c   Data           1  main.o(.data)
    last_i                                   0x20000090   Data           4  main.o(.data)
    dir                                      0x20000094   Data           1  main.o(.data)
    last_i                                   0x20000098   Data           4  main.o(.data)
    dir                                      0x2000009c   Data           1  main.o(.data)
    last_z                                   0x200000a0   Data           4  main.o(.data)
    dir                                      0x200000a4   Data           1  main.o(.data)
    hcount                                   0x200000a8   Data           4  main.o(.data)
    lcount                                   0x200000ac   Data           4  main.o(.data)
    last_q                                   0x200000b0   Data           4  main.o(.data)
    last_p                                   0x200000b4   Data           4  main.o(.data)
    ViLowCount                               0x200000b8   Data           1  main.o(.data)
    VoLowCount                               0x200000b9   Data           1  main.o(.data)
    IoHighCount                              0x200000ba   Data           1  main.o(.data)
    TiHighCount                              0x200000bb   Data           1  main.o(.data)
    TeHighCount                              0x200000bc   Data           1  main.o(.data)
    .data                                    0x200000c0   Section      224  dds.o(.data)
    .data                                    0x200001a0   Section      229  ds18b20.o(.data)
    toggle_flag                              0x2000021c   Data           1  ds18b20.o(.data)
    l                                        0x20000220   Data           4  ds18b20.o(.data)
    l                                        0x20000224   Data           4  ds18b20.o(.data)
    l                                        0x20000228   Data           4  ds18b20.o(.data)
    cc                                       0x2000022c   Data           1  ds18b20.o(.data)
    l                                        0x20000230   Data           4  ds18b20.o(.data)
    cc                                       0x20000234   Data           1  ds18b20.o(.data)
    l                                        0x20000238   Data           4  ds18b20.o(.data)
    cc                                       0x2000023c   Data           1  ds18b20.o(.data)
    l                                        0x20000240   Data           4  ds18b20.o(.data)
    cc                                       0x20000244   Data           1  ds18b20.o(.data)
    l                                        0x20000248   Data           4  ds18b20.o(.data)
    cc                                       0x2000024c   Data           1  ds18b20.o(.data)
    l                                        0x20000250   Data           4  ds18b20.o(.data)
    cc                                       0x20000254   Data           1  ds18b20.o(.data)
    l                                        0x20000258   Data           4  ds18b20.o(.data)
    cc                                       0x2000025c   Data           1  ds18b20.o(.data)
    l                                        0x20000260   Data           4  ds18b20.o(.data)
    cc                                       0x20000264   Data           1  ds18b20.o(.data)
    l                                        0x20000268   Data           4  ds18b20.o(.data)
    cc                                       0x2000026c   Data           1  ds18b20.o(.data)
    l                                        0x20000270   Data           4  ds18b20.o(.data)
    cc                                       0x20000274   Data           1  ds18b20.o(.data)
    l                                        0x20000278   Data           4  ds18b20.o(.data)
    cc                                       0x2000027c   Data           1  ds18b20.o(.data)
    l                                        0x20000280   Data           4  ds18b20.o(.data)
    cc                                       0x20000284   Data           1  ds18b20.o(.data)
    .data                                    0x20000288   Section       72  stm32f0xx_emu.o(.data)
    i                                        0x200002c8   Data           4  stm32f0xx_emu.o(.data)
    ii                                       0x200002cc   Data           4  stm32f0xx_emu.o(.data)
    .data                                    0x200002d0   Section       20  system_stm32f0xx.o(.data)
    .data                                    0x200002e4   Section        5  modbus.o(.data)
    comflag_count                            0x200002e8   Data           1  modbus.o(.data)
    .data                                    0x200002ea   Section       38  conf.o(.data)
    .data                                    0x20000310   Section       16  stm32f0xx_rcc.o(.data)
    APBAHBPrescTable                         0x20000310   Data          16  stm32f0xx_rcc.o(.data)
    .bss                                     0x20000320   Section        9  ds18b20.o(.bss)
    .bss                                     0x2000032a   Section       24  stm32f0xx_emu.o(.bss)
    .bss                                     0x20000342   Section      160  modbus.o(.bss)
    .bss                                     0x200003e4   Section       96  libspace.o(.bss)
    HEAP                                     0x20000448   Section      512  startup_stm32f031.o(HEAP)
    Heap_Mem                                 0x20000448   Data         512  startup_stm32f031.o(HEAP)
    STACK                                    0x20000648   Section     1024  startup_stm32f031.o(STACK)
    Stack_Mem                                0x20000648   Data        1024  startup_stm32f031.o(STACK)
    __initial_sp                             0x20000a48   Data           0  startup_stm32f031.o(STACK)

    Global Symbols

    Symbol Name                              Value     Ov Type        Size  Object(Section)

    BuildAttributes$$THM_ISAv3M$S$PE$A:L22$X:L11$S22$IEEE1$IW$USESV6$~STKCKD$USESV7$~SHL$OSPACE$ROPI$EBA8$UX$STANDARDLIB$REQ8$PRES8$EABIv2 0x00000000   Number         0  anon$$obj.o ABSOLUTE
    __ARM_use_no_argv                        0x00000000   Number         0  main.o ABSOLUTE
    __ARM_exceptions_init                     - Undefined Weak Reference
    __alloca_initialize                       - Undefined Weak Reference
    __arm_preinit_                            - Undefined Weak Reference
    __cpp_initialize__aeabi_                  - Undefined Weak Reference
    __cxa_finalize                            - Undefined Weak Reference
    __rt_locale                               - Undefined Weak Reference
    __sigvec_lookup                           - Undefined Weak Reference
    _atexit_init                              - Undefined Weak Reference
    _call_atexit_fns                          - Undefined Weak Reference
    _clock_init                               - Undefined Weak Reference
    _fp_trap_init                             - Undefined Weak Reference
    _fp_trap_shutdown                         - Undefined Weak Reference
    _get_lc_collate                           - Undefined Weak Reference
    _get_lc_ctype                             - Undefined Weak Reference
    _get_lc_monetary                          - Undefined Weak Reference
    _get_lc_numeric                           - Undefined Weak Reference
    _get_lc_time                              - Undefined Weak Reference
    _getenv_init                              - Undefined Weak Reference
    _handle_redirection                       - Undefined Weak Reference
    _init_alloc                               - Undefined Weak Reference
    _init_user_alloc                          - Undefined Weak Reference
    _initio                                   - Undefined Weak Reference
    _rand_init                                - Undefined Weak Reference
    _signal_finish                            - Undefined Weak Reference
    _signal_init                              - Undefined Weak Reference
    _terminate_alloc                          - Undefined Weak Reference
    _terminate_user_alloc                     - Undefined Weak Reference
    _terminateio                              - Undefined Weak Reference
    __Vectors_Size                           0x000000b0   Number         0  startup_stm32f031.o ABSOLUTE
    __Vectors                                0x08000000   Data           4  startup_stm32f031.o(RESET)
    __Vectors_End                            0x080000b0   Data           0  startup_stm32f031.o(RESET)
    __main                                   0x080000b1   Thumb Code     8  __main.o(!!!main)
    __scatterload                            0x080000b9   Thumb Code     0  __scatter.o(!!!scatter)
    __scatterload_rt2                        0x080000b9   Thumb Code    52  __scatter.o(!!!scatter)
    __scatterload_rt2_thumb_only             0x080000b9   Thumb Code     0  __scatter.o(!!!scatter)
    __scatterload_null                       0x080000c9   Thumb Code     0  __scatter.o(!!!scatter)
    __scatterload_zeroinit                   0x080000f5   Thumb Code    28  __scatter_zi.o(!!handler_zi)
    __rt_lib_init                            0x08000111   Thumb Code     0  libinit.o(.ARM.Collect$$libinit$$00000000)
    __rt_lib_init_alloca_1                   0x08000113   Thumb Code     0  libinit2.o(.ARM.Collect$$libinit$$0000002E)
    __rt_lib_init_argv_1                     0x08000113   Thumb Code     0  libinit2.o(.ARM.Collect$$libinit$$0000002C)
    __rt_lib_init_atexit_1                   0x08000113   Thumb Code     0  libinit2.o(.ARM.Collect$$libinit$$0000001B)
    __rt_lib_init_clock_1                    0x08000113   Thumb Code     0  libinit2.o(.ARM.Collect$$libinit$$00000021)
    __rt_lib_init_cpp_1                      0x08000113   Thumb Code     0  libinit2.o(.ARM.Collect$$libinit$$00000032)
    __rt_lib_init_exceptions_1               0x08000113   Thumb Code     0  libinit2.o(.ARM.Collect$$libinit$$00000030)
    __rt_lib_init_fp_1                       0x08000113   Thumb Code     0  libinit2.o(.ARM.Collect$$libinit$$00000002)
    __rt_lib_init_fp_trap_1                  0x08000113   Thumb Code     0  libinit2.o(.ARM.Collect$$libinit$$0000001F)
    __rt_lib_init_getenv_1                   0x08000113   Thumb Code     0  libinit2.o(.ARM.Collect$$libinit$$00000023)
    __rt_lib_init_heap_1                     0x08000113   Thumb Code     0  libinit2.o(.ARM.Collect$$libinit$$0000000A)
    __rt_lib_init_lc_collate_1               0x08000113   Thumb Code     0  libinit2.o(.ARM.Collect$$libinit$$00000011)
    __rt_lib_init_lc_ctype_1                 0x08000113   Thumb Code     0  libinit2.o(.ARM.Collect$$libinit$$00000013)
    __rt_lib_init_lc_monetary_1              0x08000113   Thumb Code     0  libinit2.o(.ARM.Collect$$libinit$$00000015)
    __rt_lib_init_lc_numeric_1               0x08000113   Thumb Code     0  libinit2.o(.ARM.Collect$$libinit$$00000017)
    __rt_lib_init_lc_time_1                  0x08000113   Thumb Code     0  libinit2.o(.ARM.Collect$$libinit$$00000019)
    __rt_lib_init_preinit_1                  0x08000113   Thumb Code     0  libinit2.o(.ARM.Collect$$libinit$$00000004)
    __rt_lib_init_rand_1                     0x08000113   Thumb Code     0  libinit2.o(.ARM.Collect$$libinit$$0000000E)
    __rt_lib_init_return                     0x08000113   Thumb Code     0  libinit2.o(.ARM.Collect$$libinit$$00000033)
    __rt_lib_init_signal_1                   0x08000113   Thumb Code     0  libinit2.o(.ARM.Collect$$libinit$$0000001D)
    __rt_lib_init_stdio_1                    0x08000113   Thumb Code     0  libinit2.o(.ARM.Collect$$libinit$$00000025)
    __rt_lib_init_user_alloc_1               0x08000113   Thumb Code     0  libinit2.o(.ARM.Collect$$libinit$$0000000C)
    __rt_lib_shutdown                        0x08000115   Thumb Code     0  libshutdown.o(.ARM.Collect$$libshutdown$$00000000)
    __rt_lib_shutdown_cpp_1                  0x08000117   Thumb Code     0  libshutdown2.o(.ARM.Collect$$libshutdown$$00000002)
    __rt_lib_shutdown_fp_trap_1              0x08000117   Thumb Code     0  libshutdown2.o(.ARM.Collect$$libshutdown$$00000007)
    __rt_lib_shutdown_heap_1                 0x08000117   Thumb Code     0  libshutdown2.o(.ARM.Collect$$libshutdown$$0000000F)
    __rt_lib_shutdown_return                 0x08000117   Thumb Code     0  libshutdown2.o(.ARM.Collect$$libshutdown$$00000010)
    __rt_lib_shutdown_signal_1               0x08000117   Thumb Code     0  libshutdown2.o(.ARM.Collect$$libshutdown$$0000000A)
    __rt_lib_shutdown_stdio_1                0x08000117   Thumb Code     0  libshutdown2.o(.ARM.Collect$$libshutdown$$00000004)
    __rt_lib_shutdown_user_alloc_1           0x08000117   Thumb Code     0  libshutdown2.o(.ARM.Collect$$libshutdown$$0000000C)
    __rt_entry                               0x08000119   Thumb Code     0  __rtentry.o(.ARM.Collect$$rtentry$$00000000)
    __rt_entry_presh_1                       0x08000119   Thumb Code     0  __rtentry2.o(.ARM.Collect$$rtentry$$00000002)
    __rt_entry_sh                            0x08000119   Thumb Code     0  __rtentry4.o(.ARM.Collect$$rtentry$$00000004)
    __rt_entry_li                            0x0800011f   Thumb Code     0  __rtentry2.o(.ARM.Collect$$rtentry$$0000000A)
    __rt_entry_postsh_1                      0x0800011f   Thumb Code     0  __rtentry2.o(.ARM.Collect$$rtentry$$00000009)
    __rt_entry_main                          0x08000123   Thumb Code     0  __rtentry2.o(.ARM.Collect$$rtentry$$0000000D)
    __rt_entry_postli_1                      0x08000123   Thumb Code     0  __rtentry2.o(.ARM.Collect$$rtentry$$0000000C)
    __rt_exit                                0x0800012b   Thumb Code     0  rtexit.o(.ARM.Collect$$rtexit$$00000000)
    __rt_exit_ls                             0x0800012d   Thumb Code     0  rtexit2.o(.ARM.Collect$$rtexit$$00000003)
    __rt_exit_prels_1                        0x0800012d   Thumb Code     0  rtexit2.o(.ARM.Collect$$rtexit$$00000002)
    __rt_exit_exit                           0x08000131   Thumb Code     0  rtexit2.o(.ARM.Collect$$rtexit$$00000004)
    Reset_Handler                            0x08000139   Thumb Code     8  startup_stm32f031.o(.text)
    ADC1_IRQHandler                          0x0800014b   Thumb Code     0  startup_stm32f031.o(.text)
    DMA1_Channel2_3_IRQHandler               0x0800014b   Thumb Code     0  startup_stm32f031.o(.text)
    DMA1_Channel4_5_IRQHandler               0x0800014b   Thumb Code     0  startup_stm32f031.o(.text)
    EXTI0_1_IRQHandler                       0x0800014b   Thumb Code     0  startup_stm32f031.o(.text)
    EXTI2_3_IRQHandler                       0x0800014b   Thumb Code     0  startup_stm32f031.o(.text)
    EXTI4_15_IRQHandler                      0x0800014b   Thumb Code     0  startup_stm32f031.o(.text)
    FLASH_IRQHandler                         0x0800014b   Thumb Code     0  startup_stm32f031.o(.text)
    I2C1_IRQHandler                          0x0800014b   Thumb Code     0  startup_stm32f031.o(.text)
    RCC_IRQHandler                           0x0800014b   Thumb Code     0  startup_stm32f031.o(.text)
    RTC_IRQHandler                           0x0800014b   Thumb Code     0  startup_stm32f031.o(.text)
    SPI1_IRQHandler                          0x0800014b   Thumb Code     0  startup_stm32f031.o(.text)
    TIM14_IRQHandler                         0x0800014b   Thumb Code     0  startup_stm32f031.o(.text)
    TIM17_IRQHandler                         0x0800014b   Thumb Code     0  startup_stm32f031.o(.text)
    TIM1_CC_IRQHandler                       0x0800014b   Thumb Code     0  startup_stm32f031.o(.text)
    WWDG_IRQHandler                          0x0800014b   Thumb Code     0  startup_stm32f031.o(.text)
    __user_initial_stackheap                 0x0800014d   Thumb Code     0  startup_stm32f031.o(.text)
    __aeabi_lmul                             0x08000171   Thumb Code    48  llmul.o(.text)
    _ll_mul                                  0x08000171   Thumb Code     0  llmul.o(.text)
    __aeabi_uldivmod                         0x080001a1   Thumb Code   258  lludiv.o(.text)
    _ll_udiv                                 0x080001a1   Thumb Code     0  lludiv.o(.text)
    __aeabi_uidiv                            0x080002a3   Thumb Code     0  aeabi_sdiv.o(.text)
    __aeabi_uidivmod                         0x080002a3   Thumb Code    20  aeabi_sdiv.o(.text)
    __aeabi_idiv                             0x080002b7   Thumb Code     0  aeabi_sdiv.o(.text)
    __aeabi_idivmod                          0x080002b7   Thumb Code   326  aeabi_sdiv.o(.text)
    __use_two_region_memory                  0x080003fd   Thumb Code     2  heapauxi.o(.text)
    __rt_heap_escrow$2region                 0x080003ff   Thumb Code     2  heapauxi.o(.text)
    __rt_heap_expand$2region                 0x08000401   Thumb Code     2  heapauxi.o(.text)
    __aeabi_fdiv                             0x08000405   Thumb Code     0  fdiv.o(.text)
    _fdiv                                    0x08000405   Thumb Code   334  fdiv.o(.text)
    _frdiv                                   0x08000553   Thumb Code     8  fdiv.o(.text)
    __aeabi_f2uiz                            0x08000565   Thumb Code     0  ffixui.o(.text)
    _ffixu                                   0x08000565   Thumb Code    48  ffixui.o(.text)
    __aeabi_i2f_normalise                    0x08000595   Thumb Code    72  fflti.o(.text)
    __aeabi_i2f                              0x080005dd   Thumb Code    16  fflti.o(.text)
    _fflt                                    0x080005dd   Thumb Code     0  fflti.o(.text)
    __aeabi_ui2f                             0x080005ed   Thumb Code     6  fflti.o(.text)
    _ffltu                                   0x080005ed   Thumb Code     0  fflti.o(.text)
    __user_setup_stackheap                   0x080005f3   Thumb Code    62  sys_stackheap_outer.o(.text)
    exit                                     0x08000631   Thumb Code    16  exit.o(.text)
    __user_libspace                          0x08000641   Thumb Code     8  libspace.o(.text)
    __user_perproc_libspace                  0x08000641   Thumb Code     0  libspace.o(.text)
    __user_perthread_libspace                0x08000641   Thumb Code     0  libspace.o(.text)
    _sys_exit                                0x08000649   Thumb Code     8  sys_exit.o(.text)
    __I$use$semihosting                      0x08000655   Thumb Code     0  use_no_semi.o(.text)
    __use_no_semihosting_swi                 0x08000655   Thumb Code     2  use_no_semi.o(.text)
    __decompress                             0x08000657   Thumb Code     0  __dczerorl2.o(.text)
    __decompress1                            0x08000657   Thumb Code    86  __dczerorl2.o(.text)
    __semihosting_library_function           0x08000657   Thumb Code     0  indicate_semi.o(.text)
    ADC1_DMA_Init                            0x080006ad   Thumb Code   254  stm32f0xx_emu.o(i.ADC1_DMA_Init)
    ADC_ChannelConfig                        0x080007bd   Thumb Code    24  stm32f0xx_adc.o(i.ADC_ChannelConfig)
    ADC_Cmd                                  0x080007d5   Thumb Code    24  stm32f0xx_adc.o(i.ADC_Cmd)
    ADC_DMACmd                               0x080007ed   Thumb Code    24  stm32f0xx_adc.o(i.ADC_DMACmd)
    ADC_DMARequestModeConfig                 0x08000805   Thumb Code    16  stm32f0xx_adc.o(i.ADC_DMARequestModeConfig)
    ADC_DeInit                               0x08000815   Thumb Code    28  stm32f0xx_adc.o(i.ADC_DeInit)
    ADC_GetCalibrationFactor                 0x08000835   Thumb Code    60  stm32f0xx_adc.o(i.ADC_GetCalibrationFactor)
    ADC_GetFlagStatus                        0x08000871   Thumb Code    48  stm32f0xx_adc.o(i.ADC_GetFlagStatus)
    ADC_Init                                 0x080008a1   Thumb Code    40  stm32f0xx_adc.o(i.ADC_Init)
    ADC_StartOfConversion                    0x080008cd   Thumb Code    10  stm32f0xx_adc.o(i.ADC_StartOfConversion)
    ADC_StructInit                           0x080008d7   Thumb Code    16  stm32f0xx_adc.o(i.ADC_StructInit)
    ADC_TempSensorCmd                        0x080008e9   Thumb Code    36  stm32f0xx_adc.o(i.ADC_TempSensorCmd)
    CRC16ISR0                                0x08000911   Thumb Code    46  modbus.o(i.CRC16ISR0)
    CRC16ISR1                                0x08000949   Thumb Code    46  modbus.o(i.CRC16ISR1)
    DMA1_Channel1_IRQHandler                 0x080009c3   Thumb Code    24  stm32f0xx_emu.o(i.DMA1_Channel1_IRQHandler)
    DMA_ClearITPendingBit                    0x080009dd   Thumb Code    22  stm32f0xx_dma.o(i.DMA_ClearITPendingBit)
    DMA_Cmd                                  0x080009fd   Thumb Code    24  stm32f0xx_dma.o(i.DMA_Cmd)
    DMA_DeInit                               0x08000a19   Thumb Code   342  stm32f0xx_dma.o(i.DMA_DeInit)
    DMA_GetITStatus                          0x08000b7d   Thumb Code    42  stm32f0xx_dma.o(i.DMA_GetITStatus)
    DMA_ITConfig                             0x08000bb1   Thumb Code    20  stm32f0xx_dma.o(i.DMA_ITConfig)
    DMA_Init                                 0x08000bc5   Thumb Code    58  stm32f0xx_dma.o(i.DMA_Init)
    DS18B20_DELAY2S                          0x08000c05   Thumb Code    40  ds18b20.o(i.DS18B20_DELAY2S)
    DS18B20_GPIO_Config                      0x08000c3d   Thumb Code    36  ds18b20.o(i.DS18B20_GPIO_Config)
    DS18B20_INIT                             0x08000c61   Thumb Code   154  ds18b20.o(i.DS18B20_INIT)
    DS18B20_LOOP                             0x08000d0d   Thumb Code    90  ds18b20.o(i.DS18B20_LOOP)
    DS18B20_Mode_IPU                         0x08000d85   Thumb Code    54  ds18b20.o(i.DS18B20_Mode_IPU)
    DS18B20_Mode_OD                          0x08000dbb   Thumb Code    92  ds18b20.o(i.DS18B20_Mode_OD)
    DS18B20_READ_DATA0                       0x08000e19   Thumb Code   196  ds18b20.o(i.DS18B20_READ_DATA0)
    DS18B20_READ_DATA1                       0x08000ef9   Thumb Code   196  ds18b20.o(i.DS18B20_READ_DATA1)
    DS18B20_READ_DATA2                       0x08000fd9   Thumb Code   196  ds18b20.o(i.DS18B20_READ_DATA2)
    DS18B20_READ_DATA3                       0x080010b9   Thumb Code   196  ds18b20.o(i.DS18B20_READ_DATA3)
    DS18B20_READ_DATA4                       0x08001199   Thumb Code   196  ds18b20.o(i.DS18B20_READ_DATA4)
    DS18B20_READ_DATA5                       0x08001279   Thumb Code   196  ds18b20.o(i.DS18B20_READ_DATA5)
    DS18B20_READ_DATA6                       0x08001359   Thumb Code   196  ds18b20.o(i.DS18B20_READ_DATA6)
    DS18B20_READ_DATA7                       0x08001439   Thumb Code   196  ds18b20.o(i.DS18B20_READ_DATA7)
    DS18B20_READ_DATA8                       0x08001519   Thumb Code   196  ds18b20.o(i.DS18B20_READ_DATA8)
    DS18B20_WRITE_44                         0x080015f9   Thumb Code   136  ds18b20.o(i.DS18B20_WRITE_44)
    DS18B20_WRITE_BE                         0x08001695   Thumb Code   136  ds18b20.o(i.DS18B20_WRITE_BE)
    DS18B20_WRITE_CC                         0x08001731   Thumb Code   136  ds18b20.o(i.DS18B20_WRITE_CC)
    Disable485TXD                            0x080017cd   Thumb Code     2  stm32f030.o(i.Disable485TXD)
    EXTI_ClearITPendingBit                   0x080017d1   Thumb Code     6  stm32f0xx_exti.o(i.EXTI_ClearITPendingBit)
    EarsePage                                0x080017dd   Thumb Code    20  stm32f051_flash.o(i.EarsePage)
    Enable485TXD                             0x080017f1   Thumb Code     2  stm32f030.o(i.Enable485TXD)
    FLASH_ErasePage                          0x080017f5   Thumb Code    72  stm32f0xx_flash.o(i.FLASH_ErasePage)
    FLASH_GetStatus                          0x08001841   Thumb Code    54  stm32f0xx_flash.o(i.FLASH_GetStatus)
    FLASH_Lock                               0x0800187d   Thumb Code    14  stm32f0xx_flash.o(i.FLASH_Lock)
    FLASH_ProgramHalfWord                    0x08001891   Thumb Code    62  stm32f0xx_flash.o(i.FLASH_ProgramHalfWord)
    FLASH_Unlock                             0x080018d5   Thumb Code    24  stm32f0xx_flash.o(i.FLASH_Unlock)
    FLASH_WaitForLastOperation               0x080018f9   Thumb Code    40  stm32f0xx_flash.o(i.FLASH_WaitForLastOperation)
    GPIO_Init                                0x08001921   Thumb Code   144  stm32f0xx_gpio.o(i.GPIO_Init)
    GPIO_PinAFConfig                         0x080019b1   Thumb Code    68  stm32f0xx_gpio.o(i.GPIO_PinAFConfig)
    GPIO_ResetBits                           0x080019f5   Thumb Code     4  stm32f0xx_gpio.o(i.GPIO_ResetBits)
    GPIO_SetBits                             0x080019f9   Thumb Code     4  stm32f0xx_gpio.o(i.GPIO_SetBits)
    HardFault_Handler                        0x080019fd   Thumb Code     4  stm32f0xx_it.o(i.HardFault_Handler)
    IWDG_Enable                              0x08001a01   Thumb Code     8  stm32f0xx_iwdg.o(i.IWDG_Enable)
    IWDG_ReloadCounter                       0x08001a11   Thumb Code     8  stm32f0xx_iwdg.o(i.IWDG_ReloadCounter)
    IWDG_SetPrescaler                        0x08001a21   Thumb Code     6  stm32f0xx_iwdg.o(i.IWDG_SetPrescaler)
    IWDG_SetReload                           0x08001a2d   Thumb Code     6  stm32f0xx_iwdg.o(i.IWDG_SetReload)
    IWDG_WriteAccessCmd                      0x08001a39   Thumb Code     6  stm32f0xx_iwdg.o(i.IWDG_WriteAccessCmd)
    NMI_Handler                              0x08001a45   Thumb Code     2  stm32f0xx_it.o(i.NMI_Handler)
    NVIC_Init                                0x08001a49   Thumb Code   106  stm32f0xx_misc.o(i.NVIC_Init)
    On1ms                                    0x08001ab9   Thumb Code     8  main.o(i.On1ms)
    OnGetData03                              0x08001ac5   Thumb Code   488  modbus.o(i.OnGetData03)
    OnSetData06                              0x08001ccd   Thumb Code   382  modbus.o(i.OnSetData06)
    OnTimer18B20_1                           0x08001e6d   Thumb Code    16  ds18b20.o(i.OnTimer18B20_1)
    PVD_IRQHandler                           0x08001e85   Thumb Code    26  stm32f0xx_emu.o(i.PVD_IRQHandler)
    PendSV_Handler                           0x08001ea5   Thumb Code     2  stm32f0xx_it.o(i.PendSV_Handler)
    RCC_AHBPeriphClockCmd                    0x08001ea9   Thumb Code    28  stm32f0xx_rcc.o(i.RCC_AHBPeriphClockCmd)
    RCC_APB1PeriphClockCmd                   0x08001ec9   Thumb Code    28  stm32f0xx_rcc.o(i.RCC_APB1PeriphClockCmd)
    RCC_APB2PeriphClockCmd                   0x08001ee9   Thumb Code    28  stm32f0xx_rcc.o(i.RCC_APB2PeriphClockCmd)
    RCC_APB2PeriphResetCmd                   0x08001f09   Thumb Code    28  stm32f0xx_rcc.o(i.RCC_APB2PeriphResetCmd)
    RCC_GetClocksFreq                        0x08001f29   Thumb Code   554  stm32f0xx_rcc.o(i.RCC_GetClocksFreq)
    RDBYTES                                  0x08002175   Thumb Code    32  stm32f051_flash.o(i.RDBYTES)
    RxdByte                                  0x08002195   Thumb Code   166  modbus.o(i.RxdByte)
    SVC_Handler                              0x0800224d   Thumb Code     2  stm32f0xx_it.o(i.SVC_Handler)
    SysTick_Handler                          0x080022d9   Thumb Code     8  stm32f030.o(i.SysTick_Handler)
    SystemInit                               0x080022e1   Thumb Code   110  system_stm32f0xx.o(i.SystemInit)
    TIM16_IRQHandler                         0x0800235d   Thumb Code    28  ds18b20.o(i.TIM16_IRQHandler)
    TIM1_BRK_UP_TRG_COM_IRQHandler           0x0800237d   Thumb Code    30  stm32f0xx_emu.o(i.TIM1_BRK_UP_TRG_COM_IRQHandler)
    TIM2_IRQHandler                          0x080023a1   Thumb Code    90  main.o(i.TIM2_IRQHandler)
    TIM3_IRQHandler                          0x08002405   Thumb Code    78  main.o(i.TIM3_IRQHandler)
    TIM_ClearITPendingBit                    0x08002461   Thumb Code     6  stm32f0xx_tim.o(i.TIM_ClearITPendingBit)
    TIM_Cmd                                  0x08002469   Thumb Code    24  stm32f0xx_tim.o(i.TIM_Cmd)
    TIM_CtrlPWMOutputs                       0x08002485   Thumb Code    34  stm32f0xx_tim.o(i.TIM_CtrlPWMOutputs)
    TIM_GetITStatus                          0x080024a7   Thumb Code    38  stm32f0xx_tim.o(i.TIM_GetITStatus)
    TIM_ITConfig                             0x080024cd   Thumb Code    20  stm32f0xx_tim.o(i.TIM_ITConfig)
    TIM_OC1Init                              0x080024e1   Thumb Code   122  stm32f0xx_tim.o(i.TIM_OC1Init)
    TIM_OC1PreloadConfig                     0x08002575   Thumb Code    20  stm32f0xx_tim.o(i.TIM_OC1PreloadConfig)
    TIM_OC2Init                              0x0800258d   Thumb Code   142  stm32f0xx_tim.o(i.TIM_OC2Init)
    TIM_OC2PreloadConfig                     0x08002639   Thumb Code    20  stm32f0xx_tim.o(i.TIM_OC2PreloadConfig)
    TIM_OCStructInit                         0x08002651   Thumb Code    20  stm32f0xx_tim.o(i.TIM_OCStructInit)
    TIM_SelectOutputTrigger                  0x08002665   Thumb Code    16  stm32f0xx_tim.o(i.TIM_SelectOutputTrigger)
    TIM_TimeBaseInit                         0x08002679   Thumb Code    90  stm32f0xx_tim.o(i.TIM_TimeBaseInit)
    USART1_IRQHandler                        0x080026f5   Thumb Code    94  stm32f030.o(i.USART1_IRQHandler)
    USART_ClearFlag                          0x08002761   Thumb Code     4  stm32f0xx_usart.o(i.USART_ClearFlag)
    USART_ClearITPendingBit                  0x08002765   Thumb Code    18  stm32f0xx_usart.o(i.USART_ClearITPendingBit)
    USART_Cmd                                0x08002777   Thumb Code    24  stm32f0xx_usart.o(i.USART_Cmd)
    USART_GetITStatus                        0x0800278f   Thumb Code    78  stm32f0xx_usart.o(i.USART_GetITStatus)
    USART_ITConfig                           0x080027dd   Thumb Code    66  stm32f0xx_usart.o(i.USART_ITConfig)
    USART_Init                               0x08002821   Thumb Code   226  stm32f0xx_usart.o(i.USART_Init)
    USART_ReceiveData                        0x08002919   Thumb Code    10  stm32f0xx_usart.o(i.USART_ReceiveData)
    USART_SendData                           0x08002923   Thumb Code     8  stm32f0xx_usart.o(i.USART_SendData)
    WRBYTES                                  0x0800292b   Thumb Code    50  stm32f051_flash.o(i.WRBYTES)
    __ARM_common_ll_muluu                    0x0800295d   Thumb Code    48  dds.o(i.__ARM_common_ll_muluu)
    __ARM_common_switch8                     0x0800298d   Thumb Code    28  modbus.o(i.__ARM_common_switch8)
    emu                                      0x08002a21   Thumb Code    64  stm32f0xx_emu.o(i.emu)
    emu_init_timer                           0x08002a71   Thumb Code    84  stm32f0xx_emu.o(i.emu_init_timer)
    getTelLength                             0x08002ac9   Thumb Code    48  modbus.o(i.getTelLength)
    getTemp                                  0x08002afd   Thumb Code    46  stm32f0xx_emu.o(i.getTemp)
    getTxdByte                               0x08002b35   Thumb Code    48  modbus.o(i.getTxdByte)
    hasByteToTxd                             0x08002b71   Thumb Code    30  modbus.o(i.hasByteToTxd)
    init485                                  0x08002b99   Thumb Code   104  stm32f030.o(i.init485)
    initDS18B20                              0x08002c05   Thumb Code    82  ds18b20.o(i.initDS18B20)
    initDSP                                  0x08002c61   Thumb Code    12  stm32f0xx_emu.o(i.initDSP)
    initEEPROM                               0x08002c6d   Thumb Code     8  stm32f051_flash.o(i.initEEPROM)
    initSysTick1ms                           0x08002c75   Thumb Code    92  stm32f030.o(i.initSysTick1ms)
    initWatchdog                             0x08002ce1   Thumb Code    30  stm32f030.o(i.initWatchdog)
    init_power                               0x08002d09   Thumb Code    12  power.o(i.init_power)
    isTelComplete                            0x08002d15   Thumb Code    80  modbus.o(i.isTelComplete)
    isVaildTel                               0x08002d6d   Thumb Code    72  modbus.o(i.isVaildTel)
    leftRxdTel                               0x08002dc1   Thumb Code    52  modbus.o(i.leftRxdTel)
    loadConfig                               0x08002dfd   Thumb Code    48  stm32f051_flash.o(i.loadConfig)
    main                                     0x08002e39   Thumb Code   156  main.o(i.main)
    modbusLoop                               0x08002ee9   Thumb Code    98  modbus.o(i.modbusLoop)
    next_dds                                 0x08002f59   Thumb Code   684  dds.o(i.next_dds)
    power_gpio_init                          0x08003251   Thumb Code    68  power.o(i.power_gpio_init)
    power_pwm_init                           0x08003295   Thumb Code   342  power.o(i.power_pwm_init)
    saveConfig                               0x080033fd   Thumb Code    20  stm32f051_flash.o(i.saveConfig)
    setCom                                   0x08003419   Thumb Code   180  stm32f030.o(i.setCom)
    startEMU                                 0x080034d9   Thumb Code     8  stm32f0xx_emu.o(i.startEMU)
    startTxd                                 0x080034e1   Thumb Code    22  stm32f030.o(i.startTxd)
    tab_sqrt_trig                            0x080034fd   Thumb Code   124  tab_sqrt_trig.o(i.tab_sqrt_trig)
    updat_freq_by_temp                       0x08003595   Thumb Code   902  main.o(i.updat_freq_by_temp)
    update_freq                              0x08003939   Thumb Code    78  dds.o(i.update_freq)
    __aeabi_fmul                             0x0800399d   Thumb Code     0  fmul.o(x$fpl$fmul)
    _fmul                                    0x0800399d   Thumb Code   172  fmul.o(x$fpl$fmul)
    __I$use$fp                               0x08003a4c   Number         0  usenofp.o(x$fpl$usenofp)
    nsqrt_mul_tab                            0x08003a4c   Data           4  tab_sqrt_trig.o(.constdata)
    psqrt_mul_tab                            0x08003a50   Data           4  tab_sqrt_trig.o(.constdata)
    nsqrt_div_tab                            0x08003a54   Data           4  tab_sqrt_trig.o(.constdata)
    psqrt_div_tab                            0x08003a58   Data           8  tab_sqrt_trig.o(.constdata)
    ndu_tab                                  0x08003a60   Data           4  tab_sqrt_trig.o(.constdata)
    pdu_tab                                  0x08003a64   Data           4  tab_sqrt_trig.o(.constdata)
    auchCRCHi                                0x08003a68   Data         256  modbus.o(.constdata)
    auchCRCLo                                0x08003b68   Data         256  modbus.o(.constdata)
    Region$$Table$$Base                      0x08003ca8   Number         0  anon$$obj.o(Region$$Table)
    Region$$Table$$Limit                     0x08003cc8   Number         0  anon$$obj.o(Region$$Table)
    parameter                                0x20000000   Data         104  main.o(.data)
    ms1                                      0x20000068   Data           1  main.o(.data)
    df_table_num                             0x2000006c   Data           4  main.o(.data)
    last_record_freq                         0x20000070   Data           4  main.o(.data)
    emu_period                               0x20000074   Data           4  main.o(.data)
    pdu0                                     0x200000c0   Data           4  dds.o(.data)
    psqrt_div0                               0x200000c4   Data           4  dds.o(.data)
    psqrt_mul0                               0x200000c8   Data           4  dds.o(.data)
    ndu0                                     0x200000cc   Data           4  dds.o(.data)
    nsqrt_div0                               0x200000d0   Data           4  dds.o(.data)
    nsqrt_mul0                               0x200000d4   Data           4  dds.o(.data)
    dphase                                   0x200000d8   Data           4  dds.o(.data)
    vsin0                                    0x200000dc   Data           4  dds.o(.data)
    vcos0                                    0x200000e0   Data           4  dds.o(.data)
    va                                       0x200000e4   Data           4  dds.o(.data)
    dds_p                                    0x200000e8   Data          72  dds.o(.data)
    dds_n                                    0x20000130   Data          72  dds.o(.data)
    dds_v_gate                               0x20000178   Data           4  dds.o(.data)
    kk                                       0x2000017c   Data           4  dds.o(.data)
    max_pw                                   0x20000180   Data           4  dds.o(.data)
    du                                       0x20000184   Data           4  dds.o(.data)
    tempt                                    0x20000188   Data           4  dds.o(.data)
    temprate                                 0x2000018c   Data           4  dds.o(.data)
    dds_start                                0x20000190   Data           4  dds.o(.data)
    kk2                                      0x20000194   Data           4  dds.o(.data)
    dfreq                                    0x20000198   Data           1  dds.o(.data)
    rate                                     0x2000019c   Data           4  dds.o(.data)
    serial_1                                 0x200001a0   Data           8  ds18b20.o(.data)
    serial_2                                 0x200001a8   Data           8  ds18b20.o(.data)
    serial_3                                 0x200001b0   Data           8  ds18b20.o(.data)
    Status18B20                              0x200001b8   Data           4  ds18b20.o(.data)
    temp                                     0x200001bc   Data           2  ds18b20.o(.data)
    h_temp                                   0x200001be   Data           1  ds18b20.o(.data)
    l_temp                                   0x200001bf   Data           1  ds18b20.o(.data)
    h_alarm_temp_user                        0x200001c0   Data           1  ds18b20.o(.data)
    l_alarm_temp_user                        0x200001c1   Data           1  ds18b20.o(.data)
    cfg_18b20                                0x200001c2   Data           1  ds18b20.o(.data)
    Reserved1                                0x200001c3   Data           1  ds18b20.o(.data)
    Reserved2                                0x200001c4   Data           1  ds18b20.o(.data)
    Reserved3                                0x200001c5   Data           1  ds18b20.o(.data)
    CRC_18B20                                0x200001c6   Data           1  ds18b20.o(.data)
    DS18B20_BIT_WR                           0x200001c7   Data           1  ds18b20.o(.data)
    DS18B20_RXD_POINT                        0x200001c8   Data           4  ds18b20.o(.data)
    DS18B20_TXDBUF                           0x200001cc   Data           1  ds18b20.o(.data)
    DS18B20_INDEX                            0x200001d0   Data           4  ds18b20.o(.data)
    sssss                                    0x200001d4   Data           1  ds18b20.o(.data)
    DS18B20_OP_TAB                           0x200001d8   Data          68  ds18b20.o(.data)
    zero_i                                   0x20000288   Data           8  stm32f0xx_emu.o(.data)
    zero_u                                   0x20000290   Data           8  stm32f0xx_emu.o(.data)
    last_u_z                                 0x20000298   Data           1  stm32f0xx_emu.o(.data)
    last_i_z                                 0x20000299   Data           1  stm32f0xx_emu.o(.data)
    last_i                                   0x2000029c   Data           4  stm32f0xx_emu.o(.data)
    last_s                                   0x200002a0   Data           4  stm32f0xx_emu.o(.data)
    last_p                                   0x200002a4   Data           4  stm32f0xx_emu.o(.data)
    last_q                                   0x200002a8   Data           4  stm32f0xx_emu.o(.data)
    last_v                                   0x200002ac   Data           4  stm32f0xx_emu.o(.data)
    last_ubase                               0x200002b0   Data           4  stm32f0xx_emu.o(.data)
    last_z                                   0x200002b4   Data           4  stm32f0xx_emu.o(.data)
    last_temp                                0x200002b8   Data           4  stm32f0xx_emu.o(.data)
    last_ev                                  0x200002bc   Data           4  stm32f0xx_emu.o(.data)
    zeroIn                                   0x200002c0   Data           4  stm32f0xx_emu.o(.data)
    zeroIp                                   0x200002c4   Data           4  stm32f0xx_emu.o(.data)
    SystemCoreClock                          0x200002d0   Data           4  system_stm32f0xx.o(.data)
    AHBPrescTable                            0x200002d4   Data          16  system_stm32f0xx.o(.data)
    TxdBytes                                 0x200002e4   Data           1  modbus.o(.data)
    RxdBytes                                 0x200002e5   Data           1  modbus.o(.data)
    TxdTelBytes                              0x200002e6   Data           1  modbus.o(.data)
    ReceivedTel                              0x200002e7   Data           1  modbus.o(.data)
    config                                   0x200002ea   Data          36  conf.o(.data)
    CurrentStatus                            0x2000030e   Data           2  conf.o(.data)
    DS18B20_READ_DATA                        0x20000320   Data           9  ds18b20.o(.bss)
    Adc_Data                                 0x2000032a   Data          24  stm32f0xx_emu.o(.bss)
    TxdBuf                                   0x20000342   Data          64  modbus.o(.bss)
    RxdBuf                                   0x20000382   Data          48  modbus.o(.bss)
    RxdTelBuf                                0x200003b2   Data          48  modbus.o(.bss)
    __libspace_start                         0x200003e4   Data          96  libspace.o(.bss)
    __temporary_stack_top$libspace           0x20000444   Data           0  libspace.o(.bss)



==============================================================================

Memory Map of the image

  Image Entry point : 0x080000b1

  Load Region LR_IROM1 (Base: 0x08000000, Size: 0x00003fe8, Max: 0x00004000, ABSOLUTE, COMPRESSED[0x00003d94])

    Execution Region ER_IROM1 (Exec base: 0x08000000, Load base: 0x08000000, Size: 0x00003cc8, Max: 0x00004000, ABSOLUTE)

    Exec Addr    Load Addr    Size         Type   Attr      Idx    E Section Name        Object

    0x08000000   0x08000000   0x000000b0   Data   RO          397    RESET               startup_stm32f031.o
    0x080000b0   0x080000b0   0x00000008   Code   RO         3590  * !!!main             c_p.l(__main.o)
    0x080000b8   0x080000b8   0x0000003c   Code   RO         3777    !!!scatter          c_p.l(__scatter.o)
    0x080000f4   0x080000f4   0x0000001c   Code   RO         3779    !!handler_zi        c_p.l(__scatter_zi.o)
    0x08000110   0x08000110   0x00000002   Code   RO         3644    .ARM.Collect$$libinit$$00000000  c_p.l(libinit.o)
    0x08000112   0x08000112   0x00000000   Code   RO         3658    .ARM.Collect$$libinit$$00000002  c_p.l(libinit2.o)
    0x08000112   0x08000112   0x00000000   Code   RO         3660    .ARM.Collect$$libinit$$00000004  c_p.l(libinit2.o)
    0x08000112   0x08000112   0x00000000   Code   RO         3663    .ARM.Collect$$libinit$$0000000A  c_p.l(libinit2.o)
    0x08000112   0x08000112   0x00000000   Code   RO         3665    .ARM.Collect$$libinit$$0000000C  c_p.l(libinit2.o)
    0x08000112   0x08000112   0x00000000   Code   RO         3667    .ARM.Collect$$libinit$$0000000E  c_p.l(libinit2.o)
    0x08000112   0x08000112   0x00000000   Code   RO         3670    .ARM.Collect$$libinit$$00000011  c_p.l(libinit2.o)
    0x08000112   0x08000112   0x00000000   Code   RO         3672    .ARM.Collect$$libinit$$00000013  c_p.l(libinit2.o)
    0x08000112   0x08000112   0x00000000   Code   RO         3674    .ARM.Collect$$libinit$$00000015  c_p.l(libinit2.o)
    0x08000112   0x08000112   0x00000000   Code   RO         3676    .ARM.Collect$$libinit$$00000017  c_p.l(libinit2.o)
    0x08000112   0x08000112   0x00000000   Code   RO         3678    .ARM.Collect$$libinit$$00000019  c_p.l(libinit2.o)
    0x08000112   0x08000112   0x00000000   Code   RO         3680    .ARM.Collect$$libinit$$0000001B  c_p.l(libinit2.o)
    0x08000112   0x08000112   0x00000000   Code   RO         3682    .ARM.Collect$$libinit$$0000001D  c_p.l(libinit2.o)
    0x08000112   0x08000112   0x00000000   Code   RO         3684    .ARM.Collect$$libinit$$0000001F  c_p.l(libinit2.o)
    0x08000112   0x08000112   0x00000000   Code   RO         3686    .ARM.Collect$$libinit$$00000021  c_p.l(libinit2.o)
    0x08000112   0x08000112   0x00000000   Code   RO         3688    .ARM.Collect$$libinit$$00000023  c_p.l(libinit2.o)
    0x08000112   0x08000112   0x00000000   Code   RO         3690    .ARM.Collect$$libinit$$00000025  c_p.l(libinit2.o)
    0x08000112   0x08000112   0x00000000   Code   RO         3694    .ARM.Collect$$libinit$$0000002C  c_p.l(libinit2.o)
    0x08000112   0x08000112   0x00000000   Code   RO         3696    .ARM.Collect$$libinit$$0000002E  c_p.l(libinit2.o)
    0x08000112   0x08000112   0x00000000   Code   RO         3698    .ARM.Collect$$libinit$$00000030  c_p.l(libinit2.o)
    0x08000112   0x08000112   0x00000000   Code   RO         3700    .ARM.Collect$$libinit$$00000032  c_p.l(libinit2.o)
    0x08000112   0x08000112   0x00000002   Code   RO         3701    .ARM.Collect$$libinit$$00000033  c_p.l(libinit2.o)
    0x08000114   0x08000114   0x00000002   Code   RO         3732    .ARM.Collect$$libshutdown$$00000000  c_p.l(libshutdown.o)
    0x08000116   0x08000116   0x00000000   Code   RO         3758    .ARM.Collect$$libshutdown$$00000002  c_p.l(libshutdown2.o)
    0x08000116   0x08000116   0x00000000   Code   RO         3760    .ARM.Collect$$libshutdown$$00000004  c_p.l(libshutdown2.o)
    0x08000116   0x08000116   0x00000000   Code   RO         3763    .ARM.Collect$$libshutdown$$00000007  c_p.l(libshutdown2.o)
    0x08000116   0x08000116   0x00000000   Code   RO         3766    .ARM.Collect$$libshutdown$$0000000A  c_p.l(libshutdown2.o)
    0x08000116   0x08000116   0x00000000   Code   RO         3768    .ARM.Collect$$libshutdown$$0000000C  c_p.l(libshutdown2.o)
    0x08000116   0x08000116   0x00000000   Code   RO         3771    .ARM.Collect$$libshutdown$$0000000F  c_p.l(libshutdown2.o)
    0x08000116   0x08000116   0x00000002   Code   RO         3772    .ARM.Collect$$libshutdown$$00000010  c_p.l(libshutdown2.o)
    0x08000118   0x08000118   0x00000000   Code   RO         3603    .ARM.Collect$$rtentry$$00000000  c_p.l(__rtentry.o)
    0x08000118   0x08000118   0x00000000   Code   RO         3614    .ARM.Collect$$rtentry$$00000002  c_p.l(__rtentry2.o)
    0x08000118   0x08000118   0x00000006   Code   RO         3626    .ARM.Collect$$rtentry$$00000004  c_p.l(__rtentry4.o)
    0x0800011e   0x0800011e   0x00000000   Code   RO         3616    .ARM.Collect$$rtentry$$00000009  c_p.l(__rtentry2.o)
    0x0800011e   0x0800011e   0x00000004   Code   RO         3617    .ARM.Collect$$rtentry$$0000000A  c_p.l(__rtentry2.o)
    0x08000122   0x08000122   0x00000000   Code   RO         3619    .ARM.Collect$$rtentry$$0000000C  c_p.l(__rtentry2.o)
    0x08000122   0x08000122   0x00000008   Code   RO         3620    .ARM.Collect$$rtentry$$0000000D  c_p.l(__rtentry2.o)
    0x0800012a   0x0800012a   0x00000002   Code   RO         3649    .ARM.Collect$$rtexit$$00000000  c_p.l(rtexit.o)
    0x0800012c   0x0800012c   0x00000000   Code   RO         3705    .ARM.Collect$$rtexit$$00000002  c_p.l(rtexit2.o)
    0x0800012c   0x0800012c   0x00000004   Code   RO         3706    .ARM.Collect$$rtexit$$00000003  c_p.l(rtexit2.o)
    0x08000130   0x08000130   0x00000006   Code   RO         3707    .ARM.Collect$$rtexit$$00000004  c_p.l(rtexit2.o)
    0x08000136   0x08000136   0x00000002   PAD
    0x08000138   0x08000138   0x00000038   Code   RO          398    .text               startup_stm32f031.o
    0x08000170   0x08000170   0x00000030   Code   RO         3580    .text               c_p.l(llmul.o)
    0x080001a0   0x080001a0   0x00000102   Code   RO         3582    .text               c_p.l(lludiv.o)
    0x080002a2   0x080002a2   0x0000015a   Code   RO         3584    .text               c_p.l(aeabi_sdiv.o)
    0x080003fc   0x080003fc   0x00000006   Code   RO         3588    .text               c_p.l(heapauxi.o)
    0x08000402   0x08000402   0x00000002   PAD
    0x08000404   0x08000404   0x00000160   Code   RO         3592    .text               fz_ps.l(fdiv.o)
    0x08000564   0x08000564   0x00000030   Code   RO         3597    .text               fz_ps.l(ffixui.o)
    0x08000594   0x08000594   0x0000005e   Code   RO         3599    .text               fz_ps.l(fflti.o)
    0x080005f2   0x080005f2   0x0000003e   Code   RO         3630    .text               c_p.l(sys_stackheap_outer.o)
    0x08000630   0x08000630   0x00000010   Code   RO         3633    .text               c_p.l(exit.o)
    0x08000640   0x08000640   0x00000008   Code   RO         3645    .text               c_p.l(libspace.o)
    0x08000648   0x08000648   0x0000000c   Code   RO         3702    .text               c_p.l(sys_exit.o)
    0x08000654   0x08000654   0x00000002   Code   RO         3721    .text               c_p.l(use_no_semi.o)
    0x08000656   0x08000656   0x00000000   Code   RO         3723    .text               c_p.l(indicate_semi.o)
    0x08000656   0x08000656   0x00000056   Code   RO         3775    .text               c_p.l(__dczerorl2.o)
    0x080006ac   0x080006ac   0x00000110   Code   RO          607    i.ADC1_DMA_Init     stm32f0xx_emu.o
    0x080007bc   0x080007bc   0x00000018   Code   RO         1135    i.ADC_ChannelConfig  stm32f0xx_adc.o
    0x080007d4   0x080007d4   0x00000018   Code   RO         1139    i.ADC_Cmd           stm32f0xx_adc.o
    0x080007ec   0x080007ec   0x00000018   Code   RO         1141    i.ADC_DMACmd        stm32f0xx_adc.o
    0x08000804   0x08000804   0x00000010   Code   RO         1142    i.ADC_DMARequestModeConfig  stm32f0xx_adc.o
    0x08000814   0x08000814   0x00000020   Code   RO         1143    i.ADC_DeInit        stm32f0xx_adc.o
    0x08000834   0x08000834   0x0000003c   Code   RO         1145    i.ADC_GetCalibrationFactor  stm32f0xx_adc.o
    0x08000870   0x08000870   0x00000030   Code   RO         1147    i.ADC_GetFlagStatus  stm32f0xx_adc.o
    0x080008a0   0x080008a0   0x0000002c   Code   RO         1150    i.ADC_Init          stm32f0xx_adc.o
    0x080008cc   0x080008cc   0x0000000a   Code   RO         1153    i.ADC_StartOfConversion  stm32f0xx_adc.o
    0x080008d6   0x080008d6   0x00000010   Code   RO         1155    i.ADC_StructInit    stm32f0xx_adc.o
    0x080008e6   0x080008e6   0x00000002   PAD
    0x080008e8   0x080008e8   0x00000028   Code   RO         1156    i.ADC_TempSensorCmd  stm32f0xx_adc.o
    0x08000910   0x08000910   0x00000038   Code   RO          970    i.CRC16ISR0         modbus.o
    0x08000948   0x08000948   0x00000038   Code   RO          971    i.CRC16ISR1         modbus.o
    0x08000980   0x08000980   0x00000042   Code   RO          427    i.CRC8Calculate     ds18b20.o
    0x080009c2   0x080009c2   0x00000018   Code   RO          609    i.DMA1_Channel1_IRQHandler  stm32f0xx_emu.o
    0x080009da   0x080009da   0x00000002   PAD
    0x080009dc   0x080009dc   0x00000020   Code   RO         1372    i.DMA_ClearITPendingBit  stm32f0xx_dma.o
    0x080009fc   0x080009fc   0x0000001c   Code   RO         1373    i.DMA_Cmd           stm32f0xx_dma.o
    0x08000a18   0x08000a18   0x00000164   Code   RO         1374    i.DMA_DeInit        stm32f0xx_dma.o
    0x08000b7c   0x08000b7c   0x00000034   Code   RO         1377    i.DMA_GetITStatus   stm32f0xx_dma.o
    0x08000bb0   0x08000bb0   0x00000014   Code   RO         1378    i.DMA_ITConfig      stm32f0xx_dma.o
    0x08000bc4   0x08000bc4   0x00000040   Code   RO         1379    i.DMA_Init          stm32f0xx_dma.o
    0x08000c04   0x08000c04   0x00000038   Code   RO          428    i.DS18B20_DELAY2S   ds18b20.o
    0x08000c3c   0x08000c3c   0x00000024   Code   RO          429    i.DS18B20_GPIO_Config  ds18b20.o
    0x08000c60   0x08000c60   0x000000ac   Code   RO          430    i.DS18B20_INIT      ds18b20.o
    0x08000d0c   0x08000d0c   0x00000078   Code   RO          431    i.DS18B20_LOOP      ds18b20.o
    0x08000d84   0x08000d84   0x00000036   Code   RO          432    i.DS18B20_Mode_IPU  ds18b20.o
    0x08000dba   0x08000dba   0x0000005c   Code   RO          433    i.DS18B20_Mode_OD   ds18b20.o
    0x08000e16   0x08000e16   0x00000002   PAD
    0x08000e18   0x08000e18   0x000000e0   Code   RO          435    i.DS18B20_READ_DATA0  ds18b20.o
    0x08000ef8   0x08000ef8   0x000000e0   Code   RO          436    i.DS18B20_READ_DATA1  ds18b20.o
    0x08000fd8   0x08000fd8   0x000000e0   Code   RO          437    i.DS18B20_READ_DATA2  ds18b20.o
    0x080010b8   0x080010b8   0x000000e0   Code   RO          438    i.DS18B20_READ_DATA3  ds18b20.o
    0x08001198   0x08001198   0x000000e0   Code   RO          439    i.DS18B20_READ_DATA4  ds18b20.o
    0x08001278   0x08001278   0x000000e0   Code   RO          440    i.DS18B20_READ_DATA5  ds18b20.o
    0x08001358   0x08001358   0x000000e0   Code   RO          441    i.DS18B20_READ_DATA6  ds18b20.o
    0x08001438   0x08001438   0x000000e0   Code   RO          442    i.DS18B20_READ_DATA7  ds18b20.o
    0x08001518   0x08001518   0x000000e0   Code   RO          443    i.DS18B20_READ_DATA8  ds18b20.o
    0x080015f8   0x080015f8   0x0000009c   Code   RO          444    i.DS18B20_WRITE_44  ds18b20.o
    0x08001694   0x08001694   0x0000009c   Code   RO          445    i.DS18B20_WRITE_BE  ds18b20.o
    0x08001730   0x08001730   0x0000009c   Code   RO          446    i.DS18B20_WRITE_CC  ds18b20.o
    0x080017cc   0x080017cc   0x00000002   Code   RO          761    i.Disable485TXD     stm32f030.o
    0x080017ce   0x080017ce   0x00000002   PAD
    0x080017d0   0x080017d0   0x0000000c   Code   RO         1458    i.EXTI_ClearITPendingBit  stm32f0xx_exti.o
    0x080017dc   0x080017dc   0x00000014   Code   RO          917    i.EarsePage         stm32f051_flash.o
    0x080017f0   0x080017f0   0x00000002   Code   RO          762    i.Enable485TXD      stm32f030.o
    0x080017f2   0x080017f2   0x00000002   PAD
    0x080017f4   0x080017f4   0x0000004c   Code   RO         1521    i.FLASH_ErasePage   stm32f0xx_flash.o
    0x08001840   0x08001840   0x0000003c   Code   RO         1524    i.FLASH_GetStatus   stm32f0xx_flash.o
    0x0800187c   0x0800187c   0x00000014   Code   RO         1526    i.FLASH_Lock        stm32f0xx_flash.o
    0x08001890   0x08001890   0x00000044   Code   RO         1545    i.FLASH_ProgramHalfWord  stm32f0xx_flash.o
    0x080018d4   0x080018d4   0x00000024   Code   RO         1548    i.FLASH_Unlock      stm32f0xx_flash.o
    0x080018f8   0x080018f8   0x00000028   Code   RO         1549    i.FLASH_WaitForLastOperation  stm32f0xx_flash.o
    0x08001920   0x08001920   0x00000090   Code   RO         1720    i.GPIO_Init         stm32f0xx_gpio.o
    0x080019b0   0x080019b0   0x00000044   Code   RO         1721    i.GPIO_PinAFConfig  stm32f0xx_gpio.o
    0x080019f4   0x080019f4   0x00000004   Code   RO         1727    i.GPIO_ResetBits    stm32f0xx_gpio.o
    0x080019f8   0x080019f8   0x00000004   Code   RO         1728    i.GPIO_SetBits      stm32f0xx_gpio.o
    0x080019fc   0x080019fc   0x00000004   Code   RO          714    i.HardFault_Handler  stm32f0xx_it.o
    0x08001a00   0x08001a00   0x00000010   Code   RO         1811    i.IWDG_Enable       stm32f0xx_iwdg.o
    0x08001a10   0x08001a10   0x00000010   Code   RO         1813    i.IWDG_ReloadCounter  stm32f0xx_iwdg.o
    0x08001a20   0x08001a20   0x0000000c   Code   RO         1814    i.IWDG_SetPrescaler  stm32f0xx_iwdg.o
    0x08001a2c   0x08001a2c   0x0000000c   Code   RO         1815    i.IWDG_SetReload    stm32f0xx_iwdg.o
    0x08001a38   0x08001a38   0x0000000c   Code   RO         1817    i.IWDG_WriteAccessCmd  stm32f0xx_iwdg.o
    0x08001a44   0x08001a44   0x00000002   Code   RO          715    i.NMI_Handler       stm32f0xx_it.o
    0x08001a46   0x08001a46   0x00000002   PAD
    0x08001a48   0x08001a48   0x00000070   Code   RO         1867    i.NVIC_Init         stm32f0xx_misc.o
    0x08001ab8   0x08001ab8   0x0000000c   Code   RO           11    i.On1ms             main.o
    0x08001ac4   0x08001ac4   0x00000208   Code   RO          972    i.OnGetData03       modbus.o
    0x08001ccc   0x08001ccc   0x000001a0   Code   RO          975    i.OnSetData06       modbus.o
    0x08001e6c   0x08001e6c   0x00000018   Code   RO          447    i.OnTimer18B20_1    ds18b20.o
    0x08001e84   0x08001e84   0x00000020   Code   RO          610    i.PVD_IRQHandler    stm32f0xx_emu.o
    0x08001ea4   0x08001ea4   0x00000002   Code   RO          716    i.PendSV_Handler    stm32f0xx_it.o
    0x08001ea6   0x08001ea6   0x00000002   PAD
    0x08001ea8   0x08001ea8   0x00000020   Code   RO         1974    i.RCC_AHBPeriphClockCmd  stm32f0xx_rcc.o
    0x08001ec8   0x08001ec8   0x00000020   Code   RO         1976    i.RCC_APB1PeriphClockCmd  stm32f0xx_rcc.o
    0x08001ee8   0x08001ee8   0x00000020   Code   RO         1978    i.RCC_APB2PeriphClockCmd  stm32f0xx_rcc.o
    0x08001f08   0x08001f08   0x00000020   Code   RO         1979    i.RCC_APB2PeriphResetCmd  stm32f0xx_rcc.o
    0x08001f28   0x08001f28   0x0000024c   Code   RO         1988    i.RCC_GetClocksFreq  stm32f0xx_rcc.o
    0x08002174   0x08002174   0x00000020   Code   RO          918    i.RDBYTES           stm32f051_flash.o
    0x08002194   0x08002194   0x000000b8   Code   RO          976    i.RxdByte           modbus.o
    0x0800224c   0x0800224c   0x00000002   Code   RO          717    i.SVC_Handler       stm32f0xx_it.o
    0x0800224e   0x0800224e   0x00000002   PAD
    0x08002250   0x08002250   0x00000088   Code   RO          880    i.SetSysClock       system_stm32f0xx.o
    0x080022d8   0x080022d8   0x00000008   Code   RO          763    i.SysTick_Handler   stm32f030.o
    0x080022e0   0x080022e0   0x0000007c   Code   RO          882    i.SystemInit        system_stm32f0xx.o
    0x0800235c   0x0800235c   0x00000020   Code   RO          448    i.TIM16_IRQHandler  ds18b20.o
    0x0800237c   0x0800237c   0x00000024   Code   RO          611    i.TIM1_BRK_UP_TRG_COM_IRQHandler  stm32f0xx_emu.o
    0x080023a0   0x080023a0   0x00000064   Code   RO           13    i.TIM2_IRQHandler   main.o
    0x08002404   0x08002404   0x0000005c   Code   RO           14    i.TIM3_IRQHandler   main.o
    0x08002460   0x08002460   0x00000006   Code   RO         2650    i.TIM_ClearITPendingBit  stm32f0xx_tim.o
    0x08002466   0x08002466   0x00000002   PAD
    0x08002468   0x08002468   0x0000001c   Code   RO         2655    i.TIM_Cmd           stm32f0xx_tim.o
    0x08002484   0x08002484   0x00000022   Code   RO         2657    i.TIM_CtrlPWMOutputs  stm32f0xx_tim.o
    0x080024a6   0x080024a6   0x00000026   Code   RO         2676    i.TIM_GetITStatus   stm32f0xx_tim.o
    0x080024cc   0x080024cc   0x00000014   Code   RO         2680    i.TIM_ITConfig      stm32f0xx_tim.o
    0x080024e0   0x080024e0   0x00000094   Code   RO         2684    i.TIM_OC1Init       stm32f0xx_tim.o
    0x08002574   0x08002574   0x00000018   Code   RO         2687    i.TIM_OC1PreloadConfig  stm32f0xx_tim.o
    0x0800258c   0x0800258c   0x000000ac   Code   RO         2689    i.TIM_OC2Init       stm32f0xx_tim.o
    0x08002638   0x08002638   0x00000018   Code   RO         2692    i.TIM_OC2PreloadConfig  stm32f0xx_tim.o
    0x08002650   0x08002650   0x00000014   Code   RO         2702    i.TIM_OCStructInit  stm32f0xx_tim.o
    0x08002664   0x08002664   0x00000014   Code   RO         2714    i.TIM_SelectOutputTrigger  stm32f0xx_tim.o
    0x08002678   0x08002678   0x0000007c   Code   RO         2728    i.TIM_TimeBaseInit  stm32f0xx_tim.o
    0x080026f4   0x080026f4   0x0000006c   Code   RO          764    i.USART1_IRQHandler  stm32f030.o
    0x08002760   0x08002760   0x00000004   Code   RO         3210    i.USART_ClearFlag   stm32f0xx_usart.o
    0x08002764   0x08002764   0x00000012   Code   RO         3211    i.USART_ClearITPendingBit  stm32f0xx_usart.o
    0x08002776   0x08002776   0x00000018   Code   RO         3214    i.USART_Cmd         stm32f0xx_usart.o
    0x0800278e   0x0800278e   0x0000004e   Code   RO         3223    i.USART_GetITStatus  stm32f0xx_usart.o
    0x080027dc   0x080027dc   0x00000042   Code   RO         3225    i.USART_ITConfig    stm32f0xx_usart.o
    0x0800281e   0x0800281e   0x00000002   PAD
    0x08002820   0x08002820   0x000000f8   Code   RO         3226    i.USART_Init        stm32f0xx_usart.o
    0x08002918   0x08002918   0x0000000a   Code   RO         3238    i.USART_ReceiveData  stm32f0xx_usart.o
    0x08002922   0x08002922   0x00000008   Code   RO         3243    i.USART_SendData    stm32f0xx_usart.o
    0x0800292a   0x0800292a   0x00000032   Code   RO          919    i.WRBYTES           stm32f051_flash.o
    0x0800295c   0x0800295c   0x00000030   Code   RO          385    i.__ARM_common_ll_muluu  dds.o
    0x0800298c   0x0800298c   0x0000001c   Code   RO         1074    i.__ARM_common_switch8  modbus.o
    0x080029a8   0x080029a8   0x00000078   Code   RO          765    i.__NVIC_SetPriority  stm32f030.o
    0x08002a20   0x08002a20   0x00000050   Code   RO          612    i.emu               stm32f0xx_emu.o
    0x08002a70   0x08002a70   0x00000058   Code   RO          614    i.emu_init_timer    stm32f0xx_emu.o
    0x08002ac8   0x08002ac8   0x00000034   Code   RO          978    i.getTelLength      modbus.o
    0x08002afc   0x08002afc   0x00000038   Code   RO          615    i.getTemp           stm32f0xx_emu.o
    0x08002b34   0x08002b34   0x0000003c   Code   RO          979    i.getTxdByte        modbus.o
    0x08002b70   0x08002b70   0x00000028   Code   RO          980    i.hasByteToTxd      modbus.o
    0x08002b98   0x08002b98   0x0000006c   Code   RO          766    i.init485           stm32f030.o
    0x08002c04   0x08002c04   0x0000005c   Code   RO          449    i.initDS18B20       ds18b20.o
    0x08002c60   0x08002c60   0x0000000c   Code   RO          616    i.initDSP           stm32f0xx_emu.o
    0x08002c6c   0x08002c6c   0x00000008   Code   RO          920    i.initEEPROM        stm32f051_flash.o
    0x08002c74   0x08002c74   0x0000006c   Code   RO          768    i.initSysTick1ms    stm32f030.o
    0x08002ce0   0x08002ce0   0x00000028   Code   RO          769    i.initWatchdog      stm32f030.o
    0x08002d08   0x08002d08   0x0000000c   Code   RO          235    i.init_power        power.o
    0x08002d14   0x08002d14   0x00000058   Code   RO          981    i.isTelComplete     modbus.o
    0x08002d6c   0x08002d6c   0x00000054   Code   RO          982    i.isVaildTel        modbus.o
    0x08002dc0   0x08002dc0   0x0000003c   Code   RO          983    i.leftRxdTel        modbus.o
    0x08002dfc   0x08002dfc   0x0000003c   Code   RO          921    i.loadConfig        stm32f051_flash.o
    0x08002e38   0x08002e38   0x000000b0   Code   RO           17    i.main              main.o
    0x08002ee8   0x08002ee8   0x00000070   Code   RO          984    i.modbusLoop        modbus.o
    0x08002f58   0x08002f58   0x000002f8   Code   RO          319    i.next_dds          dds.o
    0x08003250   0x08003250   0x00000044   Code   RO          236    i.power_gpio_init   power.o
    0x08003294   0x08003294   0x00000168   Code   RO          237    i.power_pwm_init    power.o
    0x080033fc   0x080033fc   0x0000001c   Code   RO          922    i.saveConfig        stm32f051_flash.o
    0x08003418   0x08003418   0x000000c0   Code   RO          772    i.setCom            stm32f030.o
    0x080034d8   0x080034d8   0x00000008   Code   RO          620    i.startEMU          stm32f0xx_emu.o
    0x080034e0   0x080034e0   0x0000001c   Code   RO          774    i.startTxd          stm32f030.o
    0x080034fc   0x080034fc   0x00000098   Code   RO          404    i.tab_sqrt_trig     tab_sqrt_trig.o
    0x08003594   0x08003594   0x000003a4   Code   RO           21    i.updat_freq_by_temp  main.o
    0x08003938   0x08003938   0x00000064   Code   RO          322    i.update_freq       dds.o
    0x0800399c   0x0800399c   0x000000b0   Code   RO         3601    x$fpl$fmul          fz_ps.l(fmul.o)
    0x08003a4c   0x08003a4c   0x00000000   Code   RO         3612    x$fpl$usenofp       fz_ps.l(usenofp.o)
    0x08003a4c   0x08003a4c   0x0000001c   Data   RO          405    .constdata          tab_sqrt_trig.o
    0x08003a68   0x08003a68   0x00000200   Data   RO          986    .constdata          modbus.o
    0x08003c68   0x08003c68   0x00000040   Data   RO         3593    .constdata          fz_ps.l(fdiv.o)
    0x08003ca8   0x08003ca8   0x00000020   Data   RO         3773    Region$$Table       anon$$obj.o


    Execution Region RW_IRAM1 (Exec base: 0x20000000, Load base: 0x08003cc8, Size: 0x00000a48, Max: 0x00001000, ABSOLUTE, COMPRESSED[0x000000cc])

    Exec Addr    Load Addr    Size         Type   Attr      Idx    E Section Name        Object

    0x20000000   COMPRESSED   0x000000bd   Data   RW           24    .data               main.o
    0x200000bd   COMPRESSED   0x00000003   PAD
    0x200000c0   COMPRESSED   0x000000e0   Data   RW          323    .data               dds.o
    0x200001a0   COMPRESSED   0x000000e5   Data   RW          455    .data               ds18b20.o
    0x20000285   COMPRESSED   0x00000003   PAD
    0x20000288   COMPRESSED   0x00000048   Data   RW          622    .data               stm32f0xx_emu.o
    0x200002d0   COMPRESSED   0x00000014   Data   RW          883    .data               system_stm32f0xx.o
    0x200002e4   COMPRESSED   0x00000005   Data   RW          987    .data               modbus.o
    0x200002e9   COMPRESSED   0x00000001   PAD
    0x200002ea   COMPRESSED   0x00000026   Data   RW         1088    .data               conf.o
    0x20000310   COMPRESSED   0x00000010   Data   RW         2014    .data               stm32f0xx_rcc.o
    0x20000320        -       0x00000009   Zero   RW          454    .bss                ds18b20.o
    0x20000329   COMPRESSED   0x00000001   PAD
    0x2000032a        -       0x00000018   Zero   RW          621    .bss                stm32f0xx_emu.o
    0x20000342        -       0x000000a0   Zero   RW          985    .bss                modbus.o
    0x200003e2   COMPRESSED   0x00000002   PAD
    0x200003e4        -       0x00000060   Zero   RW         3646    .bss                c_p.l(libspace.o)
    0x20000444   COMPRESSED   0x00000004   PAD
    0x20000448        -       0x00000200   Zero   RW          396    HEAP                startup_stm32f031.o
    0x20000648        -       0x00000400   Zero   RW          395    STACK               startup_stm32f031.o


==============================================================================

Image component sizes


      Code (inc. data)   RO Data    RW Data    ZI Data      Debug   Object Name

         0          0          0         38          0       2863   conf.o
       908         98          0        224          0       4752   dds.o
      3228        398          0        229          9      13198   ds18b20.o
      1312         78          0        189          0      23882   main.o
      1756        222        512          5        160       8709   modbus.o
       440         18          0          0          0     247092   power.o
        56         26        176          0       1536        632   startup_stm32f031.o
       716         72          0          0          0      12355   stm32f030.o
       198         20          0          0          0       3511   stm32f051_flash.o
       338         12          0          0          0       6702   stm32f0xx_adc.o
       552         44          0          0          0       5079   stm32f0xx_dma.o
       608         60          0         72         24       6203   stm32f0xx_emu.o
        12          6          0          0          0        513   stm32f0xx_exti.o
       300         34          0          0          0       3369   stm32f0xx_flash.o
       220          0          0          0          0       2815   stm32f0xx_gpio.o
        10          0          0          0          0       1713   stm32f0xx_it.o
        68         34          0          0          0       2430   stm32f0xx_iwdg.o
       112          6          0          0          0        920   stm32f0xx_misc.o
       716         50          0         16          0       4151   stm32f0xx_rcc.o
       658        106          0          0          0       7726   stm32f0xx_tim.o
       456         22          0          0          0       5875   stm32f0xx_usart.o
       260         24          0         20          0       1665   system_stm32f0xx.o
       152         28         28          0          0       1594   tab_sqrt_trig.o

    ----------------------------------------------------------------------
     13096       1358        748        800       1732     367749   Object Totals
         0          0         32          0          0          0   (incl. Generated)
        20          0          0          7          3          0   (incl. Padding)

    ----------------------------------------------------------------------

      Code (inc. data)   RO Data    RW Data    ZI Data      Debug   Library Member Name

        86          0          0          0          0          0   __dczerorl2.o
         8          0          0          0          0         68   __main.o
         0          0          0          0          0          0   __rtentry.o
        12          0          0          0          0          0   __rtentry2.o
         6          0          0          0          0          0   __rtentry4.o
        60          8          0          0          0          0   __scatter.o
        28          0          0          0          0          0   __scatter_zi.o
       346          0          0          0          0         92   aeabi_sdiv.o
        16          0          0          0          0         68   exit.o
         6          0          0          0          0        136   heapauxi.o
         0          0          0          0          0          0   indicate_semi.o
         2          0          0          0          0          0   libinit.o
         2          0          0          0          0          0   libinit2.o
         2          0          0          0          0          0   libshutdown.o
         2          0          0          0          0          0   libshutdown2.o
         8          4          0          0         96         68   libspace.o
        48          0          0          0          0         72   llmul.o
       258          0          0          0          0         88   lludiv.o
         2          0          0          0          0          0   rtexit.o
        10          0          0          0          0          0   rtexit2.o
        12          4          0          0          0         60   sys_exit.o
        62          0          0          0          0         80   sys_stackheap_outer.o
         2          0          0          0          0         68   use_no_semi.o
       352         10         64          0          0         92   fdiv.o
        48          0          0          0          0         60   ffixui.o
        94          0          0          0          0         92   fflti.o
       176          4          0          0          0         80   fmul.o
         0          0          0          0          0          0   usenofp.o

    ----------------------------------------------------------------------
      1652         30         64          0        100       1124   Library Totals
         4          0          0          0          4          0   (incl. Padding)

    ----------------------------------------------------------------------

      Code (inc. data)   RO Data    RW Data    ZI Data      Debug   Library Name

       978         16          0          0         96        800   c_p.l
       670         14         64          0          0        324   fz_ps.l

    ----------------------------------------------------------------------
      1652         30         64          0        100       1124   Library Totals

    ----------------------------------------------------------------------

==============================================================================


      Code (inc. data)   RO Data    RW Data    ZI Data      Debug   

     14748       1388        812        800       1832     362609   Grand Totals
     14748       1388        812        204       1832     362609   ELF Image Totals (compressed)
     14748       1388        812        204          0          0   ROM Totals

==============================================================================

    Total RO  Size (Code + RO Data)                15560 (  15.20kB)
    Total RW  Size (RW Data + ZI Data)              2632 (   2.57kB)
    Total ROM Size (Code + RO Data + RW Data)      15764 (  15.39kB)

==============================================================================

