<html>
<body>
<pre>
<h1>µVision Build Log</h1>
<h2>Tool Versions:</h2>
IDE-Version: ¦ÌVision V5.25.2.0
Copyright (C) 2018 ARM Ltd and ARM Germany GmbH. All rights reserved.
License Information: congcong c, 22, LIC=SDAPC-7EADJ-Q06NJ-U2X9M-EMB33-199M1
 
Tool Versions:
Toolchain:       MDK-ARM Plus  Version: 5.25.2.0
Toolchain Path:  D:\Keil_v5\ARM\ARMCC\Bin
C Compiler:      Armcc.exe V5.06 update 6 (build 750)
Assembler:       Armasm.exe V5.06 update 6 (build 750)
Linker/Locator:  ArmLink.exe V5.06 update 6 (build 750)
Library Manager: ArmAr.exe V5.06 update 6 (build 750)
Hex Converter:   FromElf.exe V5.06 update 6 (build 750)
CPU DLL:         SARMCM3.DLL V5.25.2.0
Dialog DLL:      DARMCM1.DLL V1.19.1.0
Target DLL:      Segger\JL2CM3.dll V2.99.29.0
Dialog DLL:      TARMCM1.DLL V1.14.0.0
 
<h2>Project:</h2>
D:\YE1795D\1795_2W\project\pcfan(stm32f031)_2W\fan.uvprojx
Project File Date:  07/08/2019

<h2>Output:</h2>
*** Using Compiler 'V5.06 update 6 (build 750)', folder: 'D:\Keil_v5\ARM\ARMCC\Bin'
Build target 'fan'
compiling power.c...
compiling dds.c...
compiling main.c...
..\..\main\main.c(273): warning:  #550-D: variable "dv"  was set but never used
  	int32_t dv=0;
..\..\main\main.c(514): warning:  #177-D: variable "error"  was declared but never referenced
  	uint8_t error=0;
..\..\main\main.c(697): warning:  #177-D: variable "ttt"  was declared but never referenced
  	uint16 idata ttt;
..\..\main\main.c: 3 warnings, 0 errors
compiling tab_sqrt_trig.c...
compiling ds18B20.c...
..\..\main\ds18B20.c(859): warning:  #177-D: variable "toggle_flag"  was declared but never referenced
  static uint8_t toggle_flag=0;
..\..\main\ds18B20.c: 1 warning, 0 errors
compiling stm32f0xx_emu.c...
..\..\dspcpu\stm32f0xx\stm32f0xx_emu.c(261): warning:  #177-D: variable "i"  was declared but never referenced
  	static uint32_t i=0;
..\..\dspcpu\stm32f0xx\stm32f0xx_emu.c(263): warning:  #177-D: variable "putt"  was declared but never referenced
  	uint32_t putt,nutt;
..\..\dspcpu\stm32f0xx\stm32f0xx_emu.c(263): warning:  #177-D: variable "nutt"  was declared but never referenced
  	uint32_t putt,nutt;
..\..\dspcpu\stm32f0xx\stm32f0xx_emu.c: 3 warnings, 0 errors
compiling stm32f0xx_it.c...
compiling stm32f030.c...
compiling STM32F051_Flash.c...
compiling ModBus.c...
compiling conf.c...
conf.c(29): warning:  #177-D: variable "GPIO_InitStructure"  was declared but never referenced
  	GPIO_InitTypeDef GPIO_InitStructure;
conf.c: 1 warning, 0 errors
linking...
Program Size: Code=10944 RO-data=748 RW-data=632 ZI-data=1832  
FromELF: creating hex file...
".\pc_fan\obj\LQC2618.axf" - 0 Error(s), 8 Warning(s).

<h2>Software Packages used:</h2>

Package Vendor: ARM
                http://www.keil.com/pack/ARM.CMSIS.5.3.0.pack
                ARM.CMSIS.5.3.0
                CMSIS (Cortex Microcontroller Software Interface Standard)
   * Component: CORE Version: 5.1.1

Package Vendor: Keil
                http://www.keil.com/pack/Keil.STM32F0xx_DFP.2.0.0.pack
                Keil.STM32F0xx_DFP.2.0.0
                STMicroelectronics STM32F0 Series Device Support, Drivers and Examples
   * Component: Startup Version: 1.0.0

<h2>Collection of Component include folders:</h2>
  .\RTE\_fan
  D:\Keil_v5\ARM\PACK\ARM\CMSIS\5.3.0\CMSIS\Include
  D:\Keil_v5\ARM\PACK\Keil\STM32F0xx_DFP\2.0.0\Drivers\CMSIS\Device\ST\STM32F0xx\Include

<h2>Collection of Component Files used:</h2>

   * Component: ARM::CMSIS:CORE:5.1.1

   * Component: Keil.Standalone::Device:Startup:1.0.0
      Source file:   MDK\Device\Source\ARM\STM32F0xx_OPT.s
      Include file:  Drivers\CMSIS\Device\ST\STM32F0xx\Include\stm32f0xx.h
      Source file:   Drivers\CMSIS\Device\ST\STM32F0xx\Source\Templates\arm\startup_stm32f031x6.s
      Source file:   Drivers\CMSIS\Device\ST\STM32F0xx\Source\Templates\system_stm32f0xx.c
Build Time Elapsed:  00:00:04
</pre>
</body>
</html>
